
==========================================================================
finish report_tns
--------------------------------------------------------------------------
tns 0.00

==========================================================================
finish report_wns
--------------------------------------------------------------------------
wns 0.00

==========================================================================
finish report_worst_slack
--------------------------------------------------------------------------
worst slack INF

==========================================================================
finish report_clock_skew
--------------------------------------------------------------------------
Clock clk
No launch/capture paths found.


==========================================================================
finish report_checks -path_delay min
--------------------------------------------------------------------------
No paths found.

==========================================================================
finish report_checks -path_delay max
--------------------------------------------------------------------------
No paths found.

==========================================================================
finish report_checks -unconstrained
--------------------------------------------------------------------------
Startpoint: shift_amount[0] (input port)
Endpoint: out1430 (output port)
Path Group: unconstrained
Path Type: max

Fanout     Cap    Slew   Delay    Time   Description
-----------------------------------------------------------------------------
                          0.00    0.00 ^ input external delay
     1    6.52    0.00    0.00    0.00 ^ shift_amount[0] (in)
                                         shift_amount[0] (net)
                  0.00    0.00    0.00 ^ _35_/A (BUF_X4)
     7   18.26    0.01    0.02    0.02 ^ _35_/Z (BUF_X4)
                                         _03_ (net)
                  0.01    0.00    0.03 ^ _37_/A (INV_X4)
     4    6.81    0.00    0.01    0.03 v _37_/ZN (INV_X4)
                                         _05_ (net)
                  0.00    0.00    0.03 v _43_/A2 (NOR2_X1)
     1    2.30    0.02    0.03    0.06 ^ _43_/ZN (NOR2_X1)
                                         _11_ (net)
                  0.02    0.00    0.06 ^ _44_/S (MUX2_X1)
     2    5.35    0.01    0.07    0.13 v _44_/Z (MUX2_X1)
                                         _12_ (net)
                  0.01    0.00    0.13 v _45_/B1 (OAI21_X2)
     2    7.11    0.03    0.04    0.17 ^ _45_/ZN (OAI21_X2)
                                         _13_ (net)
                  0.03    0.00    0.17 ^ _70_/C2 (AOI221_X2)
     1    3.70    0.02    0.02    0.19 v _70_/ZN (AOI221_X2)
                                         net11 (net)
                  0.02    0.00    0.19 v output11/A (BUF_X1)
     1    1.24    0.01    0.03    0.22 v output11/Z (BUF_X1)
                                         out1430 (net)
                  0.01    0.00    0.22 v out1430 (out)
                                  0.22   data arrival time
-----------------------------------------------------------------------------
(Path is unconstrained)



==========================================================================
finish report_check_types -max_slew -max_cap -max_fanout -violators
--------------------------------------------------------------------------

==========================================================================
finish max_slew_check_slack
--------------------------------------------------------------------------
0.15554696321487427

==========================================================================
finish max_slew_check_limit
--------------------------------------------------------------------------
0.1985349953174591

==========================================================================
finish max_slew_check_slack_limit
--------------------------------------------------------------------------
0.7835

==========================================================================
finish max_fanout_check_slack
--------------------------------------------------------------------------
1.0000000150474662e+30

==========================================================================
finish max_fanout_check_limit
--------------------------------------------------------------------------
1.0000000150474662e+30

==========================================================================
finish max_capacitance_check_slack
--------------------------------------------------------------------------
17.3701114654541

==========================================================================
finish max_capacitance_check_limit
--------------------------------------------------------------------------
20.904499053955078

==========================================================================
finish max_capacitance_check_slack_limit
--------------------------------------------------------------------------
0.8309

==========================================================================
finish max_slew_violation_count
--------------------------------------------------------------------------
max slew violation count 0

==========================================================================
finish max_fanout_violation_count
--------------------------------------------------------------------------
max fanout violation count 0

==========================================================================
finish max_cap_violation_count
--------------------------------------------------------------------------
max cap violation count 0

==========================================================================
finish setup_violation_count
--------------------------------------------------------------------------
setup violation count 0

==========================================================================
finish hold_violation_count
--------------------------------------------------------------------------
hold violation count 0

==========================================================================
finish critical path delay
--------------------------------------------------------------------------
-1

==========================================================================
finish critical path slack
--------------------------------------------------------------------------
0

==========================================================================
finish slack div critical path delay
--------------------------------------------------------------------------
0.000000

==========================================================================
finish report_power
--------------------------------------------------------------------------
Group                  Internal  Switching    Leakage      Total
                          Power      Power      Power      Power (Watts)
----------------------------------------------------------------
Sequential             0.00e+00   0.00e+00   0.00e+00   0.00e+00   0.0%
Combinational          1.94e-05   2.02e-05   1.61e-06   4.13e-05 100.0%
Clock                  0.00e+00   0.00e+00   0.00e+00   0.00e+00   0.0%
Macro                  0.00e+00   0.00e+00   0.00e+00   0.00e+00   0.0%
Pad                    0.00e+00   0.00e+00   0.00e+00   0.00e+00   0.0%
----------------------------------------------------------------
Total                  1.94e-05   2.02e-05   1.61e-06   4.13e-05 100.0%
                          47.1%      49.0%       3.9%
