
==========================================================================
finish report_tns
--------------------------------------------------------------------------
tns 0.00

==========================================================================
finish report_wns
--------------------------------------------------------------------------
wns 0.00

==========================================================================
finish report_worst_slack
--------------------------------------------------------------------------
worst slack INF

==========================================================================
finish report_clock_skew
--------------------------------------------------------------------------
Clock clk
No launch/capture paths found.


==========================================================================
finish report_checks -path_delay min
--------------------------------------------------------------------------
No paths found.

==========================================================================
finish report_checks -path_delay max
--------------------------------------------------------------------------
No paths found.

==========================================================================
finish report_checks -unconstrained
--------------------------------------------------------------------------
Startpoint: float_a[7] (input port)
Endpoint: out4620 (output port)
Path Group: unconstrained
Path Type: max

Fanout     Cap    Slew   Delay    Time   Description
-----------------------------------------------------------------------------
                          0.00    0.00 ^ input external delay
     1    2.00    0.00    0.00    0.00 ^ float_a[7] (in)
                                         float_a[7] (net)
                  0.00    0.00    0.00 ^ input14/A (BUF_X1)
     2    3.69    0.01    0.02    0.02 ^ input14/Z (BUF_X1)
                                         net14 (net)
                  0.01    0.00    0.02 ^ _1008_/A (INV_X1)
     1    3.15    0.01    0.01    0.03 v _1008_/ZN (INV_X1)
                                         _0519_ (net)
                  0.01    0.00    0.03 v _1186_/A (HA_X1)
     2    4.86    0.01    0.03    0.07 v _1186_/CO (HA_X1)
                                         _0520_ (net)
                  0.01    0.00    0.07 v _0624_/A (INV_X1)
     3   11.37    0.03    0.04    0.10 ^ _0624_/ZN (INV_X1)
                                         _0481_ (net)
                  0.03    0.00    0.10 ^ _1174_/CI (FA_X1)
     2    3.63    0.02    0.10    0.20 v _1174_/S (FA_X1)
                                         _0483_ (net)
                  0.02    0.00    0.20 v _0623_/A (INV_X1)
     3   11.68    0.03    0.04    0.24 ^ _0623_/ZN (INV_X1)
                                         _0522_ (net)
                  0.03    0.00    0.24 ^ _1187_/B (HA_X1)
     4    7.19    0.02    0.05    0.29 ^ _1187_/CO (HA_X1)
                                         _0523_ (net)
                  0.02    0.00    0.29 ^ _0670_/A (INV_X1)
     2    4.96    0.01    0.02    0.31 v _0670_/ZN (INV_X1)
                                         _0045_ (net)
                  0.01    0.00    0.31 v _0686_/A (XNOR2_X1)
     1    3.43    0.02    0.04    0.35 v _0686_/ZN (XNOR2_X1)
                                         _0061_ (net)
                  0.02    0.00    0.35 v _0687_/A3 (NOR3_X2)
     3    8.49    0.04    0.07    0.42 ^ _0687_/ZN (NOR3_X2)
                                         _0062_ (net)
                  0.04    0.00    0.42 ^ _0689_/A3 (NAND3_X1)
     1    2.81    0.02    0.03    0.45 v _0689_/ZN (NAND3_X1)
                                         _0064_ (net)
                  0.02    0.00    0.45 v _0691_/B1 (OAI21_X2)
     2    8.03    0.03    0.04    0.49 ^ _0691_/ZN (OAI21_X2)
                                         _0066_ (net)
                  0.03    0.00    0.49 ^ _0692_/A (BUF_X4)
    10   26.88    0.02    0.04    0.53 ^ _0692_/Z (BUF_X4)
                                         _0067_ (net)
                  0.02    0.00    0.53 ^ _0696_/A1 (AND3_X1)
     2    5.26    0.02    0.05    0.59 ^ _0696_/ZN (AND3_X1)
                                         _0071_ (net)
                  0.02    0.00    0.59 ^ _0739_/B2 (OAI221_X2)
     5   11.80    0.03    0.05    0.63 v _0739_/ZN (OAI221_X2)
                                         _0114_ (net)
                  0.03    0.00    0.63 v _0740_/A (CLKBUF_X3)
    10   20.22    0.02    0.06    0.69 v _0740_/Z (CLKBUF_X3)
                                         _0115_ (net)
                  0.02    0.00    0.69 v _0776_/S (MUX2_X1)
     1    1.00    0.01    0.05    0.74 ^ _0776_/Z (MUX2_X1)
                                         _0143_ (net)
                  0.01    0.00    0.74 ^ _0778_/A (MUX2_X1)
     2    2.80    0.01    0.04    0.78 ^ _0778_/Z (MUX2_X1)
                                         _0145_ (net)
                  0.01    0.00    0.78 ^ _0992_/B (MUX2_X1)
     3    5.48    0.02    0.05    0.83 ^ _0992_/Z (MUX2_X1)
                                         _0345_ (net)
                  0.02    0.00    0.83 ^ _1034_/A2 (NOR2_X1)
     1    3.59    0.01    0.02    0.84 v _1034_/ZN (NOR2_X1)
                                         _0363_ (net)
                  0.01    0.00    0.84 v _1035_/A3 (NOR3_X2)
     2    7.16    0.04    0.07    0.91 ^ _1035_/ZN (NOR3_X2)
                                         _0529_ (net)
                  0.04    0.00    0.91 ^ _1189_/A (HA_X1)
     3    5.75    0.02    0.05    0.96 ^ _1189_/CO (HA_X1)
                                         _0531_ (net)
                  0.02    0.00    0.96 ^ _1007_/A (INV_X1)
     1    3.80    0.01    0.01    0.97 v _1007_/ZN (INV_X1)
                                         _0484_ (net)
                  0.01    0.00    0.97 v _1175_/A (FA_X1)
     1    2.06    0.01    0.11    1.08 ^ _1175_/S (FA_X1)
                                         _0488_ (net)
                  0.01    0.00    1.08 ^ _0851_/A (INV_X1)
     1    1.57    0.00    0.01    1.09 v _0851_/ZN (INV_X1)
                                         _0209_ (net)
                  0.00    0.00    1.09 v _0852_/B (MUX2_X2)
     4    8.55    0.01    0.06    1.15 v _0852_/Z (MUX2_X2)
                                         _0210_ (net)
                  0.01    0.00    1.15 v _0901_/A (INV_X1)
     4    9.66    0.02    0.03    1.19 ^ _0901_/ZN (INV_X1)
                                         _0542_ (net)
                  0.02    0.00    1.19 ^ _1193_/B (HA_X1)
     3    6.17    0.02    0.05    1.23 ^ _1193_/CO (HA_X1)
                                         _0543_ (net)
                  0.02    0.00    1.23 ^ _0884_/A1 (AND2_X2)
     6   13.85    0.02    0.05    1.28 ^ _0884_/ZN (AND2_X2)
                                         _0242_ (net)
                  0.02    0.00    1.28 ^ _0885_/A3 (NAND3_X2)
     3    9.45    0.02    0.03    1.31 v _0885_/ZN (NAND3_X2)
                                         _0243_ (net)
                  0.02    0.00    1.31 v _0916_/A2 (NOR2_X1)
     1    1.87    0.02    0.03    1.35 ^ _0916_/ZN (NOR2_X1)
                                         _0273_ (net)
                  0.02    0.00    1.35 ^ _0918_/B1 (OAI21_X1)
     1    1.79    0.01    0.02    1.36 v _0918_/ZN (OAI21_X1)
                                         _0275_ (net)
                  0.01    0.00    1.36 v _0919_/B1 (OAI33_X1)
     2    8.91    0.11    0.12    1.49 ^ _0919_/ZN (OAI33_X1)
                                         _0276_ (net)
                  0.11    0.00    1.49 ^ max_cap49/A (BUF_X2)
     2    6.11    0.01    0.04    1.52 ^ max_cap49/Z (BUF_X2)
                                         net49 (net)
                  0.01    0.00    1.52 ^ _0920_/A4 (AND4_X4)
     6   23.76    0.02    0.07    1.59 ^ _0920_/ZN (AND4_X4)
                                         _0277_ (net)
                  0.02    0.00    1.59 ^ _0921_/B2 (AOI22_X4)
     4   13.04    0.02    0.03    1.62 v _0921_/ZN (AOI22_X4)
                                         _0278_ (net)
                  0.02    0.00    1.62 v _0922_/A (INV_X1)
     2    5.49    0.02    0.03    1.65 ^ _0922_/ZN (INV_X1)
                                         _0579_ (net)
                  0.02    0.00    1.65 ^ _1204_/B (HA_X1)
     1    1.54    0.01    0.03    1.68 ^ _1204_/CO (HA_X1)
                                         _0580_ (net)
                  0.01    0.00    1.68 ^ _0959_/A (CLKBUF_X3)
     9   21.48    0.02    0.04    1.72 ^ _0959_/Z (CLKBUF_X3)
                                         _0313_ (net)
                  0.02    0.00    1.72 ^ _0968_/A1 (NAND3_X2)
     1    5.88    0.01    0.03    1.75 v _0968_/ZN (NAND3_X2)
                                         _0322_ (net)
                  0.01    0.00    1.75 v _0980_/A (AOI21_X4)
     2   10.18    0.03    0.05    1.79 ^ _0980_/ZN (AOI21_X4)
                                         _0334_ (net)
                  0.03    0.00    1.79 ^ _0982_/A1 (NOR2_X4)
     7   22.97    0.01    0.02    1.81 v _0982_/ZN (NOR2_X4)
                                         _0336_ (net)
                  0.01    0.00    1.81 v _0986_/A2 (NOR3_X4)
     3   11.46    0.04    0.06    1.87 ^ _0986_/ZN (NOR3_X4)
                                         _0586_ (net)
                  0.04    0.00    1.87 ^ _1000_/A (AOI21_X1)
     1    3.64    0.02    0.02    1.89 v _1000_/ZN (AOI21_X1)
                                         _0353_ (net)
                  0.02    0.00    1.89 v _1001_/A3 (NOR3_X2)
     1    6.64    0.04    0.07    1.96 ^ _1001_/ZN (NOR3_X2)
                                         _0583_ (net)
                  0.04    0.00    1.96 ^ _1205_/B (HA_X1)
     3    7.71    0.02    0.05    2.02 ^ _1205_/CO (HA_X1)
                                         _0584_ (net)
                  0.02    0.00    2.02 ^ _1206_/B (HA_X1)
     2    4.53    0.01    0.04    2.06 ^ _1206_/CO (HA_X1)
                                         _0587_ (net)
                  0.01    0.00    2.06 ^ _1068_/A1 (NAND2_X1)
     1    3.27    0.01    0.02    2.08 v _1068_/ZN (NAND2_X1)
                                         _0389_ (net)
                  0.01    0.00    2.08 v _1069_/A2 (NOR2_X2)
     5    8.82    0.03    0.04    2.12 ^ _1069_/ZN (NOR2_X2)
                                         _0390_ (net)
                  0.03    0.00    2.12 ^ _1092_/A1 (AND2_X1)
     2    8.52    0.02    0.05    2.17 ^ _1092_/ZN (AND2_X1)
                                         _0413_ (net)
                  0.02    0.00    2.17 ^ _1108_/B1 (AOI21_X4)
     5   11.39    0.01    0.02    2.19 v _1108_/ZN (AOI21_X4)
                                         _0622_ (net)
                  0.01    0.00    2.19 v _1217_/B (HA_X1)
     2    4.69    0.01    0.04    2.23 v _1217_/CO (HA_X1)
                                         _0495_ (net)
                  0.01    0.00    2.23 v _1177_/CI (FA_X1)
     2    4.07    0.02    0.07    2.30 v _1177_/CO (FA_X1)
                                         _0496_ (net)
                  0.02    0.00    2.30 v _1154_/B2 (AOI21_X1)
     1    2.01    0.02    0.04    2.34 ^ _1154_/ZN (AOI21_X1)
                                         _0465_ (net)
                  0.02    0.00    2.34 ^ _1155_/B1 (OAI21_X1)
     2    4.56    0.01    0.02    2.36 v _1155_/ZN (OAI21_X1)
                                         _0466_ (net)
                  0.01    0.00    2.36 v _1161_/B1 (AOI21_X1)
     1    2.33    0.02    0.03    2.39 ^ _1161_/ZN (AOI21_X1)
                                         _0470_ (net)
                  0.02    0.00    2.39 ^ _1162_/A (INV_X1)
     1    2.14    0.01    0.01    2.40 v _1162_/ZN (INV_X1)
                                         _0471_ (net)
                  0.01    0.00    2.40 v _1163_/B1 (AOI21_X1)
     1    3.09    0.03    0.03    2.44 ^ _1163_/ZN (AOI21_X1)
                                         _0472_ (net)
                  0.03    0.00    2.44 ^ _1164_/B (XNOR2_X1)
     1    1.17    0.02    0.04    2.48 ^ _1164_/ZN (XNOR2_X1)
                                         net46 (net)
                  0.02    0.00    2.48 ^ output46/A (BUF_X1)
     1    0.90    0.01    0.02    2.50 ^ output46/Z (BUF_X1)
                                         out4620 (net)
                  0.01    0.00    2.50 ^ out4620 (out)
                                  2.50   data arrival time
-----------------------------------------------------------------------------
(Path is unconstrained)



==========================================================================
finish report_check_types -max_slew -max_cap -max_fanout -violators
--------------------------------------------------------------------------

==========================================================================
finish max_slew_check_slack
--------------------------------------------------------------------------
0.0878145694732666

==========================================================================
finish max_slew_check_limit
--------------------------------------------------------------------------
0.1985349953174591

==========================================================================
finish max_slew_check_slack_limit
--------------------------------------------------------------------------
0.4423

==========================================================================
finish max_fanout_check_slack
--------------------------------------------------------------------------
1.0000000150474662e+30

==========================================================================
finish max_fanout_check_limit
--------------------------------------------------------------------------
1.0000000150474662e+30

==========================================================================
finish max_capacitance_check_slack
--------------------------------------------------------------------------
2.5718131065368652

==========================================================================
finish max_capacitance_check_limit
--------------------------------------------------------------------------
11.482199668884277

==========================================================================
finish max_capacitance_check_slack_limit
--------------------------------------------------------------------------
0.2240

==========================================================================
finish max_slew_violation_count
--------------------------------------------------------------------------
max slew violation count 0

==========================================================================
finish max_fanout_violation_count
--------------------------------------------------------------------------
max fanout violation count 0

==========================================================================
finish max_cap_violation_count
--------------------------------------------------------------------------
max cap violation count 0

==========================================================================
finish setup_violation_count
--------------------------------------------------------------------------
setup violation count 0

==========================================================================
finish hold_violation_count
--------------------------------------------------------------------------
hold violation count 0

==========================================================================
finish critical path delay
--------------------------------------------------------------------------
-1

==========================================================================
finish critical path slack
--------------------------------------------------------------------------
0

==========================================================================
finish slack div critical path delay
--------------------------------------------------------------------------
0.000000

==========================================================================
finish report_power
--------------------------------------------------------------------------
Group                  Internal  Switching    Leakage      Total
                          Power      Power      Power      Power (Watts)
----------------------------------------------------------------
Sequential             0.00e+00   0.00e+00   0.00e+00   0.00e+00   0.0%
Combinational          8.76e-04   8.44e-04   2.57e-05   1.75e-03 100.0%
Clock                  0.00e+00   0.00e+00   0.00e+00   0.00e+00   0.0%
Macro                  0.00e+00   0.00e+00   0.00e+00   0.00e+00   0.0%
Pad                    0.00e+00   0.00e+00   0.00e+00   0.00e+00   0.0%
----------------------------------------------------------------
Total                  8.76e-04   8.44e-04   2.57e-05   1.75e-03 100.0%
                          50.2%      48.3%       1.5%
