
==========================================================================
finish report_tns
--------------------------------------------------------------------------
tns 0.00

==========================================================================
finish report_wns
--------------------------------------------------------------------------
wns 0.00

==========================================================================
finish report_worst_slack
--------------------------------------------------------------------------
worst slack INF

==========================================================================
finish report_clock_skew
--------------------------------------------------------------------------
Clock clk
No launch/capture paths found.


==========================================================================
finish report_checks -path_delay min
--------------------------------------------------------------------------
No paths found.

==========================================================================
finish report_checks -path_delay max
--------------------------------------------------------------------------
No paths found.

==========================================================================
finish report_checks -unconstrained
--------------------------------------------------------------------------
Startpoint: float_a[3] (input port)
Endpoint: out1287[0] (output port)
Path Group: unconstrained
Path Type: max

Fanout     Cap    Slew   Delay    Time   Description
-----------------------------------------------------------------------------
                          0.00    0.00 ^ input external delay
     1    1.82    0.00    0.00    0.00 ^ float_a[3] (in)
                                         float_a[3] (net)
                  0.00    0.00    0.00 ^ input4/A (BUF_X1)
     2    5.99    0.02    0.03    0.03 ^ input4/Z (BUF_X1)
                                         net4 (net)
                  0.02    0.00    0.03 ^ _34_/A (INV_X1)
     1    3.31    0.01    0.01    0.04 v _34_/ZN (INV_X1)
                                         _31_ (net)
                  0.01    0.00    0.04 v _74_/A (HA_X1)
     2    4.76    0.01    0.03    0.07 v _74_/CO (HA_X1)
                                         _16_ (net)
                  0.01    0.00    0.07 v _69_/CI (FA_X1)
     2    8.11    0.02    0.08    0.16 v _69_/CO (FA_X1)
                                         _17_ (net)
                  0.02    0.00    0.16 v _42_/B2 (OAI21_X2)
     1    6.58    0.03    0.04    0.20 ^ _42_/ZN (OAI21_X2)
                                         _02_ (net)
                  0.03    0.00    0.20 ^ _43_/B1 (AOI21_X4)
     5   14.25    0.02    0.02    0.22 v _43_/ZN (AOI21_X4)
                                         _03_ (net)
                  0.02    0.00    0.22 v _44_/A (BUF_X8)
    10   22.51    0.01    0.03    0.25 v _44_/Z (BUF_X8)
                                         net22 (net)
                  0.01    0.00    0.26 v _66_/S (MUX2_X1)
     1    4.57    0.01    0.05    0.31 v _66_/Z (MUX2_X1)
                                         net30 (net)
                  0.01    0.00    0.31 v output30/A (BUF_X1)
     1    1.11    0.01    0.03    0.34 v output30/Z (BUF_X1)
                                         out1287[0] (net)
                  0.01    0.00    0.34 v out1287[0] (out)
                                  0.34   data arrival time
-----------------------------------------------------------------------------
(Path is unconstrained)



==========================================================================
finish report_check_types -max_slew -max_cap -max_fanout -violators
--------------------------------------------------------------------------

==========================================================================
finish max_slew_check_slack
--------------------------------------------------------------------------
0.1337892860174179

==========================================================================
finish max_slew_check_limit
--------------------------------------------------------------------------
0.1985349953174591

==========================================================================
finish max_slew_check_slack_limit
--------------------------------------------------------------------------
0.6739

==========================================================================
finish max_fanout_check_slack
--------------------------------------------------------------------------
1.0000000150474662e+30

==========================================================================
finish max_fanout_check_limit
--------------------------------------------------------------------------
1.0000000150474662e+30

==========================================================================
finish max_capacitance_check_slack
--------------------------------------------------------------------------
13.954157829284668

==========================================================================
finish max_capacitance_check_limit
--------------------------------------------------------------------------
25.253299713134766

==========================================================================
finish max_capacitance_check_slack_limit
--------------------------------------------------------------------------
0.5526

==========================================================================
finish max_slew_violation_count
--------------------------------------------------------------------------
max slew violation count 0

==========================================================================
finish max_fanout_violation_count
--------------------------------------------------------------------------
max fanout violation count 0

==========================================================================
finish max_cap_violation_count
--------------------------------------------------------------------------
max cap violation count 0

==========================================================================
finish setup_violation_count
--------------------------------------------------------------------------
setup violation count 0

==========================================================================
finish hold_violation_count
--------------------------------------------------------------------------
hold violation count 0

==========================================================================
finish critical path delay
--------------------------------------------------------------------------
-1

==========================================================================
finish critical path slack
--------------------------------------------------------------------------
0

==========================================================================
finish slack div critical path delay
--------------------------------------------------------------------------
0.000000

==========================================================================
finish report_power
--------------------------------------------------------------------------
Group                  Internal  Switching    Leakage      Total
                          Power      Power      Power      Power (Watts)
----------------------------------------------------------------
Sequential             0.00e+00   0.00e+00   0.00e+00   0.00e+00   0.0%
Combinational          6.94e-05   5.40e-05   2.43e-06   1.26e-04 100.0%
Clock                  0.00e+00   0.00e+00   0.00e+00   0.00e+00   0.0%
Macro                  0.00e+00   0.00e+00   0.00e+00   0.00e+00   0.0%
Pad                    0.00e+00   0.00e+00   0.00e+00   0.00e+00   0.0%
----------------------------------------------------------------
Total                  6.94e-05   5.40e-05   2.43e-06   1.26e-04 100.0%
                          55.1%      42.9%       1.9%
