
==========================================================================
finish report_tns
--------------------------------------------------------------------------
tns 0.00

==========================================================================
finish report_wns
--------------------------------------------------------------------------
wns 0.00

==========================================================================
finish report_worst_slack
--------------------------------------------------------------------------
worst slack INF

==========================================================================
finish report_clock_skew
--------------------------------------------------------------------------
Clock clk
No launch/capture paths found.


==========================================================================
finish report_checks -path_delay min
--------------------------------------------------------------------------
No paths found.

==========================================================================
finish report_checks -path_delay max
--------------------------------------------------------------------------
No paths found.

==========================================================================
finish report_checks -unconstrained
--------------------------------------------------------------------------
Startpoint: mant_aligned[0] (input port)
Endpoint: tmp17634[24]$_SDFF_PP0_ (rising edge-triggered flip-flop)
Path Group: unconstrained
Path Type: max

Fanout     Cap    Slew   Delay    Time   Description
-----------------------------------------------------------------------------
                          0.00    0.00 v input external delay
     1    1.55    0.00    0.00    0.00 v mant_aligned[0] (in)
                                         mant_aligned[0] (net)
                  0.00    0.00    0.00 v input1/A (BUF_X1)
     2    5.89    0.01    0.03    0.03 v input1/Z (BUF_X1)
                                         net1 (net)
                  0.01    0.00    0.03 v _0620_/A3 (NOR3_X1)
     2    4.31    0.04    0.07    0.10 ^ _0620_/ZN (NOR3_X1)
                                         _0033_ (net)
                  0.04    0.00    0.10 ^ _0623_/A1 (NAND2_X1)
     2    4.60    0.02    0.03    0.13 v _0623_/ZN (NAND2_X1)
                                         _0036_ (net)
                  0.02    0.00    0.13 v _0624_/A3 (NOR3_X1)
     2    4.49    0.05    0.07    0.20 ^ _0624_/ZN (NOR3_X1)
                                         _0037_ (net)
                  0.05    0.00    0.20 ^ _0627_/A1 (NAND2_X1)
     2    2.64    0.02    0.02    0.23 v _0627_/ZN (NAND2_X1)
                                         _0040_ (net)
                  0.02    0.00    0.23 v _0628_/A2 (OR2_X1)
     4    8.23    0.02    0.07    0.29 v _0628_/ZN (OR2_X1)
                                         _0041_ (net)
                  0.02    0.00    0.29 v _0632_/A1 (OR2_X1)
     4    6.84    0.01    0.06    0.35 v _0632_/ZN (OR2_X1)
                                         _0045_ (net)
                  0.01    0.00    0.35 v _0662_/A3 (NOR3_X1)
     1    2.71    0.03    0.06    0.41 ^ _0662_/ZN (NOR3_X1)
                                         _0069_ (net)
                  0.03    0.00    0.41 ^ _0663_/B (XNOR2_X1)
     1    1.40    0.01    0.02    0.43 v _0663_/ZN (XNOR2_X1)
                                         _0070_ (net)
                  0.01    0.00    0.43 v _0664_/A2 (AND2_X1)
     1    3.15    0.01    0.04    0.47 v _0664_/ZN (AND2_X1)
                                         _0551_ (net)
                  0.01    0.00    0.47 v _1156_/A (HA_X1)
     1    1.86    0.01    0.05    0.52 v _1156_/S (HA_X1)
                                         _0553_ (net)
                  0.01    0.00    0.52 v _0857_/A (BUF_X2)
     5   11.28    0.01    0.03    0.55 v _0857_/Z (BUF_X2)
                                         _0238_ (net)
                  0.01    0.00    0.55 v _0999_/B2 (AOI21_X1)
     1    3.24    0.03    0.04    0.59 ^ _0999_/ZN (AOI21_X1)
                                         _0372_ (net)
                  0.03    0.00    0.59 ^ _1001_/A (OAI21_X2)
     4    6.60    0.02    0.03    0.62 v _1001_/ZN (OAI21_X2)
                                         _0374_ (net)
                  0.02    0.00    0.62 v _1045_/A3 (OR3_X1)
     1    3.31    0.02    0.09    0.70 v _1045_/ZN (OR3_X1)
                                         _0415_ (net)
                  0.02    0.00    0.70 v _1046_/A (AOI21_X2)
     1    6.87    0.03    0.05    0.75 ^ _1046_/ZN (AOI21_X2)
                                         _0416_ (net)
                  0.03    0.00    0.75 ^ _1048_/A2 (AOI22_X4)
     3    8.27    0.02    0.02    0.77 v _1048_/ZN (AOI22_X4)
                                         _0418_ (net)
                  0.02    0.00    0.77 v _1049_/B (XOR2_X2)
     3    6.01    0.01    0.06    0.83 v _1049_/Z (XOR2_X2)
                                         _0419_ (net)
                  0.01    0.00    0.83 v _1068_/A1 (OR3_X2)
     4    7.13    0.01    0.07    0.90 v _1068_/ZN (OR3_X2)
                                         _0436_ (net)
                  0.01    0.00    0.90 v _1089_/A3 (OR3_X1)
     1    1.08    0.01    0.08    0.98 v _1089_/ZN (OR3_X1)
                                         _0455_ (net)
                  0.01    0.00    0.98 v _1090_/A4 (OR4_X1)
     1    0.94    0.02    0.11    1.10 v _1090_/ZN (OR4_X1)
                                         _0456_ (net)
                  0.02    0.00    1.10 v _1097_/A2 (AND3_X1)
     1    2.56    0.01    0.04    1.14 v _1097_/ZN (AND3_X1)
                                         _0017_ (net)
                  0.01    0.00    1.14 v tmp17634[24]$_SDFF_PP0_/D (DFF_X1)
                                  1.14   data arrival time
-----------------------------------------------------------------------------
(Path is unconstrained)



==========================================================================
finish report_check_types -max_slew -max_cap -max_fanout -violators
--------------------------------------------------------------------------

==========================================================================
finish max_slew_check_slack
--------------------------------------------------------------------------
0.1258460283279419

==========================================================================
finish max_slew_check_limit
--------------------------------------------------------------------------
0.1985349953174591

==========================================================================
finish max_slew_check_slack_limit
--------------------------------------------------------------------------
0.6339

==========================================================================
finish max_fanout_check_slack
--------------------------------------------------------------------------
1.0000000150474662e+30

==========================================================================
finish max_fanout_check_limit
--------------------------------------------------------------------------
1.0000000150474662e+30

==========================================================================
finish max_capacitance_check_slack
--------------------------------------------------------------------------
7.184372425079346

==========================================================================
finish max_capacitance_check_limit
--------------------------------------------------------------------------
10.47130012512207

==========================================================================
finish max_capacitance_check_slack_limit
--------------------------------------------------------------------------
0.6861

==========================================================================
finish max_slew_violation_count
--------------------------------------------------------------------------
max slew violation count 0

==========================================================================
finish max_fanout_violation_count
--------------------------------------------------------------------------
max fanout violation count 0

==========================================================================
finish max_cap_violation_count
--------------------------------------------------------------------------
max cap violation count 0

==========================================================================
finish setup_violation_count
--------------------------------------------------------------------------
setup violation count 0

==========================================================================
finish hold_violation_count
--------------------------------------------------------------------------
hold violation count 0

==========================================================================
finish report_checks -path_delay max reg to reg
--------------------------------------------------------------------------
No paths found.

==========================================================================
finish report_checks -path_delay min reg to reg
--------------------------------------------------------------------------
No paths found.

==========================================================================
finish critical path target clock latency max path
--------------------------------------------------------------------------
0

==========================================================================
finish critical path target clock latency min path
--------------------------------------------------------------------------
0

==========================================================================
finish critical path source clock latency min path
--------------------------------------------------------------------------
0

==========================================================================
finish critical path delay
--------------------------------------------------------------------------
-1

==========================================================================
finish critical path slack
--------------------------------------------------------------------------
0

==========================================================================
finish slack div critical path delay
--------------------------------------------------------------------------
0.000000

==========================================================================
finish report_power
--------------------------------------------------------------------------
Group                  Internal  Switching    Leakage      Total
                          Power      Power      Power      Power (Watts)
----------------------------------------------------------------
Sequential             1.34e-04   2.15e-05   2.71e-06   1.58e-04  22.3%
Combinational          2.42e-04   2.37e-04   2.16e-05   5.00e-04  70.4%
Clock                  2.15e-05   3.01e-05   1.06e-07   5.18e-05   7.3%
Macro                  0.00e+00   0.00e+00   0.00e+00   0.00e+00   0.0%
Pad                    0.00e+00   0.00e+00   0.00e+00   0.00e+00   0.0%
----------------------------------------------------------------
Total                  3.98e-04   2.88e-04   2.44e-05   7.10e-04 100.0%
                          56.0%      40.6%       3.4%
