
==========================================================================
finish report_tns
--------------------------------------------------------------------------
tns 0.00

==========================================================================
finish report_wns
--------------------------------------------------------------------------
wns 0.00

==========================================================================
finish report_worst_slack
--------------------------------------------------------------------------
worst slack INF

==========================================================================
finish report_clock_skew
--------------------------------------------------------------------------
Clock clk
No launch/capture paths found.


==========================================================================
finish report_checks -path_delay min
--------------------------------------------------------------------------
No paths found.

==========================================================================
finish report_checks -path_delay max
--------------------------------------------------------------------------
No paths found.

==========================================================================
finish report_checks -unconstrained
--------------------------------------------------------------------------
Startpoint: shift_amount[7] (input port)
Endpoint: out16766 (output port)
Path Group: unconstrained
Path Type: max

Fanout     Cap    Slew   Delay    Time   Description
-----------------------------------------------------------------------------
                          0.00    0.00 v input external delay
     1    1.73    0.00    0.00    0.00 v shift_amount[7] (in)
                                         shift_amount[7] (net)
                  0.00    0.00    0.00 v input15/A (BUF_X1)
     2    7.10    0.01    0.03    0.03 v input15/Z (BUF_X1)
                                         net15 (net)
                  0.01    0.00    0.03 v _382_/A (AOI211_X2)
     4   14.33    0.07    0.11    0.14 ^ _382_/ZN (AOI211_X2)
                                         _342_ (net)
                  0.07    0.00    0.14 ^ _383_/A (BUF_X4)
    10   30.78    0.02    0.04    0.19 ^ _383_/Z (BUF_X4)
                                         _343_ (net)
                  0.02    0.00    0.19 ^ _545_/A3 (AND3_X1)
     1    3.74    0.01    0.05    0.24 ^ _545_/ZN (AND3_X1)
                                         _126_ (net)
                  0.01    0.00    0.24 ^ _547_/B1 (OAI22_X2)
     2    4.58    0.02    0.02    0.26 v _547_/ZN (OAI22_X2)
                                         _128_ (net)
                  0.02    0.00    0.26 v _548_/C1 (AOI222_X2)
     3    7.81    0.06    0.11    0.37 ^ _548_/ZN (AOI222_X2)
                                         _129_ (net)
                  0.06    0.00    0.37 ^ _742_/A3 (NAND3_X1)
     2    5.29    0.03    0.04    0.41 v _742_/ZN (NAND3_X1)
                                         _301_ (net)
                  0.03    0.00    0.41 v _743_/A4 (NOR4_X2)
     2    5.92    0.05    0.10    0.51 ^ _743_/ZN (NOR4_X2)
                                         _302_ (net)
                  0.05    0.00    0.51 ^ _754_/A1 (NOR2_X1)
     1    3.47    0.02    0.02    0.53 v _754_/ZN (NOR2_X1)
                                         _313_ (net)
                  0.02    0.00    0.53 v _755_/B2 (OAI22_X2)
     1    3.35    0.03    0.05    0.57 ^ _755_/ZN (OAI22_X2)
                                         _314_ (net)
                  0.03    0.00    0.57 ^ _776_/A1 (NAND4_X2)
     1    4.88    0.02    0.03    0.61 v _776_/ZN (NAND4_X2)
                                         net42 (net)
                  0.02    0.00    0.61 v output42/A (BUF_X1)
     1    0.41    0.00    0.03    0.64 v output42/Z (BUF_X1)
                                         out16766 (net)
                  0.00    0.00    0.64 v out16766 (out)
                                  0.64   data arrival time
-----------------------------------------------------------------------------
(Path is unconstrained)



==========================================================================
finish report_check_types -max_slew -max_cap -max_fanout -violators
--------------------------------------------------------------------------

==========================================================================
finish max_slew_check_slack
--------------------------------------------------------------------------
0.12421053647994995

==========================================================================
finish max_slew_check_limit
--------------------------------------------------------------------------
0.1985349953174591

==========================================================================
finish max_slew_check_slack_limit
--------------------------------------------------------------------------
0.6256

==========================================================================
finish max_fanout_check_slack
--------------------------------------------------------------------------
1.0000000150474662e+30

==========================================================================
finish max_fanout_check_limit
--------------------------------------------------------------------------
1.0000000150474662e+30

==========================================================================
finish max_capacitance_check_slack
--------------------------------------------------------------------------
7.362765312194824

==========================================================================
finish max_capacitance_check_limit
--------------------------------------------------------------------------
10.47130012512207

==========================================================================
finish max_capacitance_check_slack_limit
--------------------------------------------------------------------------
0.7031

==========================================================================
finish max_slew_violation_count
--------------------------------------------------------------------------
max slew violation count 0

==========================================================================
finish max_fanout_violation_count
--------------------------------------------------------------------------
max fanout violation count 0

==========================================================================
finish max_cap_violation_count
--------------------------------------------------------------------------
max cap violation count 0

==========================================================================
finish setup_violation_count
--------------------------------------------------------------------------
setup violation count 0

==========================================================================
finish hold_violation_count
--------------------------------------------------------------------------
hold violation count 0

==========================================================================
finish critical path delay
--------------------------------------------------------------------------
-1

==========================================================================
finish critical path slack
--------------------------------------------------------------------------
0

==========================================================================
finish slack div critical path delay
--------------------------------------------------------------------------
0.000000

==========================================================================
finish report_power
--------------------------------------------------------------------------
Group                  Internal  Switching    Leakage      Total
                          Power      Power      Power      Power (Watts)
----------------------------------------------------------------
Sequential             0.00e+00   0.00e+00   0.00e+00   0.00e+00   0.0%
Combinational          1.07e-04   1.28e-04   1.67e-05   2.52e-04 100.0%
Clock                  0.00e+00   0.00e+00   0.00e+00   0.00e+00   0.0%
Macro                  0.00e+00   0.00e+00   0.00e+00   0.00e+00   0.0%
Pad                    0.00e+00   0.00e+00   0.00e+00   0.00e+00   0.0%
----------------------------------------------------------------
Total                  1.07e-04   1.28e-04   1.67e-05   2.52e-04 100.0%
                          42.5%      50.9%       6.6%
