
==========================================================================
finish report_tns
--------------------------------------------------------------------------
tns 0.00

==========================================================================
finish report_wns
--------------------------------------------------------------------------
wns 0.00

==========================================================================
finish report_worst_slack
--------------------------------------------------------------------------
worst slack INF

==========================================================================
finish report_clock_skew
--------------------------------------------------------------------------
Clock clk
No launch/capture paths found.


==========================================================================
finish report_checks -path_delay min
--------------------------------------------------------------------------
No paths found.

==========================================================================
finish report_checks -path_delay max
--------------------------------------------------------------------------
No paths found.

==========================================================================
finish report_checks -unconstrained
--------------------------------------------------------------------------
Startpoint: mant_unchanged[0] (input port)
Endpoint: out16883[2] (output port)
Path Group: unconstrained
Path Type: max

Fanout     Cap    Slew   Delay    Time   Description
-----------------------------------------------------------------------------
                          0.00    0.00 ^ input external delay
     1    1.49    0.00    0.00    0.00 ^ mant_unchanged[0] (in)
                                         mant_unchanged[0] (net)
                  0.00    0.00    0.00 ^ input25/A (BUF_X1)
     2    7.94    0.02    0.03    0.03 ^ input25/Z (BUF_X1)
                                         net25 (net)
                  0.02    0.00    0.03 ^ _1614_/A (INV_X1)
     1    3.53    0.01    0.01    0.05 v _1614_/ZN (INV_X1)
                                         _0805_ (net)
                  0.01    0.00    0.05 v _1694_/B (HA_X1)
     3    8.17    0.01    0.04    0.09 v _1694_/CO (HA_X1)
                                         _0806_ (net)
                  0.01    0.00    0.09 v _0871_/A (INV_X1)
     3    8.61    0.02    0.03    0.12 ^ _0871_/ZN (INV_X1)
                                         _0743_ (net)
                  0.02    0.00    0.12 ^ _1669_/CI (FA_X1)
     2    5.22    0.02    0.06    0.18 ^ _1669_/CO (FA_X1)
                                         _0744_ (net)
                  0.02    0.00    0.18 ^ _0908_/B1 (AOI21_X2)
     2    5.53    0.01    0.02    0.20 v _0908_/ZN (AOI21_X2)
                                         _0035_ (net)
                  0.01    0.00    0.20 v _1250_/A2 (OR2_X1)
     1    3.10    0.01    0.05    0.25 v _1250_/ZN (OR2_X1)
                                         _0375_ (net)
                  0.01    0.00    0.25 v _1253_/B2 (AOI221_X2)
     1    5.42    0.05    0.09    0.34 ^ _1253_/ZN (AOI221_X2)
                                         _0378_ (net)
                  0.05    0.00    0.34 ^ _1254_/B (XNOR2_X2)
     6   20.00    0.03    0.05    0.38 v _1254_/ZN (XNOR2_X2)
                                         _0379_ (net)
                  0.03    0.00    0.39 v _1255_/A3 (OR3_X4)
     6   24.73    0.02    0.09    0.48 v _1255_/ZN (OR3_X4)
                                         _0380_ (net)
                  0.02    0.00    0.48 v _1256_/A4 (NOR4_X4)
     7   17.57    0.07    0.11    0.59 ^ _1256_/ZN (NOR4_X4)
                                         _0381_ (net)
                  0.07    0.00    0.59 ^ _1283_/A3 (NAND4_X2)
     2    7.77    0.03    0.05    0.64 v _1283_/ZN (NAND4_X2)
                                         _0408_ (net)
                  0.03    0.00    0.64 v _1284_/A4 (NOR4_X4)
     4   10.68    0.05    0.10    0.74 ^ _1284_/ZN (NOR4_X4)
                                         _0409_ (net)
                  0.05    0.00    0.74 ^ _1554_/S (MUX2_X1)
     1    3.80    0.01    0.07    0.81 v _1554_/Z (MUX2_X1)
                                         _0656_ (net)
                  0.01    0.00    0.81 v _1557_/A2 (OAI22_X2)
     2    3.27    0.03    0.03    0.84 ^ _1557_/ZN (OAI22_X2)
                                         _0659_ (net)
                  0.03    0.00    0.84 ^ _1558_/A3 (AND3_X1)
     3    7.00    0.02    0.06    0.91 ^ _1558_/ZN (AND3_X1)
                                         _0660_ (net)
                  0.02    0.00    0.91 ^ _1574_/A2 (AND4_X1)
     3    6.78    0.02    0.07    0.98 ^ _1574_/ZN (AND4_X1)
                                         _0676_ (net)
                  0.02    0.00    0.98 ^ _1590_/A1 (NOR2_X2)
     2    8.31    0.01    0.02    1.00 v _1590_/ZN (NOR2_X2)
                                         _0867_ (net)
                  0.01    0.00    1.00 v _1719_/A (HA_X1)
     1    4.35    0.01    0.03    1.03 v _1719_/CO (HA_X1)
                                         _0869_ (net)
                  0.01    0.00    1.03 v _1656_/A (XOR2_X2)
     1    4.43    0.01    0.05    1.08 v _1656_/Z (XOR2_X2)
                                         _0729_ (net)
                  0.01    0.00    1.08 v _1657_/A2 (NOR2_X1)
     1    1.24    0.01    0.03    1.11 ^ _1657_/ZN (NOR2_X1)
                                         net78 (net)
                  0.01    0.00    1.11 ^ output78/A (BUF_X1)
     1    0.46    0.00    0.02    1.13 ^ output78/Z (BUF_X1)
                                         out16883[2] (net)
                  0.00    0.00    1.13 ^ out16883[2] (out)
                                  1.13   data arrival time
-----------------------------------------------------------------------------
(Path is unconstrained)



==========================================================================
finish report_check_types -max_slew -max_cap -max_fanout -violators
--------------------------------------------------------------------------

==========================================================================
finish max_slew_check_slack
--------------------------------------------------------------------------
0.10452276468276978

==========================================================================
finish max_slew_check_limit
--------------------------------------------------------------------------
0.1985349953174591

==========================================================================
finish max_slew_check_slack_limit
--------------------------------------------------------------------------
0.5265

==========================================================================
finish max_fanout_check_slack
--------------------------------------------------------------------------
1.0000000150474662e+30

==========================================================================
finish max_fanout_check_limit
--------------------------------------------------------------------------
1.0000000150474662e+30

==========================================================================
finish max_capacitance_check_slack
--------------------------------------------------------------------------
4.854212284088135

==========================================================================
finish max_capacitance_check_limit
--------------------------------------------------------------------------
11.482199668884277

==========================================================================
finish max_capacitance_check_slack_limit
--------------------------------------------------------------------------
0.4228

==========================================================================
finish max_slew_violation_count
--------------------------------------------------------------------------
max slew violation count 0

==========================================================================
finish max_fanout_violation_count
--------------------------------------------------------------------------
max fanout violation count 0

==========================================================================
finish max_cap_violation_count
--------------------------------------------------------------------------
max cap violation count 0

==========================================================================
finish setup_violation_count
--------------------------------------------------------------------------
setup violation count 0

==========================================================================
finish hold_violation_count
--------------------------------------------------------------------------
hold violation count 0

==========================================================================
finish critical path delay
--------------------------------------------------------------------------
-1

==========================================================================
finish critical path slack
--------------------------------------------------------------------------
0

==========================================================================
finish slack div critical path delay
--------------------------------------------------------------------------
0.000000

==========================================================================
finish report_power
--------------------------------------------------------------------------
Group                  Internal  Switching    Leakage      Total
                          Power      Power      Power      Power (Watts)
----------------------------------------------------------------
Sequential             0.00e+00   0.00e+00   0.00e+00   0.00e+00   0.0%
Combinational          4.74e-04   5.48e-04   3.68e-05   1.06e-03 100.0%
Clock                  0.00e+00   0.00e+00   0.00e+00   0.00e+00   0.0%
Macro                  0.00e+00   0.00e+00   0.00e+00   0.00e+00   0.0%
Pad                    0.00e+00   0.00e+00   0.00e+00   0.00e+00   0.0%
----------------------------------------------------------------
Total                  4.74e-04   5.48e-04   3.68e-05   1.06e-03 100.0%
                          44.8%      51.7%       3.5%
