
==========================================================================
finish report_tns
--------------------------------------------------------------------------
tns 0.00

==========================================================================
finish report_wns
--------------------------------------------------------------------------
wns 0.00

==========================================================================
finish report_worst_slack
--------------------------------------------------------------------------
worst slack INF

==========================================================================
finish report_clock_skew
--------------------------------------------------------------------------
Clock clk
No launch/capture paths found.


==========================================================================
finish report_checks -path_delay min
--------------------------------------------------------------------------
No paths found.

==========================================================================
finish report_checks -path_delay max
--------------------------------------------------------------------------
No paths found.

==========================================================================
finish report_checks -unconstrained
--------------------------------------------------------------------------
Startpoint: float_a[3] (input port)
Endpoint: out634 (output port)
Path Group: unconstrained
Path Type: max

Fanout     Cap    Slew   Delay    Time   Description
-----------------------------------------------------------------------------
                          0.00    0.00 v input external delay
     1    2.66    0.00    0.00    0.00 v float_a[3] (in)
                                         float_a[3] (net)
                  0.00    0.00    0.00 v input4/A (BUF_X1)
     2    4.51    0.01    0.03    0.03 v input4/Z (BUF_X1)
                                         net4 (net)
                  0.01    0.00    0.03 v _452_/A (INV_X1)
     1    3.41    0.01    0.02    0.04 ^ _452_/ZN (INV_X1)
                                         _255_ (net)
                  0.01    0.00    0.04 ^ _592_/A (HA_X1)
     3   12.21    0.03    0.06    0.10 ^ _592_/CO (HA_X1)
                                         _256_ (net)
                  0.03    0.00    0.10 ^ _326_/A (INV_X1)
     3    8.17    0.01    0.02    0.12 v _326_/ZN (INV_X1)
                                         _263_ (net)
                  0.01    0.00    0.12 v _595_/A (HA_X1)
     1    1.78    0.01    0.05    0.18 v _595_/S (HA_X1)
                                         _265_ (net)
                  0.01    0.00    0.18 v _317_/A (BUF_X2)
     6   14.18    0.01    0.04    0.21 v _317_/Z (BUF_X2)
                                         _011_ (net)
                  0.01    0.00    0.21 v _318_/A (INV_X2)
     5   11.47    0.02    0.02    0.24 ^ _318_/ZN (INV_X2)
                                         _266_ (net)
                  0.02    0.00    0.24 ^ _596_/B (HA_X1)
     1    1.53    0.02    0.05    0.28 ^ _596_/S (HA_X1)
                                         _268_ (net)
                  0.02    0.00    0.28 ^ _365_/A (CLKBUF_X2)
     5   10.81    0.02    0.04    0.33 ^ _365_/Z (CLKBUF_X2)
                                         _057_ (net)
                  0.02    0.00    0.33 ^ _409_/A (INV_X1)
     5    9.41    0.01    0.02    0.35 v _409_/ZN (INV_X1)
                                         _096_ (net)
                  0.01    0.00    0.35 v _418_/A1 (NOR3_X1)
     1    1.59    0.03    0.03    0.38 ^ _418_/ZN (NOR3_X1)
                                         _105_ (net)
                  0.03    0.00    0.38 ^ _419_/B2 (OAI21_X1)
     1    1.12    0.01    0.02    0.40 v _419_/ZN (OAI21_X1)
                                         _106_ (net)
                  0.01    0.00    0.40 v _421_/A2 (AND3_X1)
     1    2.08    0.01    0.03    0.43 v _421_/ZN (AND3_X1)
                                         _108_ (net)
                  0.01    0.00    0.43 v _422_/B2 (OAI33_X1)
     1    3.71    0.07    0.09    0.53 ^ _422_/ZN (OAI33_X1)
                                         _109_ (net)
                  0.07    0.00    0.53 ^ _423_/A (BUF_X4)
     8   14.88    0.01    0.04    0.56 ^ _423_/Z (BUF_X4)
                                         _110_ (net)
                  0.01    0.00    0.56 ^ _441_/A2 (NOR2_X1)
     1    0.94    0.01    0.01    0.57 v _441_/ZN (NOR2_X1)
                                         _128_ (net)
                  0.01    0.00    0.57 v _444_/A2 (OR3_X1)
     1    1.77    0.01    0.08    0.65 v _444_/ZN (OR3_X1)
                                         _131_ (net)
                  0.01    0.00    0.65 v _446_/B2 (OAI33_X1)
     1    4.67    0.08    0.10    0.75 ^ _446_/ZN (OAI33_X1)
                                         _291_ (net)
                  0.08    0.00    0.75 ^ _604_/A (HA_X1)
     2    4.53    0.02    0.05    0.80 ^ _604_/CO (HA_X1)
                                         _293_ (net)
                  0.02    0.00    0.80 ^ _605_/A (HA_X1)
     3    5.50    0.02    0.04    0.85 ^ _605_/CO (HA_X1)
                                         _296_ (net)
                  0.02    0.00    0.85 ^ _491_/A (INV_X1)
     2    4.69    0.01    0.01    0.86 v _491_/ZN (INV_X1)
                                         _155_ (net)
                  0.01    0.00    0.86 v _494_/A1 (NOR3_X2)
     4    8.84    0.05    0.06    0.92 ^ _494_/ZN (NOR3_X2)
                                         _158_ (net)
                  0.05    0.00    0.92 ^ _495_/A2 (NAND2_X1)
     1    4.64    0.02    0.03    0.94 v _495_/ZN (NAND2_X1)
                                         _159_ (net)
                  0.02    0.00    0.94 v _496_/B (XNOR2_X2)
     2    5.49    0.01    0.04    0.99 v _496_/ZN (XNOR2_X2)
                                         _315_ (net)
                  0.01    0.00    0.99 v _611_/B (HA_X1)
     2    3.29    0.01    0.03    1.02 v _611_/CO (HA_X1)
                                         _316_ (net)
                  0.01    0.00    1.02 v _578_/B2 (AOI21_X1)
     1    2.07    0.02    0.03    1.05 ^ _578_/ZN (AOI21_X1)
                                         _229_ (net)
                  0.02    0.00    1.05 ^ _579_/A (INV_X1)
     1    1.53    0.01    0.01    1.06 v _579_/ZN (INV_X1)
                                         _230_ (net)
                  0.01    0.00    1.06 v _580_/B1 (AOI21_X1)
     1    2.75    0.03    0.03    1.09 ^ _580_/ZN (AOI21_X1)
                                         _231_ (net)
                  0.03    0.00    1.09 ^ _581_/B (XNOR2_X1)
     1    2.30    0.02    0.04    1.14 ^ _581_/ZN (XNOR2_X1)
                                         _232_ (net)
                  0.02    0.00    1.14 ^ _583_/A (XNOR2_X1)
     1    2.15    0.02    0.04    1.18 ^ _583_/ZN (XNOR2_X1)
                                         net23 (net)
                  0.02    0.00    1.18 ^ output23/A (BUF_X1)
     1    1.18    0.01    0.02    1.20 ^ output23/Z (BUF_X1)
                                         out634 (net)
                  0.01    0.00    1.20 ^ out634 (out)
                                  1.20   data arrival time
-----------------------------------------------------------------------------
(Path is unconstrained)



==========================================================================
finish report_check_types -max_slew -max_cap -max_fanout -violators
--------------------------------------------------------------------------

==========================================================================
finish max_slew_check_slack
--------------------------------------------------------------------------
0.11927856504917145

==========================================================================
finish max_slew_check_limit
--------------------------------------------------------------------------
0.1985349953174591

==========================================================================
finish max_slew_check_slack_limit
--------------------------------------------------------------------------
0.6008

==========================================================================
finish max_fanout_check_slack
--------------------------------------------------------------------------
1.0000000150474662e+30

==========================================================================
finish max_fanout_check_limit
--------------------------------------------------------------------------
1.0000000150474662e+30

==========================================================================
finish max_capacitance_check_slack
--------------------------------------------------------------------------
6.81654167175293

==========================================================================
finish max_capacitance_check_limit
--------------------------------------------------------------------------
11.482199668884277

==========================================================================
finish max_capacitance_check_slack_limit
--------------------------------------------------------------------------
0.5937

==========================================================================
finish max_slew_violation_count
--------------------------------------------------------------------------
max slew violation count 0

==========================================================================
finish max_fanout_violation_count
--------------------------------------------------------------------------
max fanout violation count 0

==========================================================================
finish max_cap_violation_count
--------------------------------------------------------------------------
max cap violation count 0

==========================================================================
finish setup_violation_count
--------------------------------------------------------------------------
setup violation count 0

==========================================================================
finish hold_violation_count
--------------------------------------------------------------------------
hold violation count 0

==========================================================================
finish report_checks -path_delay max reg to reg
--------------------------------------------------------------------------
No paths found.

==========================================================================
finish report_checks -path_delay min reg to reg
--------------------------------------------------------------------------
No paths found.

==========================================================================
finish critical path target clock latency max path
--------------------------------------------------------------------------
0

==========================================================================
finish critical path target clock latency min path
--------------------------------------------------------------------------
0

==========================================================================
finish critical path source clock latency min path
--------------------------------------------------------------------------
0

==========================================================================
finish critical path delay
--------------------------------------------------------------------------
-1

==========================================================================
finish critical path slack
--------------------------------------------------------------------------
0

==========================================================================
finish slack div critical path delay
--------------------------------------------------------------------------
0.000000

==========================================================================
finish report_power
--------------------------------------------------------------------------
Group                  Internal  Switching    Leakage      Total
                          Power      Power      Power      Power (Watts)
----------------------------------------------------------------
Sequential             9.37e-05   2.54e-05   5.41e-07   1.20e-04   6.0%
Combinational          9.71e-04   8.23e-04   1.12e-05   1.81e-03  90.9%
Clock                  4.31e-05   1.89e-05   1.03e-07   6.21e-05   3.1%
Macro                  0.00e+00   0.00e+00   0.00e+00   0.00e+00   0.0%
Pad                    0.00e+00   0.00e+00   0.00e+00   0.00e+00   0.0%
----------------------------------------------------------------
Total                  1.11e-03   8.68e-04   1.18e-05   1.99e-03 100.0%
                          55.7%      43.7%       0.6%
