
==========================================================================
finish report_tns
--------------------------------------------------------------------------
tns 0.00

==========================================================================
finish report_wns
--------------------------------------------------------------------------
wns 0.00

==========================================================================
finish report_worst_slack
--------------------------------------------------------------------------
worst slack INF

==========================================================================
finish report_clock_skew
--------------------------------------------------------------------------
Clock clk
No launch/capture paths found.


==========================================================================
finish report_checks -path_delay min
--------------------------------------------------------------------------
No paths found.

==========================================================================
finish report_checks -path_delay max
--------------------------------------------------------------------------
No paths found.

==========================================================================
finish report_checks -unconstrained
--------------------------------------------------------------------------
Startpoint: float_a[3] (input port)
Endpoint: out278 (output port)
Path Group: unconstrained
Path Type: max

Fanout     Cap    Slew   Delay    Time   Description
-----------------------------------------------------------------------------
                          0.00    0.00 v input external delay
     1    1.97    0.00    0.00    0.00 v float_a[3] (in)
                                         float_a[3] (net)
                  0.00    0.00    0.00 v input4/A (BUF_X1)
     2    3.92    0.01    0.03    0.03 v input4/Z (BUF_X1)
                                         net4 (net)
                  0.01    0.00    0.03 v _449_/A (INV_X1)
     1    3.32    0.01    0.02    0.04 ^ _449_/ZN (INV_X1)
                                         _234_ (net)
                  0.01    0.00    0.04 ^ _553_/A (HA_X1)
     1    1.72    0.01    0.03    0.07 ^ _553_/CO (HA_X1)
                                         _235_ (net)
                  0.01    0.00    0.07 ^ _305_/A (INV_X1)
     3    7.14    0.01    0.01    0.09 v _305_/ZN (INV_X1)
                                         _208_ (net)
                  0.01    0.00    0.09 v _546_/CI (FA_X1)
     3    5.95    0.02    0.12    0.21 ^ _546_/S (FA_X1)
                                         _210_ (net)
                  0.02    0.00    0.21 ^ _295_/A (INV_X1)
     3    9.88    0.01    0.02    0.23 v _295_/ZN (INV_X1)
                                         _237_ (net)
                  0.01    0.00    0.23 v _554_/A (HA_X1)
     1    2.00    0.01    0.03    0.26 v _554_/CO (HA_X1)
                                         _238_ (net)
                  0.01    0.00    0.26 v _316_/A2 (NOR2_X1)
     2    5.22    0.03    0.05    0.31 ^ _316_/ZN (NOR2_X1)
                                         _019_ (net)
                  0.03    0.00    0.31 ^ _318_/A (OAI21_X1)
     1    3.12    0.01    0.03    0.33 v _318_/ZN (OAI21_X1)
                                         _021_ (net)
                  0.01    0.00    0.33 v _321_/A2 (AOI22_X2)
     4    6.22    0.03    0.04    0.38 ^ _321_/ZN (AOI22_X2)
                                         _024_ (net)
                  0.03    0.00    0.38 ^ _322_/A (CLKBUF_X3)
    10   18.72    0.02    0.05    0.43 ^ _322_/Z (CLKBUF_X3)
                                         _025_ (net)
                  0.02    0.00    0.43 ^ _323_/A2 (NAND2_X1)
     3    5.41    0.01    0.02    0.45 v _323_/ZN (NAND2_X1)
                                         _026_ (net)
                  0.01    0.00    0.45 v _339_/A1 (NOR3_X2)
     2    7.06    0.04    0.05    0.50 ^ _339_/ZN (NOR3_X2)
                                         _242_ (net)
                  0.04    0.00    0.51 ^ _557_/A (HA_X1)
     2    3.78    0.01    0.05    0.55 ^ _557_/CO (HA_X1)
                                         _247_ (net)
                  0.01    0.00    0.55 ^ _450_/A (INV_X1)
     1    2.72    0.01    0.01    0.56 v _450_/ZN (INV_X1)
                                         _218_ (net)
                  0.01    0.00    0.56 v _548_/CI (FA_X1)
     1    1.89    0.01    0.11    0.67 ^ _548_/S (FA_X1)
                                         _220_ (net)
                  0.01    0.00    0.67 ^ _349_/A2 (NAND2_X1)
     1    2.93    0.01    0.02    0.69 v _349_/ZN (NAND2_X1)
                                         _045_ (net)
                  0.01    0.00    0.69 v _350_/A (OAI21_X2)
     4    8.90    0.03    0.03    0.71 ^ _350_/ZN (OAI21_X2)
                                         _046_ (net)
                  0.03    0.00    0.71 ^ _351_/A (INV_X1)
     3    7.02    0.01    0.02    0.74 v _351_/ZN (INV_X1)
                                         _259_ (net)
                  0.01    0.00    0.74 v _561_/B (HA_X1)
     1    1.90    0.01    0.03    0.77 v _561_/CO (HA_X1)
                                         _260_ (net)
                  0.01    0.00    0.77 v _387_/A (AOI211_X4)
     6   18.09    0.01    0.12    0.89 ^ _387_/ZN (AOI211_X4)
                                         _079_ (net)
                  0.01    0.00    0.89 ^ _392_/A (XNOR2_X2)
     7   15.46    0.02    0.03    0.92 v _392_/ZN (XNOR2_X2)
                                         _084_ (net)
                  0.02    0.00    0.92 v _397_/A (AOI21_X1)
     1    1.82    0.02    0.04    0.96 ^ _397_/ZN (AOI21_X1)
                                         _089_ (net)
                  0.02    0.00    0.96 ^ _398_/A2 (NOR2_X1)
     2    5.04    0.02    0.02    0.98 v _398_/ZN (NOR2_X1)
                                         _265_ (net)
                  0.02    0.00    0.98 v _563_/A (HA_X1)
     2    3.00    0.01    0.06    1.04 v _563_/S (HA_X1)
                                         _268_ (net)
                  0.01    0.00    1.04 v _428_/A (CLKBUF_X3)
    10   19.68    0.02    0.05    1.09 v _428_/Z (CLKBUF_X3)
                                         _118_ (net)
                  0.02    0.00    1.09 v _429_/A2 (NOR2_X1)
     2    4.72    0.03    0.05    1.13 ^ _429_/ZN (NOR2_X1)
                                         _119_ (net)
                  0.03    0.00    1.13 ^ _430_/A3 (AND3_X1)
     1    3.13    0.01    0.05    1.19 ^ _430_/ZN (AND3_X1)
                                         _120_ (net)
                  0.01    0.00    1.19 ^ _431_/B1 (AOI22_X2)
     1    3.15    0.02    0.02    1.21 v _431_/ZN (AOI22_X2)
                                         _121_ (net)
                  0.02    0.00    1.21 v _432_/C2 (AOI211_X2)
     2    6.19    0.05    0.06    1.27 ^ _432_/ZN (AOI211_X2)
                                         _122_ (net)
                  0.05    0.00    1.27 ^ _433_/A2 (NOR2_X2)
     2    6.96    0.01    0.02    1.29 v _433_/ZN (NOR2_X2)
                                         _123_ (net)
                  0.01    0.00    1.29 v _442_/B1 (AOI221_X2)
     1    5.55    0.05    0.08    1.37 ^ _442_/ZN (AOI221_X2)
                                         _269_ (net)
                  0.05    0.00    1.37 ^ _564_/A (HA_X1)
     2    5.56    0.02    0.05    1.42 ^ _564_/CO (HA_X1)
                                         _271_ (net)
                  0.02    0.00    1.42 ^ _565_/B (HA_X1)
     3    4.94    0.01    0.04    1.46 ^ _565_/CO (HA_X1)
                                         _274_ (net)
                  0.01    0.00    1.46 ^ _487_/A (INV_X1)
     2    2.70    0.01    0.01    1.47 v _487_/ZN (INV_X1)
                                         _164_ (net)
                  0.01    0.00    1.47 v _494_/A1 (OR3_X1)
     1    1.66    0.01    0.06    1.54 v _494_/ZN (OR3_X1)
                                         _171_ (net)
                  0.01    0.00    1.54 v _495_/B2 (OAI21_X1)
     2    3.87    0.03    0.04    1.58 ^ _495_/ZN (OAI21_X1)
                                         _172_ (net)
                  0.03    0.00    1.58 ^ _496_/A (INV_X1)
     1    3.45    0.01    0.01    1.59 v _496_/ZN (INV_X1)
                                         _292_ (net)
                  0.01    0.00    1.59 v _571_/A (HA_X1)
     2    3.52    0.01    0.03    1.63 v _571_/CO (HA_X1)
                                         _294_ (net)
                  0.01    0.00    1.63 v _535_/B2 (AOI21_X1)
     1    1.78    0.02    0.03    1.66 ^ _535_/ZN (AOI21_X1)
                                         _198_ (net)
                  0.02    0.00    1.66 ^ _536_/A (INV_X1)
     1    1.67    0.01    0.01    1.67 v _536_/ZN (INV_X1)
                                         _199_ (net)
                  0.01    0.00    1.67 v _537_/B1 (AOI21_X1)
     1    2.48    0.02    0.03    1.70 ^ _537_/ZN (AOI21_X1)
                                         _200_ (net)
                  0.02    0.00    1.70 ^ _540_/A (XNOR2_X1)
     1    2.97    0.02    0.05    1.74 ^ _540_/ZN (XNOR2_X1)
                                         net23 (net)
                  0.02    0.00    1.74 ^ output23/A (BUF_X1)
     1    0.78    0.01    0.02    1.77 ^ output23/Z (BUF_X1)
                                         out278 (net)
                  0.01    0.00    1.77 ^ out278 (out)
                                  1.77   data arrival time
-----------------------------------------------------------------------------
(Path is unconstrained)



==========================================================================
finish report_check_types -max_slew -max_cap -max_fanout -violators
--------------------------------------------------------------------------

==========================================================================
finish max_slew_check_slack
--------------------------------------------------------------------------
0.12876391410827637

==========================================================================
finish max_slew_check_limit
--------------------------------------------------------------------------
0.1985349953174591

==========================================================================
finish max_slew_check_slack_limit
--------------------------------------------------------------------------
0.6486

==========================================================================
finish max_fanout_check_slack
--------------------------------------------------------------------------
1.0000000150474662e+30

==========================================================================
finish max_fanout_check_limit
--------------------------------------------------------------------------
1.0000000150474662e+30

==========================================================================
finish max_capacitance_check_slack
--------------------------------------------------------------------------
7.1880412101745605

==========================================================================
finish max_capacitance_check_limit
--------------------------------------------------------------------------
10.47130012512207

==========================================================================
finish max_capacitance_check_slack_limit
--------------------------------------------------------------------------
0.6865

==========================================================================
finish max_slew_violation_count
--------------------------------------------------------------------------
max slew violation count 0

==========================================================================
finish max_fanout_violation_count
--------------------------------------------------------------------------
max fanout violation count 0

==========================================================================
finish max_cap_violation_count
--------------------------------------------------------------------------
max cap violation count 0

==========================================================================
finish setup_violation_count
--------------------------------------------------------------------------
setup violation count 0

==========================================================================
finish hold_violation_count
--------------------------------------------------------------------------
hold violation count 0

==========================================================================
finish critical path delay
--------------------------------------------------------------------------
-1

==========================================================================
finish critical path slack
--------------------------------------------------------------------------
0

==========================================================================
finish slack div critical path delay
--------------------------------------------------------------------------
0.000000

==========================================================================
finish report_power
--------------------------------------------------------------------------
Group                  Internal  Switching    Leakage      Total
                          Power      Power      Power      Power (Watts)
----------------------------------------------------------------
Sequential             0.00e+00   0.00e+00   0.00e+00   0.00e+00   0.0%
Combinational          9.72e-04   9.26e-04   1.11e-05   1.91e-03 100.0%
Clock                  0.00e+00   0.00e+00   0.00e+00   0.00e+00   0.0%
Macro                  0.00e+00   0.00e+00   0.00e+00   0.00e+00   0.0%
Pad                    0.00e+00   0.00e+00   0.00e+00   0.00e+00   0.0%
----------------------------------------------------------------
Total                  9.72e-04   9.26e-04   1.11e-05   1.91e-03 100.0%
                          50.9%      48.5%       0.6%
