
==========================================================================
finish report_tns
--------------------------------------------------------------------------
tns 0.00

==========================================================================
finish report_wns
--------------------------------------------------------------------------
wns 0.00

==========================================================================
finish report_worst_slack
--------------------------------------------------------------------------
worst slack INF

==========================================================================
finish report_clock_skew
--------------------------------------------------------------------------
Clock clk
No launch/capture paths found.


==========================================================================
finish report_checks -path_delay min
--------------------------------------------------------------------------
No paths found.

==========================================================================
finish report_checks -path_delay max
--------------------------------------------------------------------------
No paths found.

==========================================================================
finish report_checks -unconstrained
--------------------------------------------------------------------------
Startpoint: float_b[27] (input port)
Endpoint: out16589[1] (output port)
Path Group: unconstrained
Path Type: max

Fanout     Cap    Slew   Delay    Time   Description
-----------------------------------------------------------------------------
                          0.00    0.00 v input external delay
     1    1.52    0.00    0.00    0.00 v float_b[27] (in)
                                         float_b[27] (net)
                  0.00    0.00    0.00 v input52/A (BUF_X1)
     2    5.54    0.01    0.03    0.03 v input52/Z (BUF_X1)
                                         net52 (net)
                  0.01    0.00    0.03 v _113_/A (INV_X1)
     1    3.66    0.01    0.02    0.05 ^ _113_/ZN (INV_X1)
                                         _083_ (net)
                  0.01    0.00    0.05 ^ _250_/B (HA_X1)
     1    3.72    0.03    0.06    0.10 ^ _250_/S (HA_X1)
                                         _084_ (net)
                  0.03    0.00    0.10 ^ _251_/A (HA_X1)
     4   14.24    0.08    0.11    0.22 ^ _251_/S (HA_X1)
                                         _087_ (net)
                  0.08    0.00    0.22 ^ _128_/A2 (NAND3_X1)
     1    3.10    0.02    0.04    0.26 v _128_/ZN (NAND3_X1)
                                         _008_ (net)
                  0.02    0.00    0.26 v _131_/B2 (OAI221_X2)
     3    9.99    0.05    0.07    0.33 ^ _131_/ZN (OAI221_X2)
                                         _011_ (net)
                  0.05    0.00    0.33 ^ _132_/S (MUX2_X2)
     5   12.59    0.01    0.09    0.42 v _132_/Z (MUX2_X2)
                                         _012_ (net)
                  0.01    0.00    0.42 v _138_/A1 (NAND2_X2)
     1   12.81    0.02    0.03    0.45 ^ _138_/ZN (NAND2_X2)
                                         _018_ (net)
                  0.02    0.00    0.45 ^ _139_/A (BUF_X16)
    10   52.35    0.01    0.03    0.48 ^ _139_/Z (BUF_X16)
                                         _019_ (net)
                  0.01    0.00    0.48 ^ _140_/A (BUF_X16)
    10   30.09    0.01    0.02    0.50 ^ _140_/Z (BUF_X16)
                                         _020_ (net)
                  0.01    0.00    0.51 ^ _186_/S (MUX2_X2)
     1   12.21    0.01    0.08    0.59 v _186_/Z (MUX2_X2)
                                         net75 (net)
                  0.01    0.00    0.59 v output75/A (BUF_X1)
     1    1.05    0.01    0.03    0.62 v output75/Z (BUF_X1)
                                         out16589[1] (net)
                  0.01    0.00    0.62 v out16589[1] (out)
                                  0.62   data arrival time
-----------------------------------------------------------------------------
(Path is unconstrained)



==========================================================================
finish report_check_types -max_slew -max_cap -max_fanout -violators
--------------------------------------------------------------------------

==========================================================================
finish max_slew_check_slack
--------------------------------------------------------------------------
0.12061946094036102

==========================================================================
finish max_slew_check_limit
--------------------------------------------------------------------------
0.1985349953174591

==========================================================================
finish max_slew_check_slack_limit
--------------------------------------------------------------------------
0.6075

==========================================================================
finish max_fanout_check_slack
--------------------------------------------------------------------------
1.0000000150474662e+30

==========================================================================
finish max_fanout_check_limit
--------------------------------------------------------------------------
1.0000000150474662e+30

==========================================================================
finish max_capacitance_check_slack
--------------------------------------------------------------------------
11.010281562805176

==========================================================================
finish max_capacitance_check_limit
--------------------------------------------------------------------------
25.253299713134766

==========================================================================
finish max_capacitance_check_slack_limit
--------------------------------------------------------------------------
0.4360

==========================================================================
finish max_slew_violation_count
--------------------------------------------------------------------------
max slew violation count 0

==========================================================================
finish max_fanout_violation_count
--------------------------------------------------------------------------
max fanout violation count 0

==========================================================================
finish max_cap_violation_count
--------------------------------------------------------------------------
max cap violation count 0

==========================================================================
finish setup_violation_count
--------------------------------------------------------------------------
setup violation count 0

==========================================================================
finish hold_violation_count
--------------------------------------------------------------------------
hold violation count 0

==========================================================================
finish critical path delay
--------------------------------------------------------------------------
-1

==========================================================================
finish critical path slack
--------------------------------------------------------------------------
0

==========================================================================
finish slack div critical path delay
--------------------------------------------------------------------------
0.000000

==========================================================================
finish report_power
--------------------------------------------------------------------------
Group                  Internal  Switching    Leakage      Total
                          Power      Power      Power      Power (Watts)
----------------------------------------------------------------
Sequential             0.00e+00   0.00e+00   0.00e+00   0.00e+00   0.0%
Combinational          1.92e-04   1.66e-04   1.02e-05   3.69e-04 100.0%
Clock                  0.00e+00   0.00e+00   0.00e+00   0.00e+00   0.0%
Macro                  0.00e+00   0.00e+00   0.00e+00   0.00e+00   0.0%
Pad                    0.00e+00   0.00e+00   0.00e+00   0.00e+00   0.0%
----------------------------------------------------------------
Total                  1.92e-04   1.66e-04   1.02e-05   3.69e-04 100.0%
                          52.1%      45.1%       2.8%
