
==========================================================================
finish report_tns
--------------------------------------------------------------------------
tns 0.00

==========================================================================
finish report_wns
--------------------------------------------------------------------------
wns 0.00

==========================================================================
finish report_worst_slack
--------------------------------------------------------------------------
worst slack INF

==========================================================================
finish report_clock_skew
--------------------------------------------------------------------------
Clock clk
No launch/capture paths found.


==========================================================================
finish report_checks -path_delay min
--------------------------------------------------------------------------
No paths found.

==========================================================================
finish report_checks -path_delay max
--------------------------------------------------------------------------
No paths found.

==========================================================================
finish report_checks -unconstrained
--------------------------------------------------------------------------
Startpoint: float_b[1] (input port)
Endpoint: out4019[5] (output port)
Path Group: unconstrained
Path Type: max

Fanout     Cap    Slew   Delay    Time   Description
-----------------------------------------------------------------------------
                          0.00    0.00 v input external delay
     1    1.76    0.00    0.00    0.00 v float_b[1] (in)
                                         float_b[1] (net)
                  0.00    0.00    0.00 v input10/A (BUF_X1)
     1    6.78    0.01    0.03    0.03 v input10/Z (BUF_X1)
                                         net10 (net)
                  0.01    0.00    0.03 v _73_/B (HA_X1)
     1    3.52    0.01    0.06    0.09 v _73_/S (HA_X1)
                                         _21_ (net)
                  0.01    0.00    0.09 v _81_/B (HA_X1)
     3    8.57    0.01    0.04    0.13 v _81_/CO (HA_X1)
                                         _14_ (net)
                  0.01    0.00    0.13 v _70_/A (FA_X1)
     2    6.55    0.02    0.09    0.22 v _70_/CO (FA_X1)
                                         _17_ (net)
                  0.02    0.00    0.22 v _58_/B1 (AOI21_X1)
     1    1.75    0.02    0.03    0.25 ^ _58_/ZN (AOI21_X1)
                                         _05_ (net)
                  0.02    0.00    0.25 ^ _60_/B1 (OAI21_X1)
     1    4.85    0.01    0.02    0.28 v _60_/ZN (OAI21_X1)
                                         _07_ (net)
                  0.01    0.00    0.28 v _61_/B (XOR2_X2)
     1    2.78    0.01    0.06    0.33 v _61_/Z (XOR2_X2)
                                         net22 (net)
                  0.01    0.00    0.33 v output22/A (BUF_X1)
     1    0.98    0.00    0.03    0.36 v output22/Z (BUF_X1)
                                         out4019[5] (net)
                  0.00    0.00    0.36 v out4019[5] (out)
                                  0.36   data arrival time
-----------------------------------------------------------------------------
(Path is unconstrained)



==========================================================================
finish report_check_types -max_slew -max_cap -max_fanout -violators
--------------------------------------------------------------------------

==========================================================================
finish max_slew_check_slack
--------------------------------------------------------------------------
0.15420517325401306

==========================================================================
finish max_slew_check_limit
--------------------------------------------------------------------------
0.1985349953174591

==========================================================================
finish max_slew_check_slack_limit
--------------------------------------------------------------------------
0.7767

==========================================================================
finish max_fanout_check_slack
--------------------------------------------------------------------------
1.0000000150474662e+30

==========================================================================
finish max_fanout_check_limit
--------------------------------------------------------------------------
1.0000000150474662e+30

==========================================================================
finish max_capacitance_check_slack
--------------------------------------------------------------------------
18.50957489013672

==========================================================================
finish max_capacitance_check_limit
--------------------------------------------------------------------------
25.253299713134766

==========================================================================
finish max_capacitance_check_slack_limit
--------------------------------------------------------------------------
0.7330

==========================================================================
finish max_slew_violation_count
--------------------------------------------------------------------------
max slew violation count 0

==========================================================================
finish max_fanout_violation_count
--------------------------------------------------------------------------
max fanout violation count 0

==========================================================================
finish max_cap_violation_count
--------------------------------------------------------------------------
max cap violation count 0

==========================================================================
finish setup_violation_count
--------------------------------------------------------------------------
setup violation count 0

==========================================================================
finish hold_violation_count
--------------------------------------------------------------------------
hold violation count 0

==========================================================================
finish critical path delay
--------------------------------------------------------------------------
-1

==========================================================================
finish critical path slack
--------------------------------------------------------------------------
0

==========================================================================
finish slack div critical path delay
--------------------------------------------------------------------------
0.000000

==========================================================================
finish report_power
--------------------------------------------------------------------------
Group                  Internal  Switching    Leakage      Total
                          Power      Power      Power      Power (Watts)
----------------------------------------------------------------
Sequential             0.00e+00   0.00e+00   0.00e+00   0.00e+00   0.0%
Combinational          6.39e-05   4.53e-05   1.99e-06   1.11e-04 100.0%
Clock                  0.00e+00   0.00e+00   0.00e+00   0.00e+00   0.0%
Macro                  0.00e+00   0.00e+00   0.00e+00   0.00e+00   0.0%
Pad                    0.00e+00   0.00e+00   0.00e+00   0.00e+00   0.0%
----------------------------------------------------------------
Total                  6.39e-05   4.53e-05   1.99e-06   1.11e-04 100.0%
                          57.5%      40.7%       1.8%
