
==========================================================================
finish report_tns
--------------------------------------------------------------------------
tns 0.00

==========================================================================
finish report_wns
--------------------------------------------------------------------------
wns 0.00

==========================================================================
finish report_worst_slack
--------------------------------------------------------------------------
worst slack INF

==========================================================================
finish report_clock_skew
--------------------------------------------------------------------------
Clock clk
No launch/capture paths found.


==========================================================================
finish report_checks -path_delay min
--------------------------------------------------------------------------
No paths found.

==========================================================================
finish report_checks -path_delay max
--------------------------------------------------------------------------
No paths found.

==========================================================================
finish report_checks -unconstrained
--------------------------------------------------------------------------
Startpoint: float_b[1] (input port)
Endpoint: out12116[12] (output port)
Path Group: unconstrained
Path Type: max

Fanout     Cap    Slew   Delay    Time   Description
-----------------------------------------------------------------------------
                          0.00    0.00 v input external delay
     1    2.26    0.00    0.00    0.00 v float_b[1] (in)
                                         float_b[1] (net)
                  0.00    0.00    0.00 v input24/A (BUF_X1)
     1    5.53    0.01    0.03    0.03 v input24/Z (BUF_X1)
                                         net24 (net)
                  0.01    0.00    0.03 v _334_/B (HA_X1)
     1    3.58    0.01    0.06    0.09 v _334_/S (HA_X1)
                                         _161_ (net)
                  0.01    0.00    0.09 v _341_/B (HA_X1)
     3    8.70    0.01    0.04    0.13 v _341_/CO (HA_X1)
                                         _107_ (net)
                  0.01    0.00    0.13 v _312_/A (FA_X1)
     3    7.09    0.02    0.09    0.22 v _312_/CO (FA_X1)
                                         _110_ (net)
                  0.02    0.00    0.22 v _237_/C2 (AOI211_X2)
     2    5.81    0.05    0.06    0.28 ^ _237_/ZN (AOI211_X2)
                                         _032_ (net)
                  0.05    0.00    0.28 ^ _238_/B2 (OAI21_X2)
     3    5.78    0.02    0.03    0.31 v _238_/ZN (OAI21_X2)
                                         _033_ (net)
                  0.02    0.00    0.31 v _241_/A1 (NAND2_X1)
     2    3.74    0.01    0.02    0.33 ^ _241_/ZN (NAND2_X1)
                                         _036_ (net)
                  0.01    0.00    0.33 ^ _242_/B2 (OAI21_X1)
     1    4.66    0.02    0.02    0.36 v _242_/ZN (OAI21_X1)
                                         _037_ (net)
                  0.02    0.00    0.36 v _243_/B (XNOR2_X2)
     6   15.62    0.02    0.05    0.41 v _243_/ZN (XNOR2_X2)
                                         _038_ (net)
                  0.02    0.00    0.41 v _244_/A (BUF_X8)
    10   16.47    0.01    0.03    0.44 v _244_/Z (BUF_X8)
                                         _039_ (net)
                  0.01    0.00    0.44 v _263_/B1 (OAI21_X1)
     1    5.51    0.04    0.04    0.49 ^ _263_/ZN (OAI21_X1)
                                         net36 (net)
                  0.04    0.00    0.49 ^ output36/A (BUF_X1)
     1    1.55    0.01    0.03    0.52 ^ output36/Z (BUF_X1)
                                         out12116[12] (net)
                  0.01    0.00    0.52 ^ out12116[12] (out)
                                  0.52   data arrival time
-----------------------------------------------------------------------------
(Path is unconstrained)



==========================================================================
finish report_check_types -max_slew -max_cap -max_fanout -violators
--------------------------------------------------------------------------

==========================================================================
finish max_slew_check_slack
--------------------------------------------------------------------------
0.13820500671863556

==========================================================================
finish max_slew_check_limit
--------------------------------------------------------------------------
0.1985349953174591

==========================================================================
finish max_slew_check_slack_limit
--------------------------------------------------------------------------
0.6961

==========================================================================
finish max_fanout_check_slack
--------------------------------------------------------------------------
1.0000000150474662e+30

==========================================================================
finish max_fanout_check_limit
--------------------------------------------------------------------------
1.0000000150474662e+30

==========================================================================
finish max_capacitance_check_slack
--------------------------------------------------------------------------
12.679709434509277

==========================================================================
finish max_capacitance_check_limit
--------------------------------------------------------------------------
16.021699905395508

==========================================================================
finish max_capacitance_check_slack_limit
--------------------------------------------------------------------------
0.7914

==========================================================================
finish max_slew_violation_count
--------------------------------------------------------------------------
max slew violation count 0

==========================================================================
finish max_fanout_violation_count
--------------------------------------------------------------------------
max fanout violation count 0

==========================================================================
finish max_cap_violation_count
--------------------------------------------------------------------------
max cap violation count 0

==========================================================================
finish setup_violation_count
--------------------------------------------------------------------------
setup violation count 0

==========================================================================
finish hold_violation_count
--------------------------------------------------------------------------
hold violation count 0

==========================================================================
finish critical path delay
--------------------------------------------------------------------------
-1

==========================================================================
finish critical path slack
--------------------------------------------------------------------------
0

==========================================================================
finish slack div critical path delay
--------------------------------------------------------------------------
0.000000

==========================================================================
finish report_power
--------------------------------------------------------------------------
Group                  Internal  Switching    Leakage      Total
                          Power      Power      Power      Power (Watts)
----------------------------------------------------------------
Sequential             0.00e+00   0.00e+00   0.00e+00   0.00e+00   0.0%
Combinational          1.77e-04   1.61e-04   7.40e-06   3.46e-04 100.0%
Clock                  0.00e+00   0.00e+00   0.00e+00   0.00e+00   0.0%
Macro                  0.00e+00   0.00e+00   0.00e+00   0.00e+00   0.0%
Pad                    0.00e+00   0.00e+00   0.00e+00   0.00e+00   0.0%
----------------------------------------------------------------
Total                  1.77e-04   1.61e-04   7.40e-06   3.46e-04 100.0%
                          51.3%      46.5%       2.1%
