
==========================================================================
finish report_tns
--------------------------------------------------------------------------
tns 0.00

==========================================================================
finish report_wns
--------------------------------------------------------------------------
wns 0.00

==========================================================================
finish report_worst_slack
--------------------------------------------------------------------------
worst slack INF

==========================================================================
finish report_clock_skew
--------------------------------------------------------------------------
Clock clk
No launch/capture paths found.


==========================================================================
finish report_checks -path_delay min
--------------------------------------------------------------------------
No paths found.

==========================================================================
finish report_checks -path_delay max
--------------------------------------------------------------------------
No paths found.

==========================================================================
finish report_checks -unconstrained
--------------------------------------------------------------------------
Startpoint: float_b[1] (input port)
Endpoint: out43542[27] (output port)
Path Group: unconstrained
Path Type: max

Fanout     Cap    Slew   Delay    Time   Description
-----------------------------------------------------------------------------
                          0.00    0.00 v input external delay
     1    1.46    0.00    0.00    0.00 v float_b[1] (in)
                                         float_b[1] (net)
                  0.00    0.00    0.00 v input44/A (BUF_X1)
     1    6.79    0.01    0.03    0.03 v input44/Z (BUF_X1)
                                         net44 (net)
                  0.01    0.00    0.03 v _645_/B (HA_X1)
     1    3.42    0.01    0.06    0.09 v _645_/S (HA_X1)
                                         _247_ (net)
                  0.01    0.00    0.09 v _701_/B (HA_X1)
     2    7.17    0.01    0.04    0.13 v _701_/CO (HA_X1)
                                         _240_ (net)
                  0.01    0.00    0.13 v _642_/A (FA_X1)
     3   10.30    0.02    0.09    0.23 v _642_/CO (FA_X1)
                                         _243_ (net)
                  0.02    0.00    0.23 v _406_/C2 (AOI211_X2)
     1    7.13    0.05    0.07    0.29 ^ _406_/ZN (AOI211_X2)
                                         _032_ (net)
                  0.05    0.00    0.29 ^ _408_/B1 (OAI21_X4)
     6   15.94    0.02    0.03    0.32 v _408_/ZN (OAI21_X4)
                                         _034_ (net)
                  0.02    0.00    0.32 v _410_/A2 (NAND3_X1)
     2    4.52    0.02    0.03    0.35 ^ _410_/ZN (NAND3_X1)
                                         _036_ (net)
                  0.02    0.00    0.35 ^ _586_/B1 (AOI21_X1)
     1    1.45    0.01    0.02    0.37 v _586_/ZN (AOI21_X1)
                                         _196_ (net)
                  0.01    0.00    0.37 v _587_/A3 (OR3_X1)
     1    4.91    0.02    0.09    0.46 v _587_/ZN (OR3_X1)
                                         _197_ (net)
                  0.02    0.00    0.46 v _588_/B (XOR2_X2)
     1    7.53    0.01    0.06    0.52 v _588_/Z (XOR2_X2)
                                         net84 (net)
                  0.01    0.00    0.52 v output84/A (BUF_X1)
     1    0.59    0.00    0.03    0.55 v output84/Z (BUF_X1)
                                         out43542[27] (net)
                  0.00    0.00    0.55 v out43542[27] (out)
                                  0.55   data arrival time
-----------------------------------------------------------------------------
(Path is unconstrained)



==========================================================================
finish report_check_types -max_slew -max_cap -max_fanout -violators
--------------------------------------------------------------------------

==========================================================================
finish max_slew_check_slack
--------------------------------------------------------------------------
0.1363876610994339

==========================================================================
finish max_slew_check_limit
--------------------------------------------------------------------------
0.1985349953174591

==========================================================================
finish max_slew_check_slack_limit
--------------------------------------------------------------------------
0.6870

==========================================================================
finish max_fanout_check_slack
--------------------------------------------------------------------------
1.0000000150474662e+30

==========================================================================
finish max_fanout_check_limit
--------------------------------------------------------------------------
1.0000000150474662e+30

==========================================================================
finish max_capacitance_check_slack
--------------------------------------------------------------------------
7.973212718963623

==========================================================================
finish max_capacitance_check_limit
--------------------------------------------------------------------------
10.47130012512207

==========================================================================
finish max_capacitance_check_slack_limit
--------------------------------------------------------------------------
0.7614

==========================================================================
finish max_slew_violation_count
--------------------------------------------------------------------------
max slew violation count 0

==========================================================================
finish max_fanout_violation_count
--------------------------------------------------------------------------
max fanout violation count 0

==========================================================================
finish max_cap_violation_count
--------------------------------------------------------------------------
max cap violation count 0

==========================================================================
finish setup_violation_count
--------------------------------------------------------------------------
setup violation count 0

==========================================================================
finish hold_violation_count
--------------------------------------------------------------------------
hold violation count 0

==========================================================================
finish critical path delay
--------------------------------------------------------------------------
-1

==========================================================================
finish critical path slack
--------------------------------------------------------------------------
0

==========================================================================
finish slack div critical path delay
--------------------------------------------------------------------------
0.000000

==========================================================================
finish report_power
--------------------------------------------------------------------------
Group                  Internal  Switching    Leakage      Total
                          Power      Power      Power      Power (Watts)
----------------------------------------------------------------
Sequential             0.00e+00   0.00e+00   0.00e+00   0.00e+00   0.0%
Combinational          2.64e-04   2.51e-04   1.64e-05   5.32e-04 100.0%
Clock                  0.00e+00   0.00e+00   0.00e+00   0.00e+00   0.0%
Macro                  0.00e+00   0.00e+00   0.00e+00   0.00e+00   0.0%
Pad                    0.00e+00   0.00e+00   0.00e+00   0.00e+00   0.0%
----------------------------------------------------------------
Total                  2.64e-04   2.51e-04   1.64e-05   5.32e-04 100.0%
                          49.7%      47.2%       3.1%
