
==========================================================================
finish report_tns
--------------------------------------------------------------------------
tns 0.00

==========================================================================
finish report_wns
--------------------------------------------------------------------------
wns 0.00

==========================================================================
finish report_worst_slack
--------------------------------------------------------------------------
worst slack INF

==========================================================================
finish report_clock_skew
--------------------------------------------------------------------------
Clock clk
No launch/capture paths found.


==========================================================================
finish report_checks -path_delay min
--------------------------------------------------------------------------
No paths found.

==========================================================================
finish report_checks -path_delay max
--------------------------------------------------------------------------
No paths found.

==========================================================================
finish report_checks -unconstrained
--------------------------------------------------------------------------
Startpoint: float_a[6] (input port)
Endpoint: out7715[12] (output port)
Path Group: unconstrained
Path Type: max

Fanout     Cap    Slew   Delay    Time   Description
-----------------------------------------------------------------------------
                          0.00    0.00 v input external delay
     1    2.02    0.00    0.00    0.00 v float_a[6] (in)
                                         float_a[6] (net)
                  0.00    0.00    0.00 v input7/A (BUF_X1)
     2    5.82    0.01    0.03    0.03 v input7/Z (BUF_X1)
                                         net7 (net)
                  0.01    0.00    0.03 v _377_/A (CLKBUF_X2)
     6   10.06    0.01    0.04    0.07 v _377_/Z (CLKBUF_X2)
                                         _011_ (net)
                  0.01    0.00    0.07 v _436_/A2 (AND2_X1)
     1    2.73    0.01    0.04    0.10 v _436_/ZN (AND2_X1)
                                         _170_ (net)
                  0.01    0.00    0.10 v _576_/CI (FA_X1)
     1    1.78    0.01    0.11    0.21 ^ _576_/S (FA_X1)
                                         _172_ (net)
                  0.01    0.00    0.21 ^ _414_/A (INV_X1)
     1    3.79    0.01    0.01    0.22 v _414_/ZN (INV_X1)
                                         _173_ (net)
                  0.01    0.00    0.22 v _577_/B (FA_X1)
     1    4.22    0.02    0.12    0.35 ^ _577_/S (FA_X1)
                                         _176_ (net)
                  0.02    0.00    0.35 ^ _579_/B (FA_X1)
     1    3.78    0.02    0.10    0.45 v _579_/S (FA_X1)
                                         _182_ (net)
                  0.02    0.00    0.45 v _580_/B (FA_X1)
     1    1.79    0.01    0.12    0.57 ^ _580_/S (FA_X1)
                                         _184_ (net)
                  0.01    0.00    0.57 ^ _438_/A (INV_X1)
     1    3.41    0.01    0.01    0.58 v _438_/ZN (INV_X1)
                                         _296_ (net)
                  0.01    0.00    0.58 v _617_/B (HA_X1)
     1    1.74    0.01    0.05    0.63 v _617_/S (HA_X1)
                                         _298_ (net)
                  0.01    0.00    0.63 v _499_/A (BUF_X2)
     6   16.07    0.01    0.04    0.67 v _499_/Z (BUF_X2)
                                         _045_ (net)
                  0.01    0.00    0.67 v _524_/A (OAI21_X1)
     1    1.83    0.02    0.02    0.69 ^ _524_/ZN (OAI21_X1)
                                         _068_ (net)
                  0.02    0.00    0.69 ^ _525_/B2 (OAI21_X1)
     1    4.95    0.02    0.03    0.72 v _525_/ZN (OAI21_X1)
                                         _069_ (net)
                  0.02    0.00    0.72 v _528_/B1 (AOI221_X2)
     1    3.03    0.04    0.07    0.79 ^ _528_/ZN (AOI221_X2)
                                         _072_ (net)
                  0.04    0.00    0.79 ^ _529_/B (XNOR2_X1)
     1    3.50    0.03    0.05    0.84 ^ _529_/ZN (XNOR2_X1)
                                         net39 (net)
                  0.03    0.00    0.84 ^ output39/A (BUF_X1)
     1    1.02    0.01    0.03    0.86 ^ output39/Z (BUF_X1)
                                         out7715[12] (net)
                  0.01    0.00    0.86 ^ out7715[12] (out)
                                  0.86   data arrival time
-----------------------------------------------------------------------------
(Path is unconstrained)



==========================================================================
finish report_check_types -max_slew -max_cap -max_fanout -violators
--------------------------------------------------------------------------

==========================================================================
finish max_slew_check_slack
--------------------------------------------------------------------------
0.1392788141965866

==========================================================================
finish max_slew_check_limit
--------------------------------------------------------------------------
0.1985349953174591

==========================================================================
finish max_slew_check_slack_limit
--------------------------------------------------------------------------
0.7015

==========================================================================
finish max_fanout_check_slack
--------------------------------------------------------------------------
1.0000000150474662e+30

==========================================================================
finish max_fanout_check_limit
--------------------------------------------------------------------------
1.0000000150474662e+30

==========================================================================
finish max_capacitance_check_slack
--------------------------------------------------------------------------
8.502063751220703

==========================================================================
finish max_capacitance_check_limit
--------------------------------------------------------------------------
10.47130012512207

==========================================================================
finish max_capacitance_check_slack_limit
--------------------------------------------------------------------------
0.8119

==========================================================================
finish max_slew_violation_count
--------------------------------------------------------------------------
max slew violation count 0

==========================================================================
finish max_fanout_violation_count
--------------------------------------------------------------------------
max fanout violation count 0

==========================================================================
finish max_cap_violation_count
--------------------------------------------------------------------------
max cap violation count 0

==========================================================================
finish setup_violation_count
--------------------------------------------------------------------------
setup violation count 0

==========================================================================
finish hold_violation_count
--------------------------------------------------------------------------
hold violation count 0

==========================================================================
finish critical path delay
--------------------------------------------------------------------------
-1

==========================================================================
finish critical path slack
--------------------------------------------------------------------------
0

==========================================================================
finish slack div critical path delay
--------------------------------------------------------------------------
0.000000

==========================================================================
finish report_power
--------------------------------------------------------------------------
Group                  Internal  Switching    Leakage      Total
                          Power      Power      Power      Power (Watts)
----------------------------------------------------------------
Sequential             0.00e+00   0.00e+00   0.00e+00   0.00e+00   0.0%
Combinational          6.83e-04   5.51e-04   1.22e-05   1.25e-03 100.0%
Clock                  0.00e+00   0.00e+00   0.00e+00   0.00e+00   0.0%
Macro                  0.00e+00   0.00e+00   0.00e+00   0.00e+00   0.0%
Pad                    0.00e+00   0.00e+00   0.00e+00   0.00e+00   0.0%
----------------------------------------------------------------
Total                  6.83e-04   5.51e-04   1.22e-05   1.25e-03 100.0%
                          54.8%      44.2%       1.0%
