
==========================================================================
finish report_tns
--------------------------------------------------------------------------
tns 0.00

==========================================================================
finish report_wns
--------------------------------------------------------------------------
wns 0.00

==========================================================================
finish report_worst_slack
--------------------------------------------------------------------------
worst slack INF

==========================================================================
finish report_clock_skew
--------------------------------------------------------------------------
Clock clk
No launch/capture paths found.


==========================================================================
finish report_checks -path_delay min
--------------------------------------------------------------------------
No paths found.

==========================================================================
finish report_checks -path_delay max
--------------------------------------------------------------------------
No paths found.

==========================================================================
finish report_checks -unconstrained
--------------------------------------------------------------------------
Startpoint: float_a[1] (input port)
Endpoint: out7295[14] (output port)
Path Group: unconstrained
Path Type: max

Fanout     Cap    Slew   Delay    Time   Description
-----------------------------------------------------------------------------
                          0.00    0.00 v input external delay
     1    1.87    0.00    0.00    0.00 v float_a[1] (in)
                                         float_a[1] (net)
                  0.00    0.00    0.00 v input7/A (BUF_X1)
     2    6.46    0.01    0.03    0.03 v input7/Z (BUF_X1)
                                         net7 (net)
                  0.01    0.00    0.03 v _0713_/A (BUF_X2)
     7   14.20    0.01    0.03    0.06 v _0713_/Z (BUF_X2)
                                         _0009_ (net)
                  0.01    0.00    0.07 v _0714_/A2 (AND2_X1)
     1    3.48    0.01    0.03    0.10 v _0714_/ZN (AND2_X1)
                                         _0436_ (net)
                  0.01    0.00    0.10 v _1239_/B (FA_X1)
     1    3.77    0.02    0.12    0.22 ^ _1239_/S (FA_X1)
                                         _0439_ (net)
                  0.02    0.00    0.22 ^ _1242_/B (FA_X1)
     1    4.26    0.02    0.10    0.32 v _1242_/S (FA_X1)
                                         _0451_ (net)
                  0.02    0.00    0.32 v _1244_/A (FA_X1)
     1    3.64    0.01    0.12    0.44 ^ _1244_/S (FA_X1)
                                         _0459_ (net)
                  0.01    0.00    0.44 ^ _1280_/A (HA_X1)
     1    3.73    0.03    0.06    0.50 ^ _1280_/S (HA_X1)
                                         _0602_ (net)
                  0.03    0.00    0.50 ^ _1286_/B (HA_X1)
     2    8.83    0.02    0.06    0.56 ^ _1286_/CO (HA_X1)
                                         _0484_ (net)
                  0.02    0.00    0.56 ^ _1133_/A (INV_X1)
     1    3.52    0.01    0.01    0.57 v _1133_/ZN (INV_X1)
                                         _0479_ (net)
                  0.01    0.00    0.57 v _1249_/B (FA_X1)
     1    1.69    0.01    0.07    0.64 v _1249_/CO (FA_X1)
                                         _0481_ (net)
                  0.01    0.00    0.64 v _0768_/A (BUF_X2)
     4   13.88    0.01    0.04    0.68 v _0768_/Z (BUF_X2)
                                         _0045_ (net)
                  0.01    0.00    0.68 v _0769_/A (INV_X1)
     1    6.83    0.02    0.03    0.71 ^ _0769_/ZN (INV_X1)
                                         _0046_ (net)
                  0.02    0.00    0.71 ^ _0770_/B2 (AOI21_X4)
     4   15.25    0.01    0.02    0.73 v _0770_/ZN (AOI21_X4)
                                         _0047_ (net)
                  0.01    0.00    0.73 v _0863_/A2 (NOR3_X2)
     3    7.29    0.04    0.06    0.79 ^ _0863_/ZN (NOR3_X2)
                                         _0137_ (net)
                  0.04    0.00    0.79 ^ _0865_/C1 (OAI221_X2)
     2    7.85    0.02    0.04    0.83 v _0865_/ZN (OAI221_X2)
                                         _0139_ (net)
                  0.02    0.00    0.83 v _0866_/A3 (AND3_X1)
     1    1.50    0.01    0.04    0.88 v _0866_/ZN (AND3_X1)
                                         _0140_ (net)
                  0.01    0.00    0.88 v _0867_/A (CLKBUF_X3)
     7   21.02    0.02    0.05    0.92 v _0867_/Z (CLKBUF_X3)
                                         _0141_ (net)
                  0.02    0.00    0.92 v _0868_/B2 (OAI22_X4)
    10   33.80    0.06    0.08    1.00 ^ _0868_/ZN (OAI22_X4)
                                         _0142_ (net)
                  0.06    0.00    1.01 ^ _0869_/A (INV_X2)
     2    5.73    0.01    0.01    1.02 v _0869_/ZN (INV_X2)
                                         _0143_ (net)
                  0.01    0.00    1.02 v _0941_/A (BUF_X4)
    10   27.64    0.01    0.03    1.05 v _0941_/Z (BUF_X4)
                                         _0566_ (net)
                  0.01    0.00    1.06 v _0942_/A3 (NOR3_X1)
     2    4.64    0.05    0.07    1.13 ^ _0942_/ZN (NOR3_X1)
                                         _0214_ (net)
                  0.05    0.00    1.13 ^ _0943_/C1 (AOI211_X2)
     2    8.67    0.02    0.03    1.16 v _0943_/ZN (AOI211_X2)
                                         _0215_ (net)
                  0.02    0.00    1.16 v _0944_/A3 (NOR3_X2)
     2    5.53    0.03    0.06    1.22 ^ _0944_/ZN (NOR3_X2)
                                         _0642_ (net)
                  0.03    0.00    1.22 ^ _0951_/A (AOI21_X1)
     1    1.57    0.01    0.02    1.24 v _0951_/ZN (AOI21_X1)
                                         _0222_ (net)
                  0.01    0.00    1.24 v _0955_/B1 (AOI21_X1)
     1    3.53    0.03    0.04    1.28 ^ _0955_/ZN (AOI21_X1)
                                         _0638_ (net)
                  0.03    0.00    1.28 ^ _1299_/A (HA_X1)
     2    5.52    0.02    0.05    1.32 ^ _1299_/CO (HA_X1)
                                         _0640_ (net)
                  0.02    0.00    1.33 ^ _1300_/B (HA_X1)
     2    3.54    0.01    0.04    1.36 ^ _1300_/CO (HA_X1)
                                         _0643_ (net)
                  0.01    0.00    1.36 ^ _1038_/A (INV_X1)
     3    5.73    0.01    0.01    1.38 v _1038_/ZN (INV_X1)
                                         _0234_ (net)
                  0.01    0.00    1.38 v _1076_/A1 (NOR3_X1)
     3    4.67    0.05    0.06    1.43 ^ _1076_/ZN (NOR3_X1)
                                         _0272_ (net)
                  0.05    0.00    1.43 ^ _1120_/A1 (AND2_X1)
     5    9.59    0.02    0.06    1.50 ^ _1120_/ZN (AND2_X1)
                                         _0316_ (net)
                  0.02    0.00    1.50 ^ _1121_/A (INV_X1)
     1    3.44    0.01    0.01    1.51 v _1121_/ZN (INV_X1)
                                         _0646_ (net)
                  0.01    0.00    1.51 v _1301_/B (HA_X1)
     1    3.65    0.01    0.03    1.54 v _1301_/CO (HA_X1)
                                         _0567_ (net)
                  0.01    0.00    1.54 v _1270_/B (FA_X1)
     1    1.57    0.01    0.09    1.64 v _1270_/S (FA_X1)
                                         _0570_ (net)
                  0.01    0.00    1.64 v _0994_/A (INV_X1)
     1    3.57    0.01    0.02    1.66 ^ _0994_/ZN (INV_X1)
                                         _0651_ (net)
                  0.01    0.00    1.66 ^ _1303_/B (HA_X1)
     2    4.52    0.01    0.04    1.70 ^ _1303_/CO (HA_X1)
                                         _0652_ (net)
                  0.01    0.00    1.70 ^ _0966_/A (INV_X1)
     1    3.69    0.01    0.01    1.71 v _0966_/ZN (INV_X1)
                                         _0576_ (net)
                  0.01    0.00    1.71 v _1272_/A (FA_X1)
     2    4.39    0.02    0.08    1.79 v _1272_/CO (FA_X1)
                                         _0578_ (net)
                  0.02    0.00    1.79 v _1155_/B2 (OAI21_X1)
     1    3.40    0.03    0.04    1.83 ^ _1155_/ZN (OAI21_X1)
                                         _0335_ (net)
                  0.03    0.00    1.83 ^ _1156_/B1 (AOI21_X2)
     2    4.48    0.01    0.02    1.85 v _1156_/ZN (AOI21_X2)
                                         _0336_ (net)
                  0.01    0.00    1.85 v _1164_/B1 (OAI21_X1)
     1    1.95    0.02    0.03    1.88 ^ _1164_/ZN (OAI21_X1)
                                         _0342_ (net)
                  0.02    0.00    1.88 ^ _1165_/B1 (AOI21_X1)
     1    2.33    0.01    0.02    1.90 v _1165_/ZN (AOI21_X1)
                                         _0343_ (net)
                  0.01    0.00    1.90 v _1169_/A (XNOR2_X1)
     1    1.64    0.01    0.04    1.94 v _1169_/ZN (XNOR2_X1)
                                         _0347_ (net)
                  0.01    0.00    1.94 v _1170_/A2 (NOR2_X1)
     1    1.31    0.01    0.03    1.96 ^ _1170_/ZN (NOR2_X1)
                                         net34 (net)
                  0.01    0.00    1.96 ^ output34/A (BUF_X1)
     1    0.81    0.01    0.02    1.98 ^ output34/Z (BUF_X1)
                                         out7295[14] (net)
                  0.01    0.00    1.98 ^ out7295[14] (out)
                                  1.98   data arrival time
-----------------------------------------------------------------------------
(Path is unconstrained)



==========================================================================
finish report_check_types -max_slew -max_cap -max_fanout -violators
--------------------------------------------------------------------------

==========================================================================
finish max_slew_check_slack
--------------------------------------------------------------------------
0.10237777233123779

==========================================================================
finish max_slew_check_limit
--------------------------------------------------------------------------
0.1985349953174591

==========================================================================
finish max_slew_check_slack_limit
--------------------------------------------------------------------------
0.5157

==========================================================================
finish max_fanout_check_slack
--------------------------------------------------------------------------
1.0000000150474662e+30

==========================================================================
finish max_fanout_check_limit
--------------------------------------------------------------------------
1.0000000150474662e+30

==========================================================================
finish max_capacitance_check_slack
--------------------------------------------------------------------------
4.561875343322754

==========================================================================
finish max_capacitance_check_limit
--------------------------------------------------------------------------
11.482199668884277

==========================================================================
finish max_capacitance_check_slack_limit
--------------------------------------------------------------------------
0.3973

==========================================================================
finish max_slew_violation_count
--------------------------------------------------------------------------
max slew violation count 0

==========================================================================
finish max_fanout_violation_count
--------------------------------------------------------------------------
max fanout violation count 0

==========================================================================
finish max_cap_violation_count
--------------------------------------------------------------------------
max cap violation count 0

==========================================================================
finish setup_violation_count
--------------------------------------------------------------------------
setup violation count 0

==========================================================================
finish hold_violation_count
--------------------------------------------------------------------------
hold violation count 0

==========================================================================
finish critical path delay
--------------------------------------------------------------------------
-1

==========================================================================
finish critical path slack
--------------------------------------------------------------------------
0

==========================================================================
finish slack div critical path delay
--------------------------------------------------------------------------
0.000000

==========================================================================
finish report_power
--------------------------------------------------------------------------
Group                  Internal  Switching    Leakage      Total
                          Power      Power      Power      Power (Watts)
----------------------------------------------------------------
Sequential             0.00e+00   0.00e+00   0.00e+00   0.00e+00   0.0%
Combinational          3.53e-03   3.49e-03   2.65e-05   7.05e-03 100.0%
Clock                  0.00e+00   0.00e+00   0.00e+00   0.00e+00   0.0%
Macro                  0.00e+00   0.00e+00   0.00e+00   0.00e+00   0.0%
Pad                    0.00e+00   0.00e+00   0.00e+00   0.00e+00   0.0%
----------------------------------------------------------------
Total                  3.53e-03   3.49e-03   2.65e-05   7.05e-03 100.0%
                          50.1%      49.6%       0.4%
