
==========================================================================
finish report_tns
--------------------------------------------------------------------------
tns 0.00

==========================================================================
finish report_wns
--------------------------------------------------------------------------
wns 0.00

==========================================================================
finish report_worst_slack
--------------------------------------------------------------------------
worst slack INF

==========================================================================
finish report_clock_skew
--------------------------------------------------------------------------
Clock clk
No launch/capture paths found.


==========================================================================
finish report_checks -path_delay min
--------------------------------------------------------------------------
No paths found.

==========================================================================
finish report_checks -path_delay max
--------------------------------------------------------------------------
No paths found.

==========================================================================
finish report_checks -unconstrained
--------------------------------------------------------------------------
Startpoint: float_a[1] (input port)
Endpoint: out36407[33] (output port)
Path Group: unconstrained
Path Type: max

Fanout     Cap    Slew   Delay    Time   Description
-----------------------------------------------------------------------------
                          0.00    0.00 v input external delay
     1    2.45    0.00    0.00    0.00 v float_a[1] (in)
                                         float_a[1] (net)
                  0.00    0.00    0.00 v input10/A (CLKBUF_X2)
     2   12.28    0.02    0.04    0.04 v input10/Z (CLKBUF_X2)
                                         net10 (net)
                  0.02    0.00    0.04 v _2830_/A (CLKBUF_X2)
     5   10.78    0.01    0.04    0.08 v _2830_/Z (CLKBUF_X2)
                                         _0003_ (net)
                  0.01    0.00    0.08 v _2831_/A (CLKBUF_X3)
    10   21.21    0.02    0.05    0.13 v _2831_/Z (CLKBUF_X3)
                                         _0004_ (net)
                  0.02    0.00    0.13 v _2973_/A1 (AND2_X1)
     1    3.77    0.01    0.04    0.17 v _2973_/ZN (AND2_X1)
                                         _0859_ (net)
                  0.01    0.00    0.17 v _4482_/B (FA_X1)
     1    2.16    0.01    0.12    0.29 ^ _4482_/S (FA_X1)
                                         _0862_ (net)
                  0.01    0.00    0.29 ^ _3589_/A (INV_X1)
     1    4.07    0.01    0.01    0.30 v _3589_/ZN (INV_X1)
                                         _0863_ (net)
                  0.01    0.00    0.30 v _4483_/A (FA_X1)
     1    2.54    0.01    0.11    0.41 ^ _4483_/S (FA_X1)
                                         _0866_ (net)
                  0.01    0.00    0.41 ^ _3266_/A (INV_X1)
     1    4.33    0.01    0.01    0.42 v _3266_/ZN (INV_X1)
                                         _0867_ (net)
                  0.01    0.00    0.42 v _4484_/A (FA_X1)
     1    1.96    0.01    0.07    0.50 v _4484_/CO (FA_X1)
                                         _0870_ (net)
                  0.01    0.00    0.50 v _3718_/A (INV_X1)
     1    3.92    0.01    0.02    0.52 ^ _3718_/ZN (INV_X1)
                                         _1387_ (net)
                  0.01    0.00    0.52 ^ _4611_/B (FA_X1)
     1    3.72    0.02    0.10    0.61 v _4611_/S (FA_X1)
                                         _1389_ (net)
                  0.02    0.00    0.61 v _4615_/A (FA_X1)
     1    4.07    0.02    0.12    0.74 ^ _4615_/S (FA_X1)
                                         _1399_ (net)
                  0.02    0.00    0.74 ^ _4618_/B (FA_X1)
     1    1.88    0.01    0.09    0.83 v _4618_/S (FA_X1)
                                         _1409_ (net)
                  0.01    0.00    0.83 v _3891_/A (INV_X1)
     1    3.37    0.01    0.02    0.85 ^ _3891_/ZN (INV_X1)
                                         _2583_ (net)
                  0.01    0.00    0.85 ^ _4936_/A (HA_X1)
     1    3.78    0.03    0.06    0.91 ^ _4936_/S (HA_X1)
                                         _2584_ (net)
                  0.03    0.00    0.91 ^ _4937_/A (HA_X1)
     1    3.65    0.03    0.06    0.97 ^ _4937_/S (HA_X1)
                                         _2586_ (net)
                  0.03    0.00    0.97 ^ _4085_/A (BUF_X4)
     6   16.16    0.01    0.03    1.00 ^ _4085_/Z (BUF_X4)
                                         _0165_ (net)
                  0.01    0.00    1.00 ^ _4101_/A4 (NAND4_X2)
     3    8.31    0.02    0.04    1.04 v _4101_/ZN (NAND4_X2)
                                         _0179_ (net)
                  0.02    0.00    1.04 v _4122_/A (AOI211_X2)
     2    8.49    0.05    0.09    1.14 ^ _4122_/ZN (AOI211_X2)
                                         _0198_ (net)
                  0.05    0.00    1.14 ^ _4124_/C1 (AOI221_X4)
     3   19.60    0.01    0.06    1.20 v _4124_/ZN (AOI221_X4)
                                         _0200_ (net)
                  0.01    0.01    1.21 v _4148_/B2 (OAI21_X4)
     3   16.73    0.03    0.04    1.25 ^ _4148_/ZN (OAI21_X4)
                                         _0220_ (net)
                  0.03    0.00    1.25 ^ _4186_/A3 (NAND4_X1)
     2    3.80    0.02    0.04    1.29 v _4186_/ZN (NAND4_X1)
                                         _0254_ (net)
                  0.02    0.00    1.29 v _4187_/A2 (AND2_X1)
     2    4.07    0.01    0.04    1.34 v _4187_/ZN (AND2_X1)
                                         _0255_ (net)
                  0.01    0.00    1.34 v _4218_/B2 (OAI21_X1)
     1    4.92    0.03    0.05    1.38 ^ _4218_/ZN (OAI21_X1)
                                         _0282_ (net)
                  0.03    0.00    1.38 ^ _4219_/B (XOR2_X2)
     1    2.88    0.02    0.05    1.44 ^ _4219_/Z (XOR2_X2)
                                         net90 (net)
                  0.02    0.00    1.44 ^ output90/A (BUF_X1)
     1    0.70    0.01    0.02    1.46 ^ output90/Z (BUF_X1)
                                         out36407[33] (net)
                  0.01    0.00    1.46 ^ out36407[33] (out)
                                  1.46   data arrival time
-----------------------------------------------------------------------------
(Path is unconstrained)



==========================================================================
finish report_check_types -max_slew -max_cap -max_fanout -violators
--------------------------------------------------------------------------

==========================================================================
finish max_slew_check_slack
--------------------------------------------------------------------------
0.12570372223854065

==========================================================================
finish max_slew_check_limit
--------------------------------------------------------------------------
0.1985349953174591

==========================================================================
finish max_slew_check_slack_limit
--------------------------------------------------------------------------
0.6332

==========================================================================
finish max_fanout_check_slack
--------------------------------------------------------------------------
1.0000000150474662e+30

==========================================================================
finish max_fanout_check_limit
--------------------------------------------------------------------------
1.0000000150474662e+30

==========================================================================
finish max_capacitance_check_slack
--------------------------------------------------------------------------
10.965463638305664

==========================================================================
finish max_capacitance_check_limit
--------------------------------------------------------------------------
16.021699905395508

==========================================================================
finish max_capacitance_check_slack_limit
--------------------------------------------------------------------------
0.6844

==========================================================================
finish max_slew_violation_count
--------------------------------------------------------------------------
max slew violation count 0

==========================================================================
finish max_fanout_violation_count
--------------------------------------------------------------------------
max fanout violation count 0

==========================================================================
finish max_cap_violation_count
--------------------------------------------------------------------------
max cap violation count 0

==========================================================================
finish setup_violation_count
--------------------------------------------------------------------------
setup violation count 0

==========================================================================
finish hold_violation_count
--------------------------------------------------------------------------
hold violation count 0

==========================================================================
finish critical path delay
--------------------------------------------------------------------------
-1

==========================================================================
finish critical path slack
--------------------------------------------------------------------------
0

==========================================================================
finish slack div critical path delay
--------------------------------------------------------------------------
0.000000

==========================================================================
finish report_power
--------------------------------------------------------------------------
Group                  Internal  Switching    Leakage      Total
                          Power      Power      Power      Power (Watts)
----------------------------------------------------------------
Sequential             0.00e+00   0.00e+00   0.00e+00   0.00e+00   0.0%
Combinational          1.54e-02   1.38e-02   8.79e-05   2.93e-02 100.0%
Clock                  0.00e+00   0.00e+00   0.00e+00   0.00e+00   0.0%
Macro                  0.00e+00   0.00e+00   0.00e+00   0.00e+00   0.0%
Pad                    0.00e+00   0.00e+00   0.00e+00   0.00e+00   0.0%
----------------------------------------------------------------
Total                  1.54e-02   1.38e-02   8.79e-05   2.93e-02 100.0%
                          52.6%      47.1%       0.3%
