
==========================================================================
finish report_tns
--------------------------------------------------------------------------
tns 0.00

==========================================================================
finish report_wns
--------------------------------------------------------------------------
wns 0.00

==========================================================================
finish report_worst_slack
--------------------------------------------------------------------------
worst slack INF

==========================================================================
finish report_clock_skew
--------------------------------------------------------------------------
Clock clk
No launch/capture paths found.


==========================================================================
finish report_checks -path_delay min
--------------------------------------------------------------------------
No paths found.

==========================================================================
finish report_checks -path_delay max
--------------------------------------------------------------------------
No paths found.

==========================================================================
finish report_checks -unconstrained
--------------------------------------------------------------------------
Startpoint: mant_product[16] (input port)
Endpoint: out20856[0] (output port)
Path Group: unconstrained
Path Type: max

Fanout     Cap    Slew   Delay    Time   Description
-----------------------------------------------------------------------------
                          0.00    0.00 v input external delay
     1    2.49    0.00    0.00    0.00 v mant_product[16] (in)
                                         mant_product[16] (net)
                  0.00    0.00    0.00 v input16/A (BUF_X2)
     3   11.07    0.01    0.03    0.03 v input16/Z (BUF_X2)
                                         net16 (net)
                  0.01    0.00    0.03 v _127_/A4 (OR4_X2)
     2    8.07    0.02    0.12    0.15 v _127_/ZN (OR4_X2)
                                         _099_ (net)
                  0.02    0.00    0.15 v _128_/A3 (NOR3_X4)
     3   15.49    0.04    0.07    0.22 ^ _128_/ZN (NOR3_X4)
                                         _100_ (net)
                  0.04    0.00    0.22 ^ _129_/A4 (NAND4_X4)
     4   13.77    0.02    0.04    0.26 v _129_/ZN (NAND4_X4)
                                         _101_ (net)
                  0.02    0.00    0.26 v _137_/A1 (OR2_X1)
     3    8.22    0.02    0.06    0.33 v _137_/ZN (OR2_X1)
                                         _109_ (net)
                  0.02    0.00    0.33 v _188_/B2 (OAI221_X2)
     1    7.45    0.05    0.06    0.39 ^ _188_/ZN (OAI221_X2)
                                         net57 (net)
                  0.05    0.00    0.39 ^ output57/A (BUF_X1)
     1    1.15    0.01    0.03    0.42 ^ output57/Z (BUF_X1)
                                         out20856[0] (net)
                  0.01    0.00    0.42 ^ out20856[0] (out)
                                  0.42   data arrival time
-----------------------------------------------------------------------------
(Path is unconstrained)



==========================================================================
finish report_check_types -max_slew -max_cap -max_fanout -violators
--------------------------------------------------------------------------

==========================================================================
finish max_slew_check_slack
--------------------------------------------------------------------------
0.14008170366287231

==========================================================================
finish max_slew_check_limit
--------------------------------------------------------------------------
0.1985349953174591

==========================================================================
finish max_slew_check_slack_limit
--------------------------------------------------------------------------
0.7056

==========================================================================
finish max_fanout_check_slack
--------------------------------------------------------------------------
1.0000000150474662e+30

==========================================================================
finish max_fanout_check_limit
--------------------------------------------------------------------------
1.0000000150474662e+30

==========================================================================
finish max_capacitance_check_slack
--------------------------------------------------------------------------
12.468521118164062

==========================================================================
finish max_capacitance_check_limit
--------------------------------------------------------------------------
16.021699905395508

==========================================================================
finish max_capacitance_check_slack_limit
--------------------------------------------------------------------------
0.7782

==========================================================================
finish max_slew_violation_count
--------------------------------------------------------------------------
max slew violation count 0

==========================================================================
finish max_fanout_violation_count
--------------------------------------------------------------------------
max fanout violation count 0

==========================================================================
finish max_cap_violation_count
--------------------------------------------------------------------------
max cap violation count 0

==========================================================================
finish setup_violation_count
--------------------------------------------------------------------------
setup violation count 0

==========================================================================
finish hold_violation_count
--------------------------------------------------------------------------
hold violation count 0

==========================================================================
finish critical path delay
--------------------------------------------------------------------------
-1

==========================================================================
finish critical path slack
--------------------------------------------------------------------------
0

==========================================================================
finish slack div critical path delay
--------------------------------------------------------------------------
0.000000

==========================================================================
finish report_power
--------------------------------------------------------------------------
Group                  Internal  Switching    Leakage      Total
                          Power      Power      Power      Power (Watts)
----------------------------------------------------------------
Sequential             0.00e+00   0.00e+00   0.00e+00   0.00e+00   0.0%
Combinational          3.66e-05   4.45e-05   6.99e-06   8.81e-05 100.0%
Clock                  0.00e+00   0.00e+00   0.00e+00   0.00e+00   0.0%
Macro                  0.00e+00   0.00e+00   0.00e+00   0.00e+00   0.0%
Pad                    0.00e+00   0.00e+00   0.00e+00   0.00e+00   0.0%
----------------------------------------------------------------
Total                  3.66e-05   4.45e-05   6.99e-06   8.81e-05 100.0%
                          41.6%      50.5%       7.9%
