
==========================================================================
finish report_tns
--------------------------------------------------------------------------
tns 0.00

==========================================================================
finish report_wns
--------------------------------------------------------------------------
wns 0.00

==========================================================================
finish report_worst_slack
--------------------------------------------------------------------------
worst slack INF

==========================================================================
finish report_clock_skew
--------------------------------------------------------------------------
Clock clk
No launch/capture paths found.


==========================================================================
finish report_checks -path_delay min
--------------------------------------------------------------------------
No paths found.

==========================================================================
finish report_checks -path_delay max
--------------------------------------------------------------------------
No paths found.

==========================================================================
finish report_checks -unconstrained
--------------------------------------------------------------------------
Startpoint: leading_zeros[0] (input port)
Endpoint: out43257[6] (output port)
Path Group: unconstrained
Path Type: max

Fanout     Cap    Slew   Delay    Time   Description
-----------------------------------------------------------------------------
                          0.00    0.00 ^ input external delay
     1    1.99    0.00    0.00    0.00 ^ leading_zeros[0] (in)
                                         leading_zeros[0] (net)
                  0.00    0.00    0.00 ^ input1/A (CLKBUF_X2)
     2   10.05    0.01    0.03    0.03 ^ input1/Z (CLKBUF_X2)
                                         net1 (net)
                  0.01    0.00    0.03 ^ _0643_/A (CLKBUF_X3)
     6   18.60    0.02    0.04    0.08 ^ _0643_/Z (CLKBUF_X3)
                                         _0016_ (net)
                  0.02    0.00    0.08 ^ _0653_/A2 (OR2_X1)
     2    5.05    0.01    0.04    0.11 ^ _0653_/ZN (OR2_X1)
                                         _0026_ (net)
                  0.01    0.00    0.11 ^ _0654_/A (CLKBUF_X3)
    10   25.56    0.02    0.05    0.16 ^ _0654_/Z (CLKBUF_X3)
                                         _0027_ (net)
                  0.02    0.00    0.16 ^ _0673_/A (BUF_X4)
    10   41.16    0.02    0.04    0.21 ^ _0673_/Z (BUF_X4)
                                         _0046_ (net)
                  0.03    0.00    0.21 ^ _0790_/A1 (NOR2_X1)
     2    4.25    0.01    0.02    0.23 v _0790_/ZN (NOR2_X1)
                                         _0163_ (net)
                  0.01    0.00    0.23 v _0792_/A3 (OR4_X1)
     3    5.41    0.02    0.12    0.35 v _0792_/ZN (OR4_X1)
                                         _0165_ (net)
                  0.02    0.00    0.35 v _0820_/A (MUX2_X1)
     1    2.09    0.01    0.06    0.42 v _0820_/Z (MUX2_X1)
                                         _0193_ (net)
                  0.01    0.00    0.42 v _0821_/A2 (NOR2_X1)
     2    3.41    0.02    0.04    0.45 ^ _0821_/ZN (NOR2_X1)
                                         _0194_ (net)
                  0.02    0.00    0.45 ^ _0825_/A1 (OR2_X1)
     1    1.72    0.01    0.03    0.48 ^ _0825_/ZN (OR2_X1)
                                         _0198_ (net)
                  0.01    0.00    0.48 ^ _0840_/B1 (AOI22_X1)
     1    1.74    0.01    0.02    0.50 v _0840_/ZN (AOI22_X1)
                                         _0213_ (net)
                  0.01    0.00    0.50 v _0841_/A2 (NOR2_X1)
     1    3.56    0.02    0.04    0.54 ^ _0841_/ZN (NOR2_X1)
                                         _0593_ (net)
                  0.02    0.00    0.54 ^ _1256_/B (HA_X1)
     3   11.66    0.03    0.06    0.60 ^ _1256_/CO (HA_X1)
                                         _0594_ (net)
                  0.03    0.00    0.60 ^ _1257_/B (HA_X1)
     4    9.14    0.02    0.06    0.65 ^ _1257_/CO (HA_X1)
                                         _0597_ (net)
                  0.02    0.00    0.65 ^ _0975_/A1 (NAND3_X2)
     3    7.11    0.02    0.03    0.68 v _0975_/ZN (NAND3_X2)
                                         _0331_ (net)
                  0.02    0.00    0.68 v _0991_/A2 (NOR3_X2)
     2    5.20    0.03    0.06    0.74 ^ _0991_/ZN (NOR3_X2)
                                         _0347_ (net)
                  0.03    0.00    0.74 ^ _1042_/A2 (NAND3_X1)
     1    0.79    0.01    0.02    0.76 v _1042_/ZN (NAND3_X1)
                                         _0398_ (net)
                  0.01    0.00    0.76 v _1133_/A1 (OR3_X1)
     2    4.86    0.02    0.07    0.84 v _1133_/ZN (OR3_X1)
                                         _0489_ (net)
                  0.02    0.00    0.84 v _1134_/A (INV_X1)
     1    5.35    0.01    0.03    0.86 ^ _1134_/ZN (INV_X1)
                                         _0622_ (net)
                  0.01    0.00    0.86 ^ _1266_/B (HA_X1)
     2    5.41    0.02    0.04    0.90 ^ _1266_/CO (HA_X1)
                                         _0623_ (net)
                  0.02    0.00    0.90 ^ _1267_/B (HA_X1)
     2    4.49    0.01    0.04    0.94 ^ _1267_/CO (HA_X1)
                                         _0625_ (net)
                  0.01    0.00    0.95 ^ _1238_/A2 (NAND3_X1)
     2    4.07    0.02    0.03    0.97 v _1238_/ZN (NAND3_X1)
                                         _0568_ (net)
                  0.02    0.00    0.97 v _1245_/A1 (NOR2_X1)
     1    2.42    0.02    0.03    1.00 ^ _1245_/ZN (NOR2_X1)
                                         _0573_ (net)
                  0.02    0.00    1.00 ^ _1246_/B (XOR2_X1)
     1    0.99    0.02    0.04    1.05 ^ _1246_/Z (XOR2_X1)
                                         net89 (net)
                  0.02    0.00    1.05 ^ output89/A (BUF_X1)
     1    0.41    0.00    0.02    1.07 ^ output89/Z (BUF_X1)
                                         out43257[6] (net)
                  0.00    0.00    1.07 ^ out43257[6] (out)
                                  1.07   data arrival time
-----------------------------------------------------------------------------
(Path is unconstrained)



==========================================================================
finish report_check_types -max_slew -max_cap -max_fanout -violators
--------------------------------------------------------------------------

==========================================================================
finish max_slew_check_slack
--------------------------------------------------------------------------
0.12085457891225815

==========================================================================
finish max_slew_check_limit
--------------------------------------------------------------------------
0.1985349953174591

==========================================================================
finish max_slew_check_slack_limit
--------------------------------------------------------------------------
0.6087

==========================================================================
finish max_fanout_check_slack
--------------------------------------------------------------------------
1.0000000150474662e+30

==========================================================================
finish max_fanout_check_limit
--------------------------------------------------------------------------
1.0000000150474662e+30

==========================================================================
finish max_capacitance_check_slack
--------------------------------------------------------------------------
7.027706623077393

==========================================================================
finish max_capacitance_check_limit
--------------------------------------------------------------------------
11.482199668884277

==========================================================================
finish max_capacitance_check_slack_limit
--------------------------------------------------------------------------
0.6121

==========================================================================
finish max_slew_violation_count
--------------------------------------------------------------------------
max slew violation count 0

==========================================================================
finish max_fanout_violation_count
--------------------------------------------------------------------------
max fanout violation count 0

==========================================================================
finish max_cap_violation_count
--------------------------------------------------------------------------
max cap violation count 0

==========================================================================
finish setup_violation_count
--------------------------------------------------------------------------
setup violation count 0

==========================================================================
finish hold_violation_count
--------------------------------------------------------------------------
hold violation count 0

==========================================================================
finish critical path delay
--------------------------------------------------------------------------
-1

==========================================================================
finish critical path slack
--------------------------------------------------------------------------
0

==========================================================================
finish slack div critical path delay
--------------------------------------------------------------------------
0.000000

==========================================================================
finish report_power
--------------------------------------------------------------------------
Group                  Internal  Switching    Leakage      Total
                          Power      Power      Power      Power (Watts)
----------------------------------------------------------------
Sequential             0.00e+00   0.00e+00   0.00e+00   0.00e+00   0.0%
Combinational          2.57e-04   2.64e-04   3.23e-05   5.53e-04 100.0%
Clock                  0.00e+00   0.00e+00   0.00e+00   0.00e+00   0.0%
Macro                  0.00e+00   0.00e+00   0.00e+00   0.00e+00   0.0%
Pad                    0.00e+00   0.00e+00   0.00e+00   0.00e+00   0.0%
----------------------------------------------------------------
Total                  2.57e-04   2.64e-04   3.23e-05   5.53e-04 100.0%
                          46.4%      47.8%       5.8%
