
==========================================================================
finish report_tns
--------------------------------------------------------------------------
tns 0.00

==========================================================================
finish report_wns
--------------------------------------------------------------------------
wns 0.00

==========================================================================
finish report_worst_slack
--------------------------------------------------------------------------
worst slack INF

==========================================================================
finish report_clock_skew
--------------------------------------------------------------------------
Clock clk
No launch/capture paths found.


==========================================================================
finish report_checks -path_delay min
--------------------------------------------------------------------------
No paths found.

==========================================================================
finish report_checks -path_delay max
--------------------------------------------------------------------------
No paths found.

==========================================================================
finish report_checks -unconstrained
--------------------------------------------------------------------------
Startpoint: leading_zeros[0] (input port)
Endpoint: out8084[7] (output port)
Path Group: unconstrained
Path Type: max

Fanout     Cap    Slew   Delay    Time   Description
-----------------------------------------------------------------------------
                          0.00    0.00 ^ input external delay
     1    3.21    0.00    0.00    0.00 ^ leading_zeros[0] (in)
                                         leading_zeros[0] (net)
                  0.00    0.00    0.00 ^ input1/A (BUF_X2)
     4   15.22    0.02    0.03    0.03 ^ input1/Z (BUF_X2)
                                         net1 (net)
                  0.02    0.00    0.03 ^ _216_/A (BUF_X4)
    10   23.05    0.02    0.03    0.07 ^ _216_/Z (BUF_X4)
                                         _148_ (net)
                  0.02    0.00    0.07 ^ _217_/A (CLKBUF_X3)
    10   21.54    0.02    0.05    0.12 ^ _217_/Z (CLKBUF_X3)
                                         _149_ (net)
                  0.02    0.00    0.12 ^ _226_/S (MUX2_X1)
     1    1.78    0.01    0.06    0.18 v _226_/Z (MUX2_X1)
                                         _158_ (net)
                  0.01    0.00    0.18 v _229_/B (MUX2_X2)
     4   12.91    0.01    0.07    0.24 v _229_/Z (MUX2_X2)
                                         _161_ (net)
                  0.01    0.00    0.24 v _233_/A2 (NOR3_X1)
     1    1.80    0.03    0.05    0.29 ^ _233_/ZN (NOR3_X1)
                                         _001_ (net)
                  0.03    0.00    0.29 ^ _234_/A2 (NOR2_X1)
     1    1.43    0.01    0.01    0.30 v _234_/ZN (NOR2_X1)
                                         _002_ (net)
                  0.01    0.00    0.30 v _259_/A1 (OR3_X1)
     1    0.93    0.01    0.06    0.37 v _259_/ZN (OR3_X1)
                                         _027_ (net)
                  0.01    0.00    0.37 v _265_/A2 (AND4_X1)
     1    3.79    0.01    0.04    0.41 v _265_/ZN (AND4_X1)
                                         _173_ (net)
                  0.01    0.00    0.41 v _401_/B (HA_X1)
     2    5.07    0.01    0.04    0.44 v _401_/CO (HA_X1)
                                         _174_ (net)
                  0.01    0.00    0.44 v _402_/A (HA_X1)
     1    1.23    0.01    0.03    0.47 v _402_/CO (HA_X1)
                                         _177_ (net)
                  0.01    0.00    0.47 v _296_/A (BUF_X1)
     6    8.54    0.01    0.04    0.51 v _296_/Z (BUF_X1)
                                         _063_ (net)
                  0.01    0.00    0.51 v _321_/A1 (AND3_X1)
     2    3.57    0.01    0.04    0.54 v _321_/ZN (AND3_X1)
                                         _088_ (net)
                  0.01    0.00    0.54 v _322_/A3 (NAND3_X1)
     1    4.45    0.02    0.03    0.57 ^ _322_/ZN (NAND3_X1)
                                         _165_ (net)
                  0.02    0.00    0.57 ^ _399_/CI (FA_X1)
     1    2.05    0.01    0.05    0.62 ^ _399_/CO (FA_X1)
                                         _166_ (net)
                  0.01    0.00    0.62 ^ _338_/A (INV_X1)
     1    3.33    0.01    0.01    0.63 v _338_/ZN (INV_X1)
                                         _206_ (net)
                  0.01    0.00    0.63 v _414_/A (HA_X1)
     2    5.51    0.01    0.03    0.66 v _414_/CO (HA_X1)
                                         _168_ (net)
                  0.01    0.00    0.66 v _400_/A (FA_X1)
     2    4.27    0.02    0.08    0.74 v _400_/CO (FA_X1)
                                         _171_ (net)
                  0.02    0.00    0.74 v _386_/B2 (AOI21_X1)
     1    2.05    0.02    0.04    0.77 ^ _386_/ZN (AOI21_X1)
                                         _133_ (net)
                  0.02    0.00    0.78 ^ _387_/B1 (OAI21_X1)
     2    4.15    0.01    0.02    0.80 v _387_/ZN (OAI21_X1)
                                         _134_ (net)
                  0.01    0.00    0.80 v _393_/B1 (AOI21_X1)
     1    2.01    0.02    0.03    0.83 ^ _393_/ZN (AOI21_X1)
                                         _138_ (net)
                  0.02    0.00    0.83 ^ _394_/A (INV_X1)
     1    1.74    0.01    0.01    0.84 v _394_/ZN (INV_X1)
                                         _139_ (net)
                  0.01    0.00    0.84 v _395_/B1 (AOI21_X1)
     1    2.59    0.03    0.03    0.87 ^ _395_/ZN (AOI21_X1)
                                         _140_ (net)
                  0.03    0.00    0.87 ^ _398_/A (XNOR2_X1)
     1    2.13    0.02    0.04    0.91 ^ _398_/ZN (XNOR2_X1)
                                         net44 (net)
                  0.02    0.00    0.91 ^ output44/A (BUF_X1)
     1    1.43    0.01    0.03    0.94 ^ output44/Z (BUF_X1)
                                         out8084[7] (net)
                  0.01    0.00    0.94 ^ out8084[7] (out)
                                  0.94   data arrival time
-----------------------------------------------------------------------------
(Path is unconstrained)



==========================================================================
finish report_check_types -max_slew -max_cap -max_fanout -violators
--------------------------------------------------------------------------

==========================================================================
finish max_slew_check_slack
--------------------------------------------------------------------------
0.1344485729932785

==========================================================================
finish max_slew_check_limit
--------------------------------------------------------------------------
0.1985349953174591

==========================================================================
finish max_slew_check_slack_limit
--------------------------------------------------------------------------
0.6772

==========================================================================
finish max_fanout_check_slack
--------------------------------------------------------------------------
1.0000000150474662e+30

==========================================================================
finish max_fanout_check_limit
--------------------------------------------------------------------------
1.0000000150474662e+30

==========================================================================
finish max_capacitance_check_slack
--------------------------------------------------------------------------
9.045278549194336

==========================================================================
finish max_capacitance_check_limit
--------------------------------------------------------------------------
11.482199668884277

==========================================================================
finish max_capacitance_check_slack_limit
--------------------------------------------------------------------------
0.7878

==========================================================================
finish max_slew_violation_count
--------------------------------------------------------------------------
max slew violation count 0

==========================================================================
finish max_fanout_violation_count
--------------------------------------------------------------------------
max fanout violation count 0

==========================================================================
finish max_cap_violation_count
--------------------------------------------------------------------------
max cap violation count 0

==========================================================================
finish setup_violation_count
--------------------------------------------------------------------------
setup violation count 0

==========================================================================
finish hold_violation_count
--------------------------------------------------------------------------
hold violation count 0

==========================================================================
finish critical path delay
--------------------------------------------------------------------------
-1

==========================================================================
finish critical path slack
--------------------------------------------------------------------------
0

==========================================================================
finish slack div critical path delay
--------------------------------------------------------------------------
0.000000

==========================================================================
finish report_power
--------------------------------------------------------------------------
Group                  Internal  Switching    Leakage      Total
                          Power      Power      Power      Power (Watts)
----------------------------------------------------------------
Sequential             0.00e+00   0.00e+00   0.00e+00   0.00e+00   0.0%
Combinational          1.07e-04   9.25e-05   7.97e-06   2.07e-04 100.0%
Clock                  0.00e+00   0.00e+00   0.00e+00   0.00e+00   0.0%
Macro                  0.00e+00   0.00e+00   0.00e+00   0.00e+00   0.0%
Pad                    0.00e+00   0.00e+00   0.00e+00   0.00e+00   0.0%
----------------------------------------------------------------
Total                  1.07e-04   9.25e-05   7.97e-06   2.07e-04 100.0%
                          51.5%      44.7%       3.9%
