
==========================================================================
finish report_tns
--------------------------------------------------------------------------
tns 0.00

==========================================================================
finish report_wns
--------------------------------------------------------------------------
wns 0.00

==========================================================================
finish report_worst_slack
--------------------------------------------------------------------------
worst slack INF

==========================================================================
finish report_clock_skew
--------------------------------------------------------------------------
Clock clk
No launch/capture paths found.


==========================================================================
finish report_checks -path_delay min
--------------------------------------------------------------------------
No paths found.

==========================================================================
finish report_checks -path_delay max
--------------------------------------------------------------------------
No paths found.

==========================================================================
finish report_checks -unconstrained
--------------------------------------------------------------------------
Startpoint: float_b[22] (input port)
Endpoint: out20853[45] (output port)
Path Group: unconstrained
Path Type: max

Fanout     Cap    Slew   Delay    Time   Description
-----------------------------------------------------------------------------
                          0.00    0.00 ^ input external delay
     1    1.52    0.00    0.00    0.00 ^ float_b[22] (in)
                                         float_b[22] (net)
                  0.00    0.00    0.00 ^ input27/A (BUF_X1)
     2    7.83    0.02    0.03    0.03 ^ input27/Z (BUF_X1)
                                         net27 (net)
                  0.02    0.00    0.03 ^ _3049_/A (BUF_X1)
     4   10.80    0.03    0.05    0.08 ^ _3049_/Z (BUF_X1)
                                         _0108_ (net)
                  0.03    0.00    0.08 ^ _3286_/A (BUF_X4)
    10   28.43    0.02    0.04    0.12 ^ _3286_/Z (BUF_X4)
                                         _0123_ (net)
                  0.02    0.01    0.12 ^ _3306_/A2 (NAND2_X1)
     1    8.90    0.02    0.03    0.16 v _3306_/ZN (NAND2_X1)
                                         _1898_ (net)
                  0.02    0.00    0.16 v _4499_/B (FA_X1)
     1    4.16    0.02    0.13    0.29 ^ _4499_/S (FA_X1)
                                         _1901_ (net)
                  0.02    0.00    0.29 ^ _4500_/A (FA_X1)
     1    4.56    0.02    0.09    0.38 v _4500_/S (FA_X1)
                                         _1905_ (net)
                  0.02    0.00    0.38 v _4501_/A (FA_X1)
     1    4.40    0.02    0.11    0.49 v _4501_/S (FA_X1)
                                         _1907_ (net)
                  0.02    0.00    0.49 v _4502_/B (FA_X1)
     1    1.73    0.01    0.12    0.61 ^ _4502_/S (FA_X1)
                                         _1909_ (net)
                  0.01    0.00    0.61 ^ _3553_/A (INV_X1)
     1    4.11    0.01    0.01    0.62 v _3553_/ZN (INV_X1)
                                         _1910_ (net)
                  0.01    0.00    0.62 v _4503_/A (FA_X1)
     1    2.06    0.01    0.11    0.73 ^ _4503_/S (FA_X1)
                                         _1913_ (net)
                  0.01    0.00    0.73 ^ _3411_/A (INV_X1)
     1    3.21    0.01    0.01    0.74 v _3411_/ZN (INV_X1)
                                         _1917_ (net)
                  0.01    0.00    0.74 v _4505_/CI (FA_X1)
     1    2.92    0.01    0.11    0.85 ^ _4505_/S (FA_X1)
                                         _1919_ (net)
                  0.01    0.00    0.85 ^ _4506_/CI (FA_X1)
     1    8.70    0.02    0.10    0.96 v _4506_/S (FA_X1)
                                         _1921_ (net)
                  0.02    0.00    0.96 v _3650_/A (INV_X1)
     1    3.72    0.01    0.02    0.98 ^ _3650_/ZN (INV_X1)
                                         _2555_ (net)
                  0.01    0.00    0.98 ^ _4702_/B (HA_X1)
     1    3.64    0.03    0.06    1.04 ^ _4702_/S (HA_X1)
                                         _2557_ (net)
                  0.03    0.00    1.04 ^ _3925_/A (BUF_X4)
     8   17.79    0.01    0.03    1.07 ^ _3925_/Z (BUF_X4)
                                         _0312_ (net)
                  0.01    0.00    1.07 ^ _3943_/A2 (NAND2_X1)
     3    5.57    0.01    0.02    1.10 v _3943_/ZN (NAND2_X1)
                                         _0329_ (net)
                  0.01    0.00    1.10 v _3944_/A2 (NOR2_X1)
     3    6.89    0.04    0.06    1.15 ^ _3944_/ZN (NOR2_X1)
                                         _0330_ (net)
                  0.04    0.00    1.15 ^ _3949_/A2 (NAND2_X1)
     1    4.09    0.02    0.03    1.18 v _3949_/ZN (NAND2_X1)
                                         _0335_ (net)
                  0.02    0.00    1.18 v _3950_/B (AOI211_X2)
     3   13.48    0.07    0.11    1.28 ^ _3950_/ZN (AOI211_X2)
                                         _0336_ (net)
                  0.07    0.00    1.29 ^ _4018_/C2 (OAI211_X4)
     3    8.44    0.03    0.04    1.33 v _4018_/ZN (OAI211_X4)
                                         _0398_ (net)
                  0.03    0.00    1.33 v _4041_/A1 (OR2_X1)
     2    4.88    0.01    0.06    1.39 v _4041_/ZN (OR2_X1)
                                         _0419_ (net)
                  0.01    0.00    1.39 v _4085_/B1 (OAI221_X2)
     1    3.59    0.04    0.05    1.43 ^ _4085_/ZN (OAI221_X2)
                                         _0459_ (net)
                  0.04    0.00    1.43 ^ _4086_/B (XOR2_X1)
     1    1.76    0.02    0.05    1.49 ^ _4086_/Z (XOR2_X1)
                                         net93 (net)
                  0.02    0.00    1.49 ^ output93/A (BUF_X1)
     1    0.48    0.01    0.02    1.51 ^ output93/Z (BUF_X1)
                                         out20853[45] (net)
                  0.01    0.00    1.51 ^ out20853[45] (out)
                                  1.51   data arrival time
-----------------------------------------------------------------------------
(Path is unconstrained)



==========================================================================
finish report_check_types -max_slew -max_cap -max_fanout -violators
--------------------------------------------------------------------------

==========================================================================
finish max_slew_check_slack
--------------------------------------------------------------------------
0.12722498178482056

==========================================================================
finish max_slew_check_limit
--------------------------------------------------------------------------
0.1985349953174591

==========================================================================
finish max_slew_check_slack_limit
--------------------------------------------------------------------------
0.6408

==========================================================================
finish max_fanout_check_slack
--------------------------------------------------------------------------
1.0000000150474662e+30

==========================================================================
finish max_fanout_check_limit
--------------------------------------------------------------------------
1.0000000150474662e+30

==========================================================================
finish max_capacitance_check_slack
--------------------------------------------------------------------------
7.221304893493652

==========================================================================
finish max_capacitance_check_limit
--------------------------------------------------------------------------
10.47130012512207

==========================================================================
finish max_capacitance_check_slack_limit
--------------------------------------------------------------------------
0.6896

==========================================================================
finish max_slew_violation_count
--------------------------------------------------------------------------
max slew violation count 0

==========================================================================
finish max_fanout_violation_count
--------------------------------------------------------------------------
max fanout violation count 0

==========================================================================
finish max_cap_violation_count
--------------------------------------------------------------------------
max cap violation count 0

==========================================================================
finish setup_violation_count
--------------------------------------------------------------------------
setup violation count 0

==========================================================================
finish hold_violation_count
--------------------------------------------------------------------------
hold violation count 0

==========================================================================
finish critical path delay
--------------------------------------------------------------------------
-1

==========================================================================
finish critical path slack
--------------------------------------------------------------------------
0

==========================================================================
finish slack div critical path delay
--------------------------------------------------------------------------
0.000000

==========================================================================
finish report_power
--------------------------------------------------------------------------
Group                  Internal  Switching    Leakage      Total
                          Power      Power      Power      Power (Watts)
----------------------------------------------------------------
Sequential             0.00e+00   0.00e+00   0.00e+00   0.00e+00   0.0%
Combinational          1.68e-02   1.49e-02   8.63e-05   3.18e-02 100.0%
Clock                  0.00e+00   0.00e+00   0.00e+00   0.00e+00   0.0%
Macro                  0.00e+00   0.00e+00   0.00e+00   0.00e+00   0.0%
Pad                    0.00e+00   0.00e+00   0.00e+00   0.00e+00   0.0%
----------------------------------------------------------------
Total                  1.68e-02   1.49e-02   8.63e-05   3.18e-02 100.0%
                          53.0%      46.8%       0.3%
