
==========================================================================
finish report_tns
--------------------------------------------------------------------------
tns 0.00

==========================================================================
finish report_wns
--------------------------------------------------------------------------
wns 0.00

==========================================================================
finish report_worst_slack
--------------------------------------------------------------------------
worst slack INF

==========================================================================
finish report_clock_skew
--------------------------------------------------------------------------
Clock clk
No launch/capture paths found.


==========================================================================
finish report_checks -path_delay min
--------------------------------------------------------------------------
No paths found.

==========================================================================
finish report_checks -path_delay max
--------------------------------------------------------------------------
No paths found.

==========================================================================
finish report_checks -unconstrained
--------------------------------------------------------------------------
Startpoint: float_b[16] (input port)
Endpoint: out19514[30] (output port)
Path Group: unconstrained
Path Type: max

Fanout     Cap    Slew   Delay    Time   Description
-----------------------------------------------------------------------------
                          0.00    0.00 ^ input external delay
     1    1.98    0.00    0.00    0.00 ^ float_b[16] (in)
                                         float_b[16] (net)
                  0.00    0.00    0.00 ^ input19/A (BUF_X1)
     2    8.58    0.02    0.03    0.03 ^ input19/Z (BUF_X1)
                                         net19 (net)
                  0.02    0.00    0.04 ^ _4098_/A (BUF_X2)
     5   17.51    0.02    0.04    0.08 ^ _4098_/Z (BUF_X2)
                                         _0061_ (net)
                  0.02    0.00    0.08 ^ _4099_/A (BUF_X4)
    10   31.59    0.02    0.04    0.12 ^ _4099_/Z (BUF_X4)
                                         _0062_ (net)
                  0.02    0.00    0.12 ^ _4347_/A2 (AND2_X1)
     1    3.77    0.01    0.04    0.16 ^ _4347_/ZN (AND2_X1)
                                         _3138_ (net)
                  0.01    0.00    0.16 ^ _7103_/B (FA_X1)
     1    3.52    0.02    0.10    0.26 v _7103_/S (FA_X1)
                                         _3140_ (net)
                  0.02    0.00    0.26 v _7120_/B (FA_X1)
     1    1.99    0.01    0.12    0.38 ^ _7120_/S (FA_X1)
                                         _3214_ (net)
                  0.01    0.00    0.38 ^ _5660_/A (INV_X1)
     1    3.47    0.01    0.01    0.39 v _5660_/ZN (INV_X1)
                                         _3293_ (net)
                  0.01    0.00    0.39 v _7139_/B (FA_X1)
     1    4.66    0.02    0.10    0.49 v _7139_/S (FA_X1)
                                         _3295_ (net)
                  0.02    0.00    0.49 v _7145_/B (FA_X1)
     1    2.12    0.01    0.12    0.61 ^ _7145_/S (FA_X1)
                                         _3322_ (net)
                  0.01    0.00    0.61 ^ _5826_/A (INV_X1)
     1    3.92    0.01    0.01    0.62 v _5826_/ZN (INV_X1)
                                         _3335_ (net)
                  0.01    0.00    0.62 v _7149_/A (FA_X1)
     1    4.15    0.02    0.10    0.73 v _7149_/S (FA_X1)
                                         _3337_ (net)
                  0.02    0.00    0.73 v _7169_/CI (FA_X1)
     1    3.90    0.02    0.12    0.85 ^ _7169_/S (FA_X1)
                                         _3422_ (net)
                  0.02    0.00    0.85 ^ _5531_/A (INV_X1)
     1    3.88    0.01    0.01    0.86 v _5531_/ZN (INV_X1)
                                         _3498_ (net)
                  0.01    0.00    0.86 v _7188_/A (FA_X1)
     1    3.35    0.01    0.12    0.97 ^ _7188_/S (FA_X1)
                                         _3502_ (net)
                  0.01    0.00    0.97 ^ _6238_/A (INV_X1)
     1    3.72    0.01    0.01    0.99 v _6238_/ZN (INV_X1)
                                         _3931_ (net)
                  0.01    0.00    0.99 v _7356_/B (HA_X1)
     1    1.81    0.01    0.05    1.04 v _7356_/S (HA_X1)
                                         _3933_ (net)
                  0.01    0.00    1.04 v _4435_/A (BUF_X2)
     5   15.31    0.01    0.04    1.08 v _4435_/Z (BUF_X2)
                                         _0166_ (net)
                  0.01    0.00    1.08 v _4436_/A (BUF_X4)
    10   20.28    0.01    0.03    1.11 v _4436_/Z (BUF_X4)
                                         _0167_ (net)
                  0.01    0.00    1.11 v _4437_/B2 (AOI21_X2)
     2    7.22    0.03    0.04    1.15 ^ _4437_/ZN (AOI21_X2)
                                         _0168_ (net)
                  0.03    0.00    1.15 ^ _4612_/A (OAI21_X2)
     1    5.88    0.01    0.03    1.18 v _4612_/ZN (OAI21_X2)
                                         _0343_ (net)
                  0.01    0.00    1.18 v _4616_/A (AOI21_X4)
     4   17.33    0.03    0.05    1.23 ^ _4616_/ZN (AOI21_X4)
                                         _0347_ (net)
                  0.03    0.00    1.23 ^ _4625_/A3 (NAND3_X2)
     2    7.52    0.02    0.03    1.26 v _4625_/ZN (NAND3_X2)
                                         _0356_ (net)
                  0.02    0.00    1.26 v _4629_/A2 (AND4_X2)
     2    9.14    0.01    0.04    1.31 v _4629_/ZN (AND4_X2)
                                         _0360_ (net)
                  0.01    0.00    1.31 v _4630_/A2 (OR2_X2)
     5   16.44    0.02    0.06    1.37 v _4630_/ZN (OR2_X2)
                                         _0361_ (net)
                  0.02    0.00    1.37 v _4682_/A3 (OR4_X1)
     1    3.12    0.02    0.12    1.49 v _4682_/ZN (OR4_X1)
                                         _0413_ (net)
                  0.02    0.00    1.49 v _4683_/A (BUF_X4)
     8   36.07    0.01    0.04    1.53 v _4683_/Z (BUF_X4)
                                         _0414_ (net)
                  0.01    0.01    1.53 v _4877_/A1 (NOR3_X4)
     3   16.07    0.04    0.05    1.59 ^ _4877_/ZN (NOR3_X4)
                                         _0608_ (net)
                  0.04    0.00    1.59 ^ _4998_/A (OAI211_X4)
     3   16.24    0.02    0.04    1.63 v _4998_/ZN (OAI211_X4)
                                         _0724_ (net)
                  0.02    0.00    1.63 v _5016_/A (OAI221_X2)
     1    3.61    0.04    0.03    1.66 ^ _5016_/ZN (OAI221_X2)
                                         _0742_ (net)
                  0.04    0.00    1.66 ^ _5017_/A (BUF_X4)
     9   48.73    0.03    0.05    1.71 ^ _5017_/Z (BUF_X4)
                                         _0743_ (net)
                  0.03    0.01    1.72 ^ _5142_/A (BUF_X8)
    10   38.59    0.01    0.03    1.75 ^ _5142_/Z (BUF_X8)
                                         _0868_ (net)
                  0.01    0.00    1.75 ^ _5227_/S (MUX2_X2)
     3   13.98    0.02    0.09    1.84 v _5227_/Z (MUX2_X2)
                                         _0952_ (net)
                  0.02    0.00    1.84 v _5228_/B1 (AOI22_X4)
     3   13.64    0.03    0.05    1.89 ^ _5228_/ZN (AOI22_X4)
                                         _0953_ (net)
                  0.03    0.00    1.89 ^ _5229_/B (MUX2_X1)
     2    5.49    0.02    0.05    1.95 ^ _5229_/Z (MUX2_X1)
                                         _0954_ (net)
                  0.02    0.00    1.95 ^ _5235_/B1 (OAI221_X2)
     3    8.70    0.02    0.04    1.99 v _5235_/ZN (OAI221_X2)
                                         _0960_ (net)
                  0.02    0.00    1.99 v _5237_/B1 (AOI21_X1)
     1    1.79    0.02    0.03    2.02 ^ _5237_/ZN (AOI21_X1)
                                         _0962_ (net)
                  0.02    0.00    2.02 ^ _5260_/B1 (OAI21_X1)
     2    3.11    0.01    0.02    2.04 v _5260_/ZN (OAI21_X1)
                                         _0985_ (net)
                  0.01    0.00    2.04 v _5383_/A2 (NAND2_X1)
     1    1.87    0.01    0.02    2.06 ^ _5383_/ZN (NAND2_X1)
                                         _1107_ (net)
                  0.01    0.00    2.06 ^ _5384_/A3 (NAND4_X1)
     1    3.04    0.02    0.03    2.09 v _5384_/ZN (NAND4_X1)
                                         _1108_ (net)
                  0.02    0.00    2.09 v _5393_/B1 (AOI22_X2)
     1    3.71    0.03    0.05    2.14 ^ _5393_/ZN (AOI22_X2)
                                         _3955_ (net)
                  0.03    0.00    2.14 ^ _7362_/B (HA_X1)
     2    7.56    0.02    0.05    2.19 ^ _7362_/CO (HA_X1)
                                         _3956_ (net)
                  0.02    0.00    2.19 ^ _7363_/A (HA_X1)
     3    5.84    0.02    0.04    2.24 ^ _7363_/CO (HA_X1)
                                         _3959_ (net)
                  0.02    0.00    2.24 ^ _6253_/A1 (NAND2_X1)
     1    1.67    0.01    0.01    2.25 v _6253_/ZN (NAND2_X1)
                                         _1152_ (net)
                  0.01    0.00    2.25 v _6254_/B3 (OAI33_X1)
     2    5.06    0.08    0.11    2.36 ^ _6254_/ZN (OAI33_X1)
                                         _1153_ (net)
                  0.08    0.00    2.36 ^ _6292_/A (OAI21_X2)
     4    6.25    0.02    0.03    2.39 v _6292_/ZN (OAI21_X2)
                                         _1191_ (net)
                  0.02    0.00    2.39 v _6377_/A1 (OR3_X1)
     1    3.33    0.02    0.07    2.47 v _6377_/ZN (OR3_X1)
                                         _1276_ (net)
                  0.02    0.00    2.47 v _6378_/A (BUF_X4)
     7   29.51    0.01    0.03    2.50 v _6378_/Z (BUF_X4)
                                         _1277_ (net)
                  0.01    0.01    2.51 v _6469_/A1 (NOR3_X4)
     8   20.87    0.05    0.06    2.57 ^ _6469_/ZN (NOR3_X4)
                                         _1368_ (net)
                  0.05    0.00    2.57 ^ _6555_/A1 (NAND2_X2)
     3   10.29    0.02    0.03    2.60 v _6555_/ZN (NAND2_X2)
                                         _3962_ (net)
                  0.02    0.00    2.60 v _7364_/B (HA_X1)
     1    3.82    0.01    0.04    2.64 v _7364_/CO (HA_X1)
                                         _3601_ (net)
                  0.01    0.00    2.64 v _7217_/A (FA_X1)
     1    1.57    0.01    0.10    2.74 v _7217_/S (FA_X1)
                                         _3605_ (net)
                  0.01    0.00    2.74 v _5787_/A (INV_X1)
     1    3.55    0.01    0.02    2.76 ^ _5787_/ZN (INV_X1)
                                         _3967_ (net)
                  0.01    0.00    2.76 ^ _7366_/B (HA_X1)
     2    3.96    0.01    0.04    2.80 ^ _7366_/CO (HA_X1)
                                         _3968_ (net)
                  0.01    0.00    2.80 ^ _5762_/A (INV_X1)
     1    3.03    0.01    0.01    2.81 v _5762_/ZN (INV_X1)
                                         _3610_ (net)
                  0.01    0.00    2.81 v _7219_/CI (FA_X1)
     2    4.02    0.02    0.07    2.88 v _7219_/CO (FA_X1)
                                         _3611_ (net)
                  0.02    0.00    2.88 v _6674_/B2 (OAI21_X1)
     1    3.75    0.03    0.04    2.92 ^ _6674_/ZN (OAI21_X1)
                                         _1525_ (net)
                  0.03    0.00    2.92 ^ _6675_/B1 (AOI21_X2)
     2    4.29    0.01    0.02    2.94 v _6675_/ZN (AOI21_X2)
                                         _1526_ (net)
                  0.01    0.00    2.94 v _6686_/B1 (OAI21_X1)
     1    2.09    0.02    0.03    2.97 ^ _6686_/ZN (OAI21_X1)
                                         _1534_ (net)
                  0.02    0.00    2.97 ^ _6687_/B1 (AOI21_X1)
     1    2.27    0.01    0.02    2.99 v _6687_/ZN (AOI21_X1)
                                         _1535_ (net)
                  0.01    0.00    2.99 v _6691_/A (XNOR2_X1)
     1    1.66    0.01    0.04    3.03 v _6691_/ZN (XNOR2_X1)
                                         _1539_ (net)
                  0.01    0.00    3.03 v _6692_/A2 (NOR2_X1)
     1    1.08    0.01    0.03    3.06 ^ _6692_/ZN (NOR2_X1)
                                         net64 (net)
                  0.01    0.00    3.06 ^ output64/A (BUF_X1)
     1    0.78    0.01    0.02    3.08 ^ output64/Z (BUF_X1)
                                         out19514[30] (net)
                  0.01    0.00    3.08 ^ out19514[30] (out)
                                  3.08   data arrival time
-----------------------------------------------------------------------------
(Path is unconstrained)



==========================================================================
finish report_check_types -max_slew -max_cap -max_fanout -violators
--------------------------------------------------------------------------

==========================================================================
finish max_slew_check_slack
--------------------------------------------------------------------------
0.08337117731571198

==========================================================================
finish max_slew_check_limit
--------------------------------------------------------------------------
0.1985349953174591

==========================================================================
finish max_slew_check_slack_limit
--------------------------------------------------------------------------
0.4199

==========================================================================
finish max_fanout_check_slack
--------------------------------------------------------------------------
1.0000000150474662e+30

==========================================================================
finish max_fanout_check_limit
--------------------------------------------------------------------------
1.0000000150474662e+30

==========================================================================
finish max_capacitance_check_slack
--------------------------------------------------------------------------
1.9648072719573975

==========================================================================
finish max_capacitance_check_limit
--------------------------------------------------------------------------
11.482199668884277

==========================================================================
finish max_capacitance_check_slack_limit
--------------------------------------------------------------------------
0.1711

==========================================================================
finish max_slew_violation_count
--------------------------------------------------------------------------
max slew violation count 0

==========================================================================
finish max_fanout_violation_count
--------------------------------------------------------------------------
max fanout violation count 0

==========================================================================
finish max_cap_violation_count
--------------------------------------------------------------------------
max cap violation count 0

==========================================================================
finish setup_violation_count
--------------------------------------------------------------------------
setup violation count 0

==========================================================================
finish hold_violation_count
--------------------------------------------------------------------------
hold violation count 0

==========================================================================
finish critical path delay
--------------------------------------------------------------------------
-1

==========================================================================
finish critical path slack
--------------------------------------------------------------------------
0

==========================================================================
finish slack div critical path delay
--------------------------------------------------------------------------
0.000000

==========================================================================
finish report_power
--------------------------------------------------------------------------
Group                  Internal  Switching    Leakage      Total
                          Power      Power      Power      Power (Watts)
----------------------------------------------------------------
Sequential             0.00e+00   0.00e+00   0.00e+00   0.00e+00   0.0%
Combinational          8.50e-02   9.13e-02   1.53e-04   1.76e-01 100.0%
Clock                  0.00e+00   0.00e+00   0.00e+00   0.00e+00   0.0%
Macro                  0.00e+00   0.00e+00   0.00e+00   0.00e+00   0.0%
Pad                    0.00e+00   0.00e+00   0.00e+00   0.00e+00   0.0%
----------------------------------------------------------------
Total                  8.50e-02   9.13e-02   1.53e-04   1.76e-01 100.0%
                          48.2%      51.7%       0.1%
