
==========================================================================
finish report_tns
--------------------------------------------------------------------------
tns 0.00

==========================================================================
finish report_wns
--------------------------------------------------------------------------
wns 0.00

==========================================================================
finish report_worst_slack
--------------------------------------------------------------------------
worst slack INF

==========================================================================
finish report_clock_skew
--------------------------------------------------------------------------
Clock clk
No launch/capture paths found.


==========================================================================
finish report_checks -path_delay min
--------------------------------------------------------------------------
No paths found.

==========================================================================
finish report_checks -path_delay max
--------------------------------------------------------------------------
No paths found.

==========================================================================
finish report_checks -unconstrained
--------------------------------------------------------------------------
Startpoint: float_a[1] (input port)
Endpoint: out2227[6] (output port)
Path Group: unconstrained
Path Type: max

Fanout     Cap    Slew   Delay    Time   Description
-----------------------------------------------------------------------------
                          0.00    0.00 ^ input external delay
     1    1.94    0.00    0.00    0.00 ^ float_a[1] (in)
                                         float_a[1] (net)
                  0.00    0.00    0.00 ^ input2/A (BUF_X1)
     3    7.89    0.02    0.03    0.03 ^ input2/Z (BUF_X1)
                                         net2 (net)
                  0.02    0.00    0.03 ^ _087_/A1 (NAND2_X1)
     1    3.48    0.01    0.02    0.05 v _087_/ZN (NAND2_X1)
                                         _020_ (net)
                  0.01    0.00    0.05 v _130_/B (FA_X1)
     1    2.32    0.01    0.12    0.18 ^ _130_/S (FA_X1)
                                         _023_ (net)
                  0.01    0.00    0.18 ^ _096_/A (INV_X1)
     1    2.91    0.01    0.01    0.19 v _096_/ZN (INV_X1)
                                         _025_ (net)
                  0.01    0.00    0.19 v _131_/CI (FA_X1)
     2    5.41    0.02    0.12    0.30 ^ _131_/S (FA_X1)
                                         _027_ (net)
                  0.02    0.00    0.30 ^ _092_/A (INV_X1)
     1    2.77    0.01    0.01    0.31 v _092_/ZN (INV_X1)
                                         _043_ (net)
                  0.01    0.00    0.31 v _135_/CI (FA_X1)
     2    4.67    0.02    0.07    0.39 v _135_/CO (FA_X1)
                                         _044_ (net)
                  0.02    0.00    0.39 v _121_/B1 (OAI21_X1)
     1    2.20    0.02    0.03    0.42 ^ _121_/ZN (OAI21_X1)
                                         _008_ (net)
                  0.02    0.00    0.42 ^ _122_/B1 (AOI21_X1)
     1    2.60    0.01    0.02    0.44 v _122_/ZN (AOI21_X1)
                                         _009_ (net)
                  0.01    0.00    0.44 v _123_/B (XNOR2_X1)
     1    0.98    0.01    0.04    0.48 v _123_/ZN (XNOR2_X1)
                                         net29 (net)
                  0.01    0.00    0.48 v output29/A (BUF_X1)
     1    0.86    0.00    0.03    0.50 v output29/Z (BUF_X1)
                                         out2227[6] (net)
                  0.00    0.00    0.50 v out2227[6] (out)
                                  0.50   data arrival time
-----------------------------------------------------------------------------
(Path is unconstrained)



==========================================================================
finish report_check_types -max_slew -max_cap -max_fanout -violators
--------------------------------------------------------------------------

==========================================================================
finish max_slew_check_slack
--------------------------------------------------------------------------
0.15507997572422028

==========================================================================
finish max_slew_check_limit
--------------------------------------------------------------------------
0.1985349953174591

==========================================================================
finish max_slew_check_slack_limit
--------------------------------------------------------------------------
0.7811

==========================================================================
finish max_fanout_check_slack
--------------------------------------------------------------------------
1.0000000150474662e+30

==========================================================================
finish max_fanout_check_limit
--------------------------------------------------------------------------
1.0000000150474662e+30

==========================================================================
finish max_capacitance_check_slack
--------------------------------------------------------------------------
18.708372116088867

==========================================================================
finish max_capacitance_check_limit
--------------------------------------------------------------------------
25.253299713134766

==========================================================================
finish max_capacitance_check_slack_limit
--------------------------------------------------------------------------
0.7408

==========================================================================
finish max_slew_violation_count
--------------------------------------------------------------------------
max slew violation count 0

==========================================================================
finish max_fanout_violation_count
--------------------------------------------------------------------------
max fanout violation count 0

==========================================================================
finish max_cap_violation_count
--------------------------------------------------------------------------
max cap violation count 0

==========================================================================
finish setup_violation_count
--------------------------------------------------------------------------
setup violation count 0

==========================================================================
finish hold_violation_count
--------------------------------------------------------------------------
hold violation count 0

==========================================================================
finish critical path delay
--------------------------------------------------------------------------
-1

==========================================================================
finish critical path slack
--------------------------------------------------------------------------
0

==========================================================================
finish slack div critical path delay
--------------------------------------------------------------------------
0.000000

==========================================================================
finish report_power
--------------------------------------------------------------------------
Group                  Internal  Switching    Leakage      Total
                          Power      Power      Power      Power (Watts)
----------------------------------------------------------------
Sequential             0.00e+00   0.00e+00   0.00e+00   0.00e+00   0.0%
Combinational          9.48e-05   6.66e-05   3.12e-06   1.65e-04 100.0%
Clock                  0.00e+00   0.00e+00   0.00e+00   0.00e+00   0.0%
Macro                  0.00e+00   0.00e+00   0.00e+00   0.00e+00   0.0%
Pad                    0.00e+00   0.00e+00   0.00e+00   0.00e+00   0.0%
----------------------------------------------------------------
Total                  9.48e-05   6.66e-05   3.12e-06   1.65e-04 100.0%
                          57.6%      40.5%       1.9%
