
==========================================================================
finish report_tns
--------------------------------------------------------------------------
tns 0.00

==========================================================================
finish report_wns
--------------------------------------------------------------------------
wns 0.00

==========================================================================
finish report_worst_slack
--------------------------------------------------------------------------
worst slack INF

==========================================================================
finish report_clock_skew
--------------------------------------------------------------------------
Clock clk
No launch/capture paths found.


==========================================================================
finish report_checks -path_delay min
--------------------------------------------------------------------------
No paths found.

==========================================================================
finish report_checks -path_delay max
--------------------------------------------------------------------------
No paths found.

==========================================================================
finish report_checks -unconstrained
--------------------------------------------------------------------------
Startpoint: float_b[13] (input port)
Endpoint: out29299[30] (output port)
Path Group: unconstrained
Path Type: max

Fanout     Cap    Slew   Delay    Time   Description
-----------------------------------------------------------------------------
                          0.00    0.00 v input external delay
     1    1.49    0.00    0.00    0.00 v float_b[13] (in)
                                         float_b[13] (net)
                  0.00    0.00    0.00 v input25/A (BUF_X1)
     2    6.98    0.01    0.03    0.03 v input25/Z (BUF_X1)
                                         net25 (net)
                  0.01    0.00    0.03 v _4028_/A (CLKBUF_X3)
     5   23.51    0.02    0.05    0.08 v _4028_/Z (CLKBUF_X3)
                                         _0005_ (net)
                  0.02    0.00    0.08 v _4099_/A (CLKBUF_X3)
    10   25.15    0.02    0.05    0.14 v _4099_/Z (CLKBUF_X3)
                                         _0055_ (net)
                  0.02    0.00    0.14 v _4434_/A1 (AND2_X1)
     1    3.50    0.01    0.04    0.18 v _4434_/ZN (AND2_X1)
                                         _3321_ (net)
                  0.01    0.00    0.18 v _7152_/B (FA_X1)
     1    2.25    0.01    0.12    0.30 ^ _7152_/S (FA_X1)
                                         _3324_ (net)
                  0.01    0.00    0.30 ^ _5777_/A (INV_X1)
     1    3.85    0.01    0.01    0.31 v _5777_/ZN (INV_X1)
                                         _3399_ (net)
                  0.01    0.00    0.31 v _7172_/A (FA_X1)
     1    1.60    0.01    0.07    0.38 v _7172_/CO (FA_X1)
                                         _3401_ (net)
                  0.01    0.00    0.38 v _5998_/A (INV_X1)
     1    3.20    0.01    0.02    0.40 ^ _5998_/ZN (INV_X1)
                                         _3414_ (net)
                  0.01    0.00    0.40 ^ _7175_/CI (FA_X1)
     1    4.74    0.02    0.10    0.49 v _7175_/S (FA_X1)
                                         _3416_ (net)
                  0.02    0.00    0.49 v _7186_/A (FA_X1)
     1    1.93    0.01    0.12    0.61 ^ _7186_/S (FA_X1)
                                         _3451_ (net)
                  0.01    0.00    0.61 ^ _5630_/A (INV_X1)
     1    3.76    0.01    0.01    0.62 v _5630_/ZN (INV_X1)
                                         _3502_ (net)
                  0.01    0.00    0.62 v _7199_/B (FA_X1)
     1    6.94    0.02    0.09    0.71 v _7199_/CO (FA_X1)
                                         _3480_ (net)
                  0.02    0.00    0.71 v _7194_/B (FA_X1)
     1    1.99    0.01    0.12    0.83 ^ _7194_/S (FA_X1)
                                         _3482_ (net)
                  0.01    0.00    0.83 ^ _5631_/A (INV_X1)
     1    3.56    0.01    0.01    0.84 v _5631_/ZN (INV_X1)
                                         _3506_ (net)
                  0.01    0.00    0.84 v _7200_/B (FA_X1)
     1    3.42    0.01    0.12    0.97 ^ _7200_/S (FA_X1)
                                         _3508_ (net)
                  0.01    0.00    0.97 ^ _7368_/A (HA_X1)
     2    5.76    0.04    0.07    1.03 ^ _7368_/S (HA_X1)
                                         _3949_ (net)
                  0.04    0.00    1.03 ^ _4495_/A (CLKBUF_X3)
    10   25.86    0.02    0.06    1.09 ^ _4495_/Z (CLKBUF_X3)
                                         _0179_ (net)
                  0.02    0.00    1.10 ^ _4597_/A2 (NAND4_X4)
     3    9.13    0.02    0.03    1.13 v _4597_/ZN (NAND4_X4)
                                         _0281_ (net)
                  0.02    0.00    1.13 v _4598_/A2 (OR2_X2)
     5   16.32    0.01    0.06    1.19 v _4598_/ZN (OR2_X2)
                                         _0282_ (net)
                  0.01    0.00    1.19 v _4666_/A3 (NOR3_X2)
     4    8.35    0.04    0.07    1.27 ^ _4666_/ZN (NOR3_X2)
                                         _0350_ (net)
                  0.04    0.00    1.27 ^ _4708_/A3 (NAND3_X1)
     1    1.57    0.01    0.03    1.29 v _4708_/ZN (NAND3_X1)
                                         _0392_ (net)
                  0.01    0.00    1.29 v _4709_/B3 (OAI33_X1)
     2    5.48    0.09    0.11    1.40 ^ _4709_/ZN (OAI33_X1)
                                         _0393_ (net)
                  0.09    0.00    1.40 ^ _4710_/B2 (OAI21_X2)
     3    9.50    0.03    0.04    1.44 v _4710_/ZN (OAI21_X2)
                                         _0394_ (net)
                  0.03    0.00    1.44 v _4738_/B2 (AOI21_X4)
     8   23.47    0.04    0.06    1.50 ^ _4738_/ZN (AOI21_X4)
                                         _0422_ (net)
                  0.04    0.00    1.51 ^ _4739_/A4 (NAND4_X4)
     9   34.19    0.05    0.06    1.57 v _4739_/ZN (NAND4_X4)
                                         _0423_ (net)
                  0.05    0.00    1.57 v _4921_/A2 (NOR3_X4)
     4   14.60    0.04    0.08    1.64 ^ _4921_/ZN (NOR3_X4)
                                         _0605_ (net)
                  0.04    0.00    1.64 ^ _4956_/B1 (AOI22_X2)
     2    4.88    0.02    0.03    1.68 v _4956_/ZN (AOI22_X2)
                                         _0640_ (net)
                  0.02    0.00    1.68 v _4957_/A2 (AND2_X2)
     3   11.28    0.01    0.04    1.72 v _4957_/ZN (AND2_X2)
                                         _0641_ (net)
                  0.01    0.00    1.72 v _4958_/A (INV_X4)
     7   24.30    0.02    0.02    1.74 ^ _4958_/ZN (INV_X4)
                                         _0642_ (net)
                  0.02    0.00    1.74 ^ _4959_/A (BUF_X4)
    10   37.39    0.02    0.04    1.79 ^ _4959_/Z (BUF_X4)
                                         _0643_ (net)
                  0.02    0.00    1.79 ^ _4960_/A (BUF_X4)
    10   28.81    0.02    0.04    1.82 ^ _4960_/Z (BUF_X4)
                                         _0644_ (net)
                  0.02    0.00    1.83 ^ _4961_/A (BUF_X4)
    10   35.32    0.02    0.04    1.87 ^ _4961_/Z (BUF_X4)
                                         _0645_ (net)
                  0.02    0.00    1.87 ^ _4962_/A (BUF_X4)
    10   32.35    0.02    0.04    1.91 ^ _4962_/Z (BUF_X4)
                                         _3980_ (net)
                  0.02    0.01    1.91 ^ _5233_/A2 (NOR3_X1)
     1    1.65    0.01    0.01    1.92 v _5233_/ZN (NOR3_X1)
                                         _0913_ (net)
                  0.01    0.00    1.92 v _5234_/B1 (AOI22_X1)
     1    2.72    0.03    0.05    1.97 ^ _5234_/ZN (AOI22_X1)
                                         _0914_ (net)
                  0.03    0.00    1.97 ^ _5236_/B1 (OAI221_X1)
     1    2.11    0.02    0.03    2.00 v _5236_/ZN (OAI221_X1)
                                         _0916_ (net)
                  0.02    0.00    2.00 v _5237_/A3 (NAND3_X1)
     2    3.77    0.02    0.03    2.03 ^ _5237_/ZN (NAND3_X1)
                                         _0917_ (net)
                  0.02    0.00    2.03 ^ _5238_/A3 (NAND3_X1)
     1    1.61    0.01    0.02    2.05 v _5238_/ZN (NAND3_X1)
                                         _0918_ (net)
                  0.01    0.00    2.05 v _5239_/A2 (NAND2_X1)
     1    1.95    0.01    0.02    2.07 ^ _5239_/ZN (NAND2_X1)
                                         _0919_ (net)
                  0.01    0.00    2.07 ^ _5342_/A (OAI21_X1)
     1    1.59    0.01    0.02    2.09 v _5342_/ZN (OAI21_X1)
                                         _1022_ (net)
                  0.01    0.00    2.09 v _5343_/B2 (AOI21_X1)
     1    3.82    0.03    0.04    2.13 ^ _5343_/ZN (AOI21_X1)
                                         _3968_ (net)
                  0.03    0.00    2.13 ^ _7377_/B (HA_X1)
     3    6.75    0.02    0.05    2.18 ^ _7377_/CO (HA_X1)
                                         _3969_ (net)
                  0.02    0.00    2.18 ^ _7378_/A (HA_X1)
     2    9.25    0.02    0.05    2.24 ^ _7378_/CO (HA_X1)
                                         _3972_ (net)
                  0.02    0.00    2.24 ^ _6218_/A (OAI211_X4)
     6   14.36    0.02    0.04    2.27 v _6218_/ZN (OAI211_X4)
                                         _1104_ (net)
                  0.02    0.00    2.28 v _6315_/A1 (NOR3_X4)
     7   18.83    0.05    0.06    2.34 ^ _6315_/ZN (NOR3_X4)
                                         _1201_ (net)
                  0.05    0.00    2.34 ^ _6521_/A1 (NAND4_X4)
     7   16.91    0.03    0.05    2.38 v _6521_/ZN (NAND4_X4)
                                         _1407_ (net)
                  0.03    0.00    2.39 v _6522_/A (CLKBUF_X3)
    10   17.92    0.02    0.05    2.44 v _6522_/Z (CLKBUF_X3)
                                         _1408_ (net)
                  0.02    0.00    2.44 v _6523_/A (INV_X1)
     1    3.56    0.01    0.02    2.46 ^ _6523_/ZN (INV_X1)
                                         _3984_ (net)
                  0.01    0.00    2.46 ^ _7382_/B (HA_X1)
     2    4.84    0.01    0.04    2.50 ^ _7382_/CO (HA_X1)
                                         _3985_ (net)
                  0.01    0.00    2.50 ^ _6654_/A1 (AND3_X1)
     2    5.10    0.02    0.05    2.56 ^ _6654_/ZN (AND3_X1)
                                         _1478_ (net)
                  0.02    0.00    2.56 ^ _6660_/A3 (NAND3_X1)
     2    4.06    0.02    0.03    2.59 v _6660_/ZN (NAND3_X1)
                                         _1482_ (net)
                  0.02    0.00    2.59 v _6675_/A2 (NOR3_X1)
     1    2.48    0.03    0.05    2.64 ^ _6675_/ZN (NOR3_X1)
                                         _1494_ (net)
                  0.03    0.00    2.64 ^ _6678_/A (XNOR2_X1)
     1    2.70    0.02    0.05    2.69 ^ _6678_/ZN (XNOR2_X1)
                                         _1497_ (net)
                  0.02    0.00    2.69 ^ _6679_/B (XNOR2_X1)
     1    2.68    0.02    0.04    2.73 ^ _6679_/ZN (XNOR2_X1)
                                         _1498_ (net)
                  0.02    0.00    2.73 ^ _6680_/B (XNOR2_X1)
     1    2.72    0.02    0.04    2.78 ^ _6680_/ZN (XNOR2_X1)
                                         _1499_ (net)
                  0.02    0.00    2.78 ^ _6681_/B (XNOR2_X1)
     1    2.26    0.02    0.04    2.82 ^ _6681_/ZN (XNOR2_X1)
                                         _1500_ (net)
                  0.02    0.00    2.82 ^ _6682_/A2 (NOR2_X1)
     1    0.98    0.01    0.01    2.83 v _6682_/ZN (NOR2_X1)
                                         net71 (net)
                  0.01    0.00    2.83 v output71/A (BUF_X1)
     1    0.42    0.00    0.02    2.85 v output71/Z (BUF_X1)
                                         out29299[30] (net)
                  0.00    0.00    2.85 v out29299[30] (out)
                                  2.85   data arrival time
-----------------------------------------------------------------------------
(Path is unconstrained)



==========================================================================
finish report_check_types -max_slew -max_cap -max_fanout -violators
--------------------------------------------------------------------------

==========================================================================
finish max_slew_check_slack
--------------------------------------------------------------------------
0.07255082577466965

==========================================================================
finish max_slew_check_limit
--------------------------------------------------------------------------
0.1985349953174591

==========================================================================
finish max_slew_check_slack_limit
--------------------------------------------------------------------------
0.3654

==========================================================================
finish max_fanout_check_slack
--------------------------------------------------------------------------
1.0000000150474662e+30

==========================================================================
finish max_fanout_check_limit
--------------------------------------------------------------------------
1.0000000150474662e+30

==========================================================================
finish max_capacitance_check_slack
--------------------------------------------------------------------------
0.47781550884246826

==========================================================================
finish max_capacitance_check_limit
--------------------------------------------------------------------------
11.482199668884277

==========================================================================
finish max_capacitance_check_slack_limit
--------------------------------------------------------------------------
0.0416

==========================================================================
finish max_slew_violation_count
--------------------------------------------------------------------------
max slew violation count 0

==========================================================================
finish max_fanout_violation_count
--------------------------------------------------------------------------
max fanout violation count 0

==========================================================================
finish max_cap_violation_count
--------------------------------------------------------------------------
max cap violation count 0

==========================================================================
finish setup_violation_count
--------------------------------------------------------------------------
setup violation count 0

==========================================================================
finish hold_violation_count
--------------------------------------------------------------------------
hold violation count 0

==========================================================================
finish critical path delay
--------------------------------------------------------------------------
-1

==========================================================================
finish critical path slack
--------------------------------------------------------------------------
0

==========================================================================
finish slack div critical path delay
--------------------------------------------------------------------------
0.000000

==========================================================================
finish report_power
--------------------------------------------------------------------------
Group                  Internal  Switching    Leakage      Total
                          Power      Power      Power      Power (Watts)
----------------------------------------------------------------
Sequential             0.00e+00   0.00e+00   0.00e+00   0.00e+00   0.0%
Combinational          6.34e-02   6.99e-02   1.49e-04   1.33e-01 100.0%
Clock                  0.00e+00   0.00e+00   0.00e+00   0.00e+00   0.0%
Macro                  0.00e+00   0.00e+00   0.00e+00   0.00e+00   0.0%
Pad                    0.00e+00   0.00e+00   0.00e+00   0.00e+00   0.0%
----------------------------------------------------------------
Total                  6.34e-02   6.99e-02   1.49e-04   1.33e-01 100.0%
                          47.5%      52.4%       0.1%
