
==========================================================================
finish report_tns
--------------------------------------------------------------------------
tns 0.00

==========================================================================
finish report_wns
--------------------------------------------------------------------------
wns 0.00

==========================================================================
finish report_worst_slack
--------------------------------------------------------------------------
worst slack INF

==========================================================================
finish report_clock_skew
--------------------------------------------------------------------------
Clock clk
No launch/capture paths found.


==========================================================================
finish report_checks -path_delay min
--------------------------------------------------------------------------
No paths found.

==========================================================================
finish report_checks -path_delay max
--------------------------------------------------------------------------
No paths found.

==========================================================================
finish report_checks -unconstrained
--------------------------------------------------------------------------
Startpoint: float_a[2] (input port)
Endpoint: out1977[6] (output port)
Path Group: unconstrained
Path Type: max

Fanout     Cap    Slew   Delay    Time   Description
-----------------------------------------------------------------------------
                          0.00    0.00 ^ input external delay
     1    1.84    0.00    0.00    0.00 ^ float_a[2] (in)
                                         float_a[2] (net)
                  0.00    0.00    0.00 ^ input3/A (BUF_X1)
     3    8.77    0.02    0.04    0.04 ^ input3/Z (BUF_X1)
                                         net3 (net)
                  0.02    0.00    0.04 ^ _180_/A2 (NAND2_X1)
     1    3.50    0.01    0.02    0.06 v _180_/ZN (NAND2_X1)
                                         _056_ (net)
                  0.01    0.00    0.06 v _245_/B (FA_X1)
     1    3.86    0.02    0.10    0.16 v _245_/S (FA_X1)
                                         _059_ (net)
                  0.02    0.00    0.16 v _246_/B (FA_X1)
     1    1.81    0.01    0.12    0.28 ^ _246_/S (FA_X1)
                                         _063_ (net)
                  0.01    0.00    0.28 ^ _186_/A (INV_X1)
     1    3.57    0.01    0.01    0.29 v _186_/ZN (INV_X1)
                                         _102_ (net)
                  0.01    0.00    0.29 v _255_/B (HA_X1)
     3   10.83    0.01    0.04    0.33 v _255_/CO (HA_X1)
                                         _077_ (net)
                  0.01    0.00    0.33 v _250_/A (FA_X1)
     4    6.40    0.02    0.09    0.42 v _250_/CO (FA_X1)
                                         _080_ (net)
                  0.02    0.00    0.42 v _163_/A3 (OR4_X1)
     2    3.90    0.02    0.12    0.54 v _163_/ZN (OR4_X1)
                                         _016_ (net)
                  0.02    0.00    0.54 v _172_/A2 (OR2_X2)
     4   10.96    0.01    0.06    0.60 v _172_/ZN (OR2_X2)
                                         _087_ (net)
                  0.01    0.00    0.60 v _206_/S (MUX2_X1)
     1    1.05    0.01    0.05    0.65 ^ _206_/Z (MUX2_X1)
                                         _032_ (net)
                  0.01    0.00    0.65 ^ _208_/A (MUX2_X1)
     1    3.58    0.01    0.04    0.69 ^ _208_/Z (MUX2_X1)
                                         _120_ (net)
                  0.01    0.00    0.69 ^ _261_/B (HA_X1)
     2    4.75    0.01    0.04    0.73 ^ _261_/CO (HA_X1)
                                         _121_ (net)
                  0.01    0.00    0.73 ^ _262_/B (HA_X1)
     2    3.73    0.01    0.04    0.77 ^ _262_/CO (HA_X1)
                                         _124_ (net)
                  0.01    0.00    0.77 ^ _210_/A (INV_X1)
     2    4.23    0.01    0.01    0.78 v _210_/ZN (INV_X1)
                                         _035_ (net)
                  0.01    0.00    0.78 v _211_/A3 (OR4_X1)
     1    3.47    0.02    0.12    0.90 v _211_/ZN (OR4_X1)
                                         _036_ (net)
                  0.02    0.00    0.90 v _215_/A2 (OAI22_X2)
     3    5.85    0.04    0.04    0.94 ^ _215_/ZN (OAI22_X2)
                                         _040_ (net)
                  0.04    0.00    0.94 ^ _216_/A (INV_X1)
     2    4.65    0.01    0.02    0.96 v _216_/ZN (INV_X1)
                                         _127_ (net)
                  0.01    0.00    0.96 v _263_/B (HA_X1)
     1    2.87    0.01    0.06    1.02 v _263_/S (HA_X1)
                                         _084_ (net)
                  0.01    0.00    1.02 v _251_/CI (FA_X1)
     1    2.00    0.01    0.07    1.09 v _251_/CO (FA_X1)
                                         _085_ (net)
                  0.01    0.00    1.09 v _219_/A (INV_X1)
     1    3.72    0.01    0.02    1.11 ^ _219_/ZN (INV_X1)
                                         _133_ (net)
                  0.01    0.00    1.11 ^ _265_/B (HA_X1)
     1    1.79    0.01    0.03    1.14 ^ _265_/CO (HA_X1)
                                         _134_ (net)
                  0.01    0.00    1.14 ^ _222_/A (INV_X1)
     1    2.97    0.00    0.01    1.15 v _222_/ZN (INV_X1)
                                         _098_ (net)
                  0.00    0.00    1.15 v _254_/CI (FA_X1)
     1    2.47    0.01    0.07    1.22 v _254_/CO (FA_X1)
                                         _099_ (net)
                  0.01    0.00    1.22 v _238_/B (XOR2_X1)
     1    2.94    0.01    0.06    1.28 v _238_/Z (XOR2_X1)
                                         _050_ (net)
                  0.01    0.00    1.28 v _240_/A (XNOR2_X1)
     1    2.76    0.01    0.04    1.32 v _240_/ZN (XNOR2_X1)
                                         _052_ (net)
                  0.01    0.00    1.32 v _241_/B (XNOR2_X1)
     1    1.62    0.01    0.04    1.36 v _241_/ZN (XNOR2_X1)
                                         _053_ (net)
                  0.01    0.00    1.36 v _242_/A2 (NOR2_X1)
     1    1.10    0.01    0.03    1.38 ^ _242_/ZN (NOR2_X1)
                                         net23 (net)
                  0.01    0.00    1.38 ^ output23/A (BUF_X1)
     1    0.91    0.01    0.02    1.40 ^ output23/Z (BUF_X1)
                                         out1977[6] (net)
                  0.01    0.00    1.40 ^ out1977[6] (out)
                                  1.40   data arrival time
-----------------------------------------------------------------------------
(Path is unconstrained)



==========================================================================
finish report_check_types -max_slew -max_cap -max_fanout -violators
--------------------------------------------------------------------------

==========================================================================
finish max_slew_check_slack
--------------------------------------------------------------------------
0.14604075253009796

==========================================================================
finish max_slew_check_limit
--------------------------------------------------------------------------
0.1985349953174591

==========================================================================
finish max_slew_check_slack_limit
--------------------------------------------------------------------------
0.7356

==========================================================================
finish max_fanout_check_slack
--------------------------------------------------------------------------
1.0000000150474662e+30

==========================================================================
finish max_fanout_check_limit
--------------------------------------------------------------------------
1.0000000150474662e+30

==========================================================================
finish max_capacitance_check_slack
--------------------------------------------------------------------------
8.569816589355469

==========================================================================
finish max_capacitance_check_limit
--------------------------------------------------------------------------
10.47130012512207

==========================================================================
finish max_capacitance_check_slack_limit
--------------------------------------------------------------------------
0.8184

==========================================================================
finish max_slew_violation_count
--------------------------------------------------------------------------
max slew violation count 0

==========================================================================
finish max_fanout_violation_count
--------------------------------------------------------------------------
max fanout violation count 0

==========================================================================
finish max_cap_violation_count
--------------------------------------------------------------------------
max cap violation count 0

==========================================================================
finish setup_violation_count
--------------------------------------------------------------------------
setup violation count 0

==========================================================================
finish hold_violation_count
--------------------------------------------------------------------------
hold violation count 0

==========================================================================
finish critical path delay
--------------------------------------------------------------------------
-1

==========================================================================
finish critical path slack
--------------------------------------------------------------------------
0

==========================================================================
finish slack div critical path delay
--------------------------------------------------------------------------
0.000000

==========================================================================
finish report_power
--------------------------------------------------------------------------
Group                  Internal  Switching    Leakage      Total
                          Power      Power      Power      Power (Watts)
----------------------------------------------------------------
Sequential             0.00e+00   0.00e+00   0.00e+00   0.00e+00   0.0%
Combinational          2.35e-04   1.70e-04   4.97e-06   4.09e-04 100.0%
Clock                  0.00e+00   0.00e+00   0.00e+00   0.00e+00   0.0%
Macro                  0.00e+00   0.00e+00   0.00e+00   0.00e+00   0.0%
Pad                    0.00e+00   0.00e+00   0.00e+00   0.00e+00   0.0%
----------------------------------------------------------------
Total                  2.35e-04   1.70e-04   4.97e-06   4.09e-04 100.0%
                          57.3%      41.5%       1.2%
