
==========================================================================
finish report_tns
--------------------------------------------------------------------------
tns 0.00

==========================================================================
finish report_wns
--------------------------------------------------------------------------
wns 0.00

==========================================================================
finish report_worst_slack
--------------------------------------------------------------------------
worst slack INF

==========================================================================
finish report_clock_skew
--------------------------------------------------------------------------
Clock clk
No launch/capture paths found.


==========================================================================
finish report_checks -path_delay min
--------------------------------------------------------------------------
No paths found.

==========================================================================
finish report_checks -path_delay max
--------------------------------------------------------------------------
No paths found.

==========================================================================
finish report_checks -unconstrained
--------------------------------------------------------------------------
Startpoint: float_b[2] (input port)
Endpoint: out2968[6] (output port)
Path Group: unconstrained
Path Type: max

Fanout     Cap    Slew   Delay    Time   Description
-----------------------------------------------------------------------------
                          0.00    0.00 ^ input external delay
     1    1.86    0.00    0.00    0.00 ^ float_b[2] (in)
                                         float_b[2] (net)
                  0.00    0.00    0.00 ^ input11/A (BUF_X1)
     3    9.43    0.02    0.04    0.04 ^ input11/Z (BUF_X1)
                                         net11 (net)
                  0.02    0.00    0.04 ^ _363_/B (HA_X1)
     3   11.87    0.03    0.06    0.10 ^ _363_/CO (HA_X1)
                                         _152_ (net)
                  0.03    0.00    0.10 ^ _207_/A (INV_X4)
     6   23.27    0.01    0.02    0.12 v _207_/ZN (INV_X4)
                                         _120_ (net)
                  0.01    0.00    0.12 v _355_/CI (FA_X1)
     2    4.75    0.02    0.08    0.19 v _355_/CO (FA_X1)
                                         _121_ (net)
                  0.02    0.00    0.19 v _356_/CI (FA_X1)
     1    2.10    0.01    0.11    0.31 ^ _356_/S (FA_X1)
                                         _126_ (net)
                  0.01    0.00    0.31 ^ _302_/A (INV_X1)
     1    3.43    0.01    0.01    0.32 v _302_/ZN (INV_X1)
                                         _158_ (net)
                  0.01    0.00    0.32 v _365_/B (HA_X1)
     1    3.16    0.01    0.06    0.38 v _365_/S (HA_X1)
                                         _160_ (net)
                  0.01    0.00    0.38 v _211_/A (BUF_X4)
     6   20.13    0.01    0.03    0.41 v _211_/Z (BUF_X4)
                                         _004_ (net)
                  0.01    0.00    0.41 v _217_/A1 (AND2_X1)
     1    3.07    0.01    0.03    0.44 v _217_/ZN (AND2_X1)
                                         _010_ (net)
                  0.01    0.00    0.44 v _218_/B2 (AOI221_X2)
     2   10.36    0.07    0.10    0.54 ^ _218_/ZN (AOI221_X2)
                                         _011_ (net)
                  0.07    0.00    0.54 ^ _219_/B (XOR2_X2)
     4   19.50    0.06    0.10    0.64 ^ _219_/Z (XOR2_X2)
                                         _012_ (net)
                  0.06    0.00    0.64 ^ _230_/B1 (AOI22_X4)
     7   16.94    0.03    0.04    0.68 v _230_/ZN (AOI22_X4)
                                         _179_ (net)
                  0.03    0.00    0.68 v _255_/S (MUX2_X1)
     2    3.77    0.01    0.06    0.74 ^ _255_/Z (MUX2_X1)
                                         _047_ (net)
                  0.01    0.00    0.74 ^ _263_/B3 (OAI33_X1)
     1    1.70    0.02    0.03    0.77 v _263_/ZN (OAI33_X1)
                                         _054_ (net)
                  0.02    0.00    0.77 v _264_/A3 (NOR3_X1)
     1    4.22    0.04    0.07    0.84 ^ _264_/ZN (NOR3_X1)
                                         _166_ (net)
                  0.04    0.00    0.84 ^ _369_/A (HA_X1)
     2    5.15    0.02    0.05    0.89 ^ _369_/CO (HA_X1)
                                         _168_ (net)
                  0.02    0.00    0.89 ^ _370_/A (HA_X1)
     1    1.78    0.01    0.03    0.92 ^ _370_/CO (HA_X1)
                                         _171_ (net)
                  0.01    0.00    0.92 ^ _285_/A (INV_X1)
     3    7.32    0.01    0.02    0.94 v _285_/ZN (INV_X1)
                                         _058_ (net)
                  0.01    0.00    0.94 v _298_/A (AOI21_X2)
     3    7.96    0.03    0.05    0.99 ^ _298_/ZN (AOI21_X2)
                                         _182_ (net)
                  0.03    0.00    0.99 ^ _374_/A (HA_X1)
     2    5.41    0.02    0.05    1.04 ^ _374_/CO (HA_X1)
                                         _184_ (net)
                  0.02    0.00    1.04 ^ _342_/A2 (NAND3_X1)
     1    2.69    0.01    0.03    1.06 v _342_/ZN (NAND3_X1)
                                         _098_ (net)
                  0.01    0.00    1.06 v _343_/B (XOR2_X1)
     1    2.34    0.01    0.06    1.12 v _343_/Z (XOR2_X1)
                                         _099_ (net)
                  0.01    0.00    1.12 v _346_/A (XNOR2_X1)
     1    2.49    0.01    0.04    1.16 v _346_/ZN (XNOR2_X1)
                                         _102_ (net)
                  0.01    0.00    1.16 v _347_/B (XNOR2_X1)
     1    2.45    0.01    0.04    1.20 v _347_/ZN (XNOR2_X1)
                                         _103_ (net)
                  0.01    0.00    1.20 v _348_/B (XNOR2_X1)
     1    0.96    0.01    0.04    1.24 v _348_/ZN (XNOR2_X1)
                                         _104_ (net)
                  0.01    0.00    1.24 v _349_/A2 (AND2_X1)
     1    1.02    0.01    0.03    1.27 v _349_/ZN (AND2_X1)
                                         net23 (net)
                  0.01    0.00    1.27 v output23/A (BUF_X1)
     1    0.84    0.00    0.02    1.29 v output23/Z (BUF_X1)
                                         out2968[6] (net)
                  0.00    0.00    1.29 v out2968[6] (out)
                                  1.29   data arrival time
-----------------------------------------------------------------------------
(Path is unconstrained)



==========================================================================
finish report_check_types -max_slew -max_cap -max_fanout -violators
--------------------------------------------------------------------------

==========================================================================
finish max_slew_check_slack
--------------------------------------------------------------------------
0.12283515930175781

==========================================================================
finish max_slew_check_limit
--------------------------------------------------------------------------
0.1985349953174591

==========================================================================
finish max_slew_check_slack_limit
--------------------------------------------------------------------------
0.6187

==========================================================================
finish max_fanout_check_slack
--------------------------------------------------------------------------
1.0000000150474662e+30

==========================================================================
finish max_fanout_check_limit
--------------------------------------------------------------------------
1.0000000150474662e+30

==========================================================================
finish max_capacitance_check_slack
--------------------------------------------------------------------------
8.475423812866211

==========================================================================
finish max_capacitance_check_limit
--------------------------------------------------------------------------
10.47130012512207

==========================================================================
finish max_capacitance_check_slack_limit
--------------------------------------------------------------------------
0.8094

==========================================================================
finish max_slew_violation_count
--------------------------------------------------------------------------
max slew violation count 0

==========================================================================
finish max_fanout_violation_count
--------------------------------------------------------------------------
max fanout violation count 0

==========================================================================
finish max_cap_violation_count
--------------------------------------------------------------------------
max cap violation count 0

==========================================================================
finish setup_violation_count
--------------------------------------------------------------------------
setup violation count 0

==========================================================================
finish hold_violation_count
--------------------------------------------------------------------------
hold violation count 0

==========================================================================
finish critical path delay
--------------------------------------------------------------------------
-1

==========================================================================
finish critical path slack
--------------------------------------------------------------------------
0

==========================================================================
finish slack div critical path delay
--------------------------------------------------------------------------
0.000000

==========================================================================
finish report_power
--------------------------------------------------------------------------
Group                  Internal  Switching    Leakage      Total
                          Power      Power      Power      Power (Watts)
----------------------------------------------------------------
Sequential             0.00e+00   0.00e+00   0.00e+00   0.00e+00   0.0%
Combinational          5.85e-04   4.63e-04   7.94e-06   1.06e-03 100.0%
Clock                  0.00e+00   0.00e+00   0.00e+00   0.00e+00   0.0%
Macro                  0.00e+00   0.00e+00   0.00e+00   0.00e+00   0.0%
Pad                    0.00e+00   0.00e+00   0.00e+00   0.00e+00   0.0%
----------------------------------------------------------------
Total                  5.85e-04   4.63e-04   7.94e-06   1.06e-03 100.0%
                          55.4%      43.8%       0.8%
