
==========================================================================
finish report_tns
--------------------------------------------------------------------------
tns 0.00

==========================================================================
finish report_wns
--------------------------------------------------------------------------
wns 0.00

==========================================================================
finish report_worst_slack
--------------------------------------------------------------------------
worst slack INF

==========================================================================
finish report_clock_skew
--------------------------------------------------------------------------
Clock clk
No launch/capture paths found.


==========================================================================
finish report_checks -path_delay min
--------------------------------------------------------------------------
No paths found.

==========================================================================
finish report_checks -path_delay max
--------------------------------------------------------------------------
No paths found.

==========================================================================
finish report_checks -unconstrained
--------------------------------------------------------------------------
Startpoint: mant_product[16] (input port)
Endpoint: out41894[0] (output port)
Path Group: unconstrained
Path Type: max

Fanout     Cap    Slew   Delay    Time   Description
-----------------------------------------------------------------------------
                          0.00    0.00 v input external delay
     1    1.65    0.00    0.00    0.00 v mant_product[16] (in)
                                         mant_product[16] (net)
                  0.00    0.00    0.00 v input15/A (BUF_X1)
     3    8.08    0.01    0.03    0.03 v input15/Z (BUF_X1)
                                         net15 (net)
                  0.01    0.00    0.03 v _130_/A4 (OR4_X2)
     2    7.80    0.02    0.12    0.15 v _130_/ZN (OR4_X2)
                                         _102_ (net)
                  0.02    0.00    0.15 v _131_/A3 (NOR3_X4)
     3   15.47    0.04    0.07    0.22 ^ _131_/ZN (NOR3_X4)
                                         _103_ (net)
                  0.04    0.00    0.22 ^ _132_/A4 (NAND4_X4)
     4   16.58    0.02    0.05    0.27 v _132_/ZN (NAND4_X4)
                                         _104_ (net)
                  0.02    0.00    0.27 v _140_/A1 (OR2_X1)
     3    7.96    0.02    0.06    0.33 v _140_/ZN (OR2_X1)
                                         _112_ (net)
                  0.02    0.00    0.33 v _191_/B2 (OAI221_X2)
     1    5.19    0.04    0.06    0.39 ^ _191_/ZN (OAI221_X2)
                                         net56 (net)
                  0.04    0.00    0.39 ^ output56/A (BUF_X1)
     1    0.95    0.01    0.03    0.42 ^ output56/Z (BUF_X1)
                                         out41894[0] (net)
                  0.01    0.00    0.42 ^ out41894[0] (out)
                                  0.42   data arrival time
-----------------------------------------------------------------------------
(Path is unconstrained)



==========================================================================
finish report_check_types -max_slew -max_cap -max_fanout -violators
--------------------------------------------------------------------------

==========================================================================
finish max_slew_check_slack
--------------------------------------------------------------------------
0.14040125906467438

==========================================================================
finish max_slew_check_limit
--------------------------------------------------------------------------
0.1985349953174591

==========================================================================
finish max_slew_check_slack_limit
--------------------------------------------------------------------------
0.7072

==========================================================================
finish max_fanout_check_slack
--------------------------------------------------------------------------
1.0000000150474662e+30

==========================================================================
finish max_fanout_check_limit
--------------------------------------------------------------------------
1.0000000150474662e+30

==========================================================================
finish max_capacitance_check_slack
--------------------------------------------------------------------------
12.467001914978027

==========================================================================
finish max_capacitance_check_limit
--------------------------------------------------------------------------
16.021699905395508

==========================================================================
finish max_capacitance_check_slack_limit
--------------------------------------------------------------------------
0.7781

==========================================================================
finish max_slew_violation_count
--------------------------------------------------------------------------
max slew violation count 0

==========================================================================
finish max_fanout_violation_count
--------------------------------------------------------------------------
max fanout violation count 0

==========================================================================
finish max_cap_violation_count
--------------------------------------------------------------------------
max cap violation count 0

==========================================================================
finish setup_violation_count
--------------------------------------------------------------------------
setup violation count 0

==========================================================================
finish hold_violation_count
--------------------------------------------------------------------------
hold violation count 0

==========================================================================
finish critical path delay
--------------------------------------------------------------------------
-1

==========================================================================
finish critical path slack
--------------------------------------------------------------------------
0

==========================================================================
finish slack div critical path delay
--------------------------------------------------------------------------
0.000000

==========================================================================
finish report_power
--------------------------------------------------------------------------
Group                  Internal  Switching    Leakage      Total
                          Power      Power      Power      Power (Watts)
----------------------------------------------------------------
Sequential             0.00e+00   0.00e+00   0.00e+00   0.00e+00   0.0%
Combinational          3.38e-05   3.99e-05   6.79e-06   8.04e-05 100.0%
Clock                  0.00e+00   0.00e+00   0.00e+00   0.00e+00   0.0%
Macro                  0.00e+00   0.00e+00   0.00e+00   0.00e+00   0.0%
Pad                    0.00e+00   0.00e+00   0.00e+00   0.00e+00   0.0%
----------------------------------------------------------------
Total                  3.38e-05   3.99e-05   6.79e-06   8.04e-05 100.0%
                          42.0%      49.5%       8.4%
