
==========================================================================
finish report_tns
--------------------------------------------------------------------------
tns 0.00

==========================================================================
finish report_wns
--------------------------------------------------------------------------
wns 0.00

==========================================================================
finish report_worst_slack
--------------------------------------------------------------------------
worst slack INF

==========================================================================
finish report_clock_skew
--------------------------------------------------------------------------
Clock clk
No launch/capture paths found.


==========================================================================
finish report_checks -path_delay min
--------------------------------------------------------------------------
No paths found.

==========================================================================
finish report_checks -path_delay max
--------------------------------------------------------------------------
No paths found.

==========================================================================
finish report_checks -unconstrained
--------------------------------------------------------------------------
Startpoint: leading_zeros[0] (input port)
Endpoint: out2426[3] (output port)
Path Group: unconstrained
Path Type: max

Fanout     Cap    Slew   Delay    Time   Description
-----------------------------------------------------------------------------
                          0.00    0.00 v input external delay
     1    1.96    0.00    0.00    0.00 v leading_zeros[0] (in)
                                         leading_zeros[0] (net)
                  0.00    0.00    0.00 v input1/A (BUF_X1)
     2    7.14    0.01    0.03    0.03 v input1/Z (BUF_X1)
                                         net1 (net)
                  0.01    0.00    0.03 v _071_/A (CLKBUF_X3)
     8   17.88    0.02    0.04    0.08 v _071_/Z (CLKBUF_X3)
                                         _003_ (net)
                  0.02    0.00    0.08 v _072_/S (MUX2_X1)
     1    1.09    0.01    0.05    0.13 ^ _072_/Z (MUX2_X1)
                                         _004_ (net)
                  0.01    0.00    0.13 ^ _073_/A2 (AND2_X1)
     1    1.14    0.01    0.03    0.16 ^ _073_/ZN (AND2_X1)
                                         _005_ (net)
                  0.01    0.00    0.16 ^ _080_/A (MUX2_X1)
     3    4.21    0.01    0.04    0.20 ^ _080_/Z (MUX2_X1)
                                         _012_ (net)
                  0.01    0.00    0.20 ^ _084_/A1 (NOR2_X1)
     1    3.41    0.01    0.01    0.21 v _084_/ZN (NOR2_X1)
                                         _016_ (net)
                  0.01    0.00    0.21 v _090_/A3 (NOR4_X2)
     1    3.56    0.04    0.08    0.29 ^ _090_/ZN (NOR4_X2)
                                         _055_ (net)
                  0.04    0.00    0.29 ^ _131_/B (HA_X1)
     2    4.64    0.01    0.05    0.34 ^ _131_/CO (HA_X1)
                                         _056_ (net)
                  0.01    0.00    0.34 ^ _132_/B (HA_X1)
     1    1.80    0.01    0.03    0.37 ^ _132_/CO (HA_X1)
                                         _059_ (net)
                  0.01    0.00    0.37 ^ _091_/A (INV_X1)
     3    4.00    0.01    0.01    0.38 v _091_/ZN (INV_X1)
                                         _022_ (net)
                  0.01    0.00    0.38 v _106_/A1 (OR3_X1)
     3    6.03    0.02    0.08    0.45 v _106_/ZN (OR3_X1)
                                         _047_ (net)
                  0.02    0.00    0.45 v _129_/CI (FA_X1)
     1    2.12    0.01    0.07    0.52 v _129_/CO (FA_X1)
                                         _048_ (net)
                  0.01    0.00    0.53 v _116_/A (INV_X1)
     1    3.48    0.01    0.02    0.54 ^ _116_/ZN (INV_X1)
                                         _066_ (net)
                  0.01    0.00    0.54 ^ _135_/A (HA_X1)
     1    3.53    0.01    0.04    0.58 ^ _135_/CO (HA_X1)
                                         _051_ (net)
                  0.01    0.00    0.58 ^ _130_/B (FA_X1)
     1    2.94    0.01    0.05    0.63 ^ _130_/CO (FA_X1)
                                         _053_ (net)
                  0.01    0.00    0.63 ^ _126_/B (XNOR2_X1)
     1    2.40    0.02    0.04    0.67 ^ _126_/ZN (XNOR2_X1)
                                         _045_ (net)
                  0.02    0.00    0.67 ^ _128_/A (XNOR2_X1)
     1    3.03    0.02    0.04    0.72 ^ _128_/ZN (XNOR2_X1)
                                         net21 (net)
                  0.02    0.00    0.72 ^ output21/A (BUF_X1)
     1    0.82    0.01    0.02    0.74 ^ output21/Z (BUF_X1)
                                         out2426[3] (net)
                  0.01    0.00    0.74 ^ out2426[3] (out)
                                  0.74   data arrival time
-----------------------------------------------------------------------------
(Path is unconstrained)



==========================================================================
finish report_check_types -max_slew -max_cap -max_fanout -violators
--------------------------------------------------------------------------

==========================================================================
finish max_slew_check_slack
--------------------------------------------------------------------------
0.15555214881896973

==========================================================================
finish max_slew_check_limit
--------------------------------------------------------------------------
0.1985349953174591

==========================================================================
finish max_slew_check_slack_limit
--------------------------------------------------------------------------
0.7835

==========================================================================
finish max_fanout_check_slack
--------------------------------------------------------------------------
1.0000000150474662e+30

==========================================================================
finish max_fanout_check_limit
--------------------------------------------------------------------------
1.0000000150474662e+30

==========================================================================
finish max_capacitance_check_slack
--------------------------------------------------------------------------
12.476129531860352

==========================================================================
finish max_capacitance_check_limit
--------------------------------------------------------------------------
16.021699905395508

==========================================================================
finish max_capacitance_check_slack_limit
--------------------------------------------------------------------------
0.7787

==========================================================================
finish max_slew_violation_count
--------------------------------------------------------------------------
max slew violation count 0

==========================================================================
finish max_fanout_violation_count
--------------------------------------------------------------------------
max fanout violation count 0

==========================================================================
finish max_cap_violation_count
--------------------------------------------------------------------------
max cap violation count 0

==========================================================================
finish setup_violation_count
--------------------------------------------------------------------------
setup violation count 0

==========================================================================
finish hold_violation_count
--------------------------------------------------------------------------
hold violation count 0

==========================================================================
finish critical path delay
--------------------------------------------------------------------------
-1

==========================================================================
finish critical path slack
--------------------------------------------------------------------------
0

==========================================================================
finish slack div critical path delay
--------------------------------------------------------------------------
0.000000

==========================================================================
finish report_power
--------------------------------------------------------------------------
Group                  Internal  Switching    Leakage      Total
                          Power      Power      Power      Power (Watts)
----------------------------------------------------------------
Sequential             0.00e+00   0.00e+00   0.00e+00   0.00e+00   0.0%
Combinational          5.33e-05   4.09e-05   2.82e-06   9.70e-05 100.0%
Clock                  0.00e+00   0.00e+00   0.00e+00   0.00e+00   0.0%
Macro                  0.00e+00   0.00e+00   0.00e+00   0.00e+00   0.0%
Pad                    0.00e+00   0.00e+00   0.00e+00   0.00e+00   0.0%
----------------------------------------------------------------
Total                  5.33e-05   4.09e-05   2.82e-06   9.70e-05 100.0%
                          55.0%      42.1%       2.9%
