#-----------------------------------------------------------
# Vivado v2024.2 (64-bit)
# SW Build 5239630 on Fri Nov 08 22:35:27 MST 2024
# IP Build 5239520 on Sun Nov 10 16:12:51 MST 2024
# SharedData Build 5239561 on Fri Nov 08 14:39:27 MST 2024
# Start of session at: Tue Dec  3 13:26:47 2024
# Process ID         : 31340
# Current directory  : C:/Users/lukas/Documents/Vivado/ipGeneratorProject/ipGeneratorProject.runs/synth_1
# Command line       : vivado.exe -log bf16_adder.vds -product Vivado -mode batch -messageDb vivado.pb -notrace -source bf16_adder.tcl
# Log file           : C:/Users/lukas/Documents/Vivado/ipGeneratorProject/ipGeneratorProject.runs/synth_1/bf16_adder.vds
# Journal file       : C:/Users/lukas/Documents/Vivado/ipGeneratorProject/ipGeneratorProject.runs/synth_1\vivado.jou
# Running On         : Weiss
# Platform           : Windows Server 2016 or Windows 10
# Operating System   : 19045
# Processor Detail   : AMD Ryzen 7 3700X 8-Core Processor             
# CPU Frequency      : 4050 MHz
# CPU Physical cores : 8
# CPU Logical cores  : 16
# Host memory        : 17086 MB
# Swap memory        : 21474 MB
# Total Virtual      : 38560 MB
# Available Virtual  : 15588 MB
#-----------------------------------------------------------
source bf16_adder.tcl -notrace
